###############################################################################
#
# IAR ELF Linker V7.40.3.8902/W32 for ARM                 20/Aug/2019  11:53:42
# Copyright 2007-2015 IAR Systems AB.
#
#    Output file  =  
#        D:\Projects\Promet-S\Eth427\EWARM\PrometS-Eth427_bak\Exe\PrometS-Eth427_bak.out
#    Map file     =  
#        D:\Projects\Promet-S\Eth427\EWARM\PrometS-Eth427_bak/List\PrometS-Eth427_bak.map
#    Command line =  
#        D:\Projects\Promet-S\Eth427\EWARM\PrometS-Eth427_bak\Obj\api_lib.o
#        D:\Projects\Promet-S\Eth427\EWARM\PrometS-Eth427_bak\Obj\api_msg.o
#        D:\Projects\Promet-S\Eth427\EWARM\PrometS-Eth427_bak\Obj\auth.o
#        D:\Projects\Promet-S\Eth427\EWARM\PrometS-Eth427_bak\Obj\autoip.o
#        D:\Projects\Promet-S\Eth427\EWARM\PrometS-Eth427_bak\Obj\ccp.o
#        D:\Projects\Promet-S\Eth427\EWARM\PrometS-Eth427_bak\Obj\chap-md5.o
#        D:\Projects\Promet-S\Eth427\EWARM\PrometS-Eth427_bak\Obj\chap-new.o
#        D:\Projects\Promet-S\Eth427\EWARM\PrometS-Eth427_bak\Obj\chap_ms.o
#        D:\Projects\Promet-S\Eth427\EWARM\PrometS-Eth427_bak\Obj\cmsis_os.o
#        D:\Projects\Promet-S\Eth427\EWARM\PrometS-Eth427_bak\Obj\croutine.o
#        D:\Projects\Promet-S\Eth427\EWARM\PrometS-Eth427_bak\Obj\def.o
#        D:\Projects\Promet-S\Eth427\EWARM\PrometS-Eth427_bak\Obj\demand.o
#        D:\Projects\Promet-S\Eth427\EWARM\PrometS-Eth427_bak\Obj\dhcp.o
#        D:\Projects\Promet-S\Eth427\EWARM\PrometS-Eth427_bak\Obj\dhcp6.o
#        D:\Projects\Promet-S\Eth427\EWARM\PrometS-Eth427_bak\Obj\dns.o
#        D:\Projects\Promet-S\Eth427\EWARM\PrometS-Eth427_bak\Obj\eap.o
#        D:\Projects\Promet-S\Eth427\EWARM\PrometS-Eth427_bak\Obj\ecp.o
#        D:\Projects\Promet-S\Eth427\EWARM\PrometS-Eth427_bak\Obj\err.o
#        D:\Projects\Promet-S\Eth427\EWARM\PrometS-Eth427_bak\Obj\etharp.o
#        D:\Projects\Promet-S\Eth427\EWARM\PrometS-Eth427_bak\Obj\ethernet.o
#        D:\Projects\Promet-S\Eth427\EWARM\PrometS-Eth427_bak\Obj\ethernetif.o
#        D:\Projects\Promet-S\Eth427\EWARM\PrometS-Eth427_bak\Obj\ethip6.o
#        D:\Projects\Promet-S\Eth427\EWARM\PrometS-Eth427_bak\Obj\eui64.o
#        D:\Projects\Promet-S\Eth427\EWARM\PrometS-Eth427_bak\Obj\event_groups.o
#        D:\Projects\Promet-S\Eth427\EWARM\PrometS-Eth427_bak\Obj\fmc.o
#        D:\Projects\Promet-S\Eth427\EWARM\PrometS-Eth427_bak\Obj\freertos.o
#        D:\Projects\Promet-S\Eth427\EWARM\PrometS-Eth427_bak\Obj\fsm.o
#        D:\Projects\Promet-S\Eth427\EWARM\PrometS-Eth427_bak\Obj\gpio.o
#        D:\Projects\Promet-S\Eth427\EWARM\PrometS-Eth427_bak\Obj\heap_4.o
#        D:\Projects\Promet-S\Eth427\EWARM\PrometS-Eth427_bak\Obj\icmp.o
#        D:\Projects\Promet-S\Eth427\EWARM\PrometS-Eth427_bak\Obj\icmp6.o
#        D:\Projects\Promet-S\Eth427\EWARM\PrometS-Eth427_bak\Obj\igmp.o
#        D:\Projects\Promet-S\Eth427\EWARM\PrometS-Eth427_bak\Obj\inet6.o
#        D:\Projects\Promet-S\Eth427\EWARM\PrometS-Eth427_bak\Obj\inet_chksum.o
#        D:\Projects\Promet-S\Eth427\EWARM\PrometS-Eth427_bak\Obj\init.o
#        D:\Projects\Promet-S\Eth427\EWARM\PrometS-Eth427_bak\Obj\ip.o
#        D:\Projects\Promet-S\Eth427\EWARM\PrometS-Eth427_bak\Obj\ip4.o
#        D:\Projects\Promet-S\Eth427\EWARM\PrometS-Eth427_bak\Obj\ip4_addr.o
#        D:\Projects\Promet-S\Eth427\EWARM\PrometS-Eth427_bak\Obj\ip4_frag.o
#        D:\Projects\Promet-S\Eth427\EWARM\PrometS-Eth427_bak\Obj\ip6.o
#        D:\Projects\Promet-S\Eth427\EWARM\PrometS-Eth427_bak\Obj\ip6_addr.o
#        D:\Projects\Promet-S\Eth427\EWARM\PrometS-Eth427_bak\Obj\ip6_frag.o
#        D:\Projects\Promet-S\Eth427\EWARM\PrometS-Eth427_bak\Obj\ipcp.o
#        D:\Projects\Promet-S\Eth427\EWARM\PrometS-Eth427_bak\Obj\ipv6cp.o
#        D:\Projects\Promet-S\Eth427\EWARM\PrometS-Eth427_bak\Obj\lcp.o
#        D:\Projects\Promet-S\Eth427\EWARM\PrometS-Eth427_bak\Obj\list.o
#        D:\Projects\Promet-S\Eth427\EWARM\PrometS-Eth427_bak\Obj\lowpan6.o
#        D:\Projects\Promet-S\Eth427\EWARM\PrometS-Eth427_bak\Obj\lwip.o
#        D:\Projects\Promet-S\Eth427\EWARM\PrometS-Eth427_bak\Obj\magic.o
#        D:\Projects\Promet-S\Eth427\EWARM\PrometS-Eth427_bak\Obj\main.o
#        D:\Projects\Promet-S\Eth427\EWARM\PrometS-Eth427_bak\Obj\mem.o
#        D:\Projects\Promet-S\Eth427\EWARM\PrometS-Eth427_bak\Obj\memp.o
#        D:\Projects\Promet-S\Eth427\EWARM\PrometS-Eth427_bak\Obj\mld6.o
#        D:\Projects\Promet-S\Eth427\EWARM\PrometS-Eth427_bak\Obj\mppe.o
#        D:\Projects\Promet-S\Eth427\EWARM\PrometS-Eth427_bak\Obj\mqtt.o
#        D:\Projects\Promet-S\Eth427\EWARM\PrometS-Eth427_bak\Obj\multilink.o
#        D:\Projects\Promet-S\Eth427\EWARM\PrometS-Eth427_bak\Obj\nd6.o
#        D:\Projects\Promet-S\Eth427\EWARM\PrometS-Eth427_bak\Obj\netbuf.o
#        D:\Projects\Promet-S\Eth427\EWARM\PrometS-Eth427_bak\Obj\netdb.o
#        D:\Projects\Promet-S\Eth427\EWARM\PrometS-Eth427_bak\Obj\netif.o
#        D:\Projects\Promet-S\Eth427\EWARM\PrometS-Eth427_bak\Obj\netifapi.o
#        D:\Projects\Promet-S\Eth427\EWARM\PrometS-Eth427_bak\Obj\pbuf.o
#        D:\Projects\Promet-S\Eth427\EWARM\PrometS-Eth427_bak\Obj\port.o
#        D:\Projects\Promet-S\Eth427\EWARM\PrometS-Eth427_bak\Obj\portasm.o
#        D:\Projects\Promet-S\Eth427\EWARM\PrometS-Eth427_bak\Obj\ppp.o
#        D:\Projects\Promet-S\Eth427\EWARM\PrometS-Eth427_bak\Obj\pppapi.o
#        D:\Projects\Promet-S\Eth427\EWARM\PrometS-Eth427_bak\Obj\pppcrypt.o
#        D:\Projects\Promet-S\Eth427\EWARM\PrometS-Eth427_bak\Obj\pppoe.o
#        D:\Projects\Promet-S\Eth427\EWARM\PrometS-Eth427_bak\Obj\pppol2tp.o
#        D:\Projects\Promet-S\Eth427\EWARM\PrometS-Eth427_bak\Obj\pppos.o
#        D:\Projects\Promet-S\Eth427\EWARM\PrometS-Eth427_bak\Obj\queue.o
#        D:\Projects\Promet-S\Eth427\EWARM\PrometS-Eth427_bak\Obj\raw.o
#        D:\Projects\Promet-S\Eth427\EWARM\PrometS-Eth427_bak\Obj\slipif.o
#        D:\Projects\Promet-S\Eth427\EWARM\PrometS-Eth427_bak\Obj\sockets.o
#        D:\Projects\Promet-S\Eth427\EWARM\PrometS-Eth427_bak\Obj\startup_stm32f427xx.o
#        D:\Projects\Promet-S\Eth427\EWARM\PrometS-Eth427_bak\Obj\stats.o
#        D:\Projects\Promet-S\Eth427\EWARM\PrometS-Eth427_bak\Obj\stm32f4xx_hal.o
#        D:\Projects\Promet-S\Eth427\EWARM\PrometS-Eth427_bak\Obj\stm32f4xx_hal_cortex.o
#        D:\Projects\Promet-S\Eth427\EWARM\PrometS-Eth427_bak\Obj\stm32f4xx_hal_dma.o
#        D:\Projects\Promet-S\Eth427\EWARM\PrometS-Eth427_bak\Obj\stm32f4xx_hal_dma_ex.o
#        D:\Projects\Promet-S\Eth427\EWARM\PrometS-Eth427_bak\Obj\stm32f4xx_hal_eth.o
#        D:\Projects\Promet-S\Eth427\EWARM\PrometS-Eth427_bak\Obj\stm32f4xx_hal_flash.o
#        D:\Projects\Promet-S\Eth427\EWARM\PrometS-Eth427_bak\Obj\stm32f4xx_hal_flash_ex.o
#        D:\Projects\Promet-S\Eth427\EWARM\PrometS-Eth427_bak\Obj\stm32f4xx_hal_flash_ramfunc.o
#        D:\Projects\Promet-S\Eth427\EWARM\PrometS-Eth427_bak\Obj\stm32f4xx_hal_gpio.o
#        D:\Projects\Promet-S\Eth427\EWARM\PrometS-Eth427_bak\Obj\stm32f4xx_hal_msp.o
#        D:\Projects\Promet-S\Eth427\EWARM\PrometS-Eth427_bak\Obj\stm32f4xx_hal_nand.o
#        D:\Projects\Promet-S\Eth427\EWARM\PrometS-Eth427_bak\Obj\stm32f4xx_hal_pwr.o
#        D:\Projects\Promet-S\Eth427\EWARM\PrometS-Eth427_bak\Obj\stm32f4xx_hal_pwr_ex.o
#        D:\Projects\Promet-S\Eth427\EWARM\PrometS-Eth427_bak\Obj\stm32f4xx_hal_rcc.o
#        D:\Projects\Promet-S\Eth427\EWARM\PrometS-Eth427_bak\Obj\stm32f4xx_hal_rcc_ex.o
#        D:\Projects\Promet-S\Eth427\EWARM\PrometS-Eth427_bak\Obj\stm32f4xx_hal_sdram.o
#        D:\Projects\Promet-S\Eth427\EWARM\PrometS-Eth427_bak\Obj\stm32f4xx_hal_sram.o
#        D:\Projects\Promet-S\Eth427\EWARM\PrometS-Eth427_bak\Obj\stm32f4xx_hal_tim.o
#        D:\Projects\Promet-S\Eth427\EWARM\PrometS-Eth427_bak\Obj\stm32f4xx_hal_tim_ex.o
#        D:\Projects\Promet-S\Eth427\EWARM\PrometS-Eth427_bak\Obj\stm32f4xx_hal_timebase_tim.o
#        D:\Projects\Promet-S\Eth427\EWARM\PrometS-Eth427_bak\Obj\stm32f4xx_hal_uart.o
#        D:\Projects\Promet-S\Eth427\EWARM\PrometS-Eth427_bak\Obj\stm32f4xx_it.o
#        D:\Projects\Promet-S\Eth427\EWARM\PrometS-Eth427_bak\Obj\stm32f4xx_ll_fmc.o
#        D:\Projects\Promet-S\Eth427\EWARM\PrometS-Eth427_bak\Obj\sys.o
#        D:\Projects\Promet-S\Eth427\EWARM\PrometS-Eth427_bak\Obj\sys_arch.o
#        D:\Projects\Promet-S\Eth427\EWARM\PrometS-Eth427_bak\Obj\system_stm32f4xx.o
#        D:\Projects\Promet-S\Eth427\EWARM\PrometS-Eth427_bak\Obj\tasks.o
#        D:\Projects\Promet-S\Eth427\EWARM\PrometS-Eth427_bak\Obj\tcp.o
#        D:\Projects\Promet-S\Eth427\EWARM\PrometS-Eth427_bak\Obj\tcp_in.o
#        D:\Projects\Promet-S\Eth427\EWARM\PrometS-Eth427_bak\Obj\tcp_out.o
#        D:\Projects\Promet-S\Eth427\EWARM\PrometS-Eth427_bak\Obj\tcpip.o
#        D:\Projects\Promet-S\Eth427\EWARM\PrometS-Eth427_bak\Obj\timeouts.o
#        D:\Projects\Promet-S\Eth427\EWARM\PrometS-Eth427_bak\Obj\timers.o
#        D:\Projects\Promet-S\Eth427\EWARM\PrometS-Eth427_bak\Obj\udp.o
#        D:\Projects\Promet-S\Eth427\EWARM\PrometS-Eth427_bak\Obj\upap.o
#        D:\Projects\Promet-S\Eth427\EWARM\PrometS-Eth427_bak\Obj\usart.o
#        D:\Projects\Promet-S\Eth427\EWARM\PrometS-Eth427_bak\Obj\utils.o
#        D:\Projects\Promet-S\Eth427\EWARM\PrometS-Eth427_bak\Obj\vj.o
#        --redirect _Printf=_PrintfFull --redirect _Scanf=_ScanfFull -o
#        D:\Projects\Promet-S\Eth427\EWARM\PrometS-Eth427_bak\Exe\PrometS-Eth427_bak.out
#        --map
#        D:\Projects\Promet-S\Eth427\EWARM\PrometS-Eth427_bak/List\PrometS-Eth427_bak.map
#        --config D:\Projects\Promet-S\Eth427\EWARM/stm32f427xx_flash.icf
#        --semihosting --entry __iar_program_start --vfe
#
###############################################################################

*******************************************************************************
*** RUNTIME MODEL ATTRIBUTES
***

CppFlavor                     = *
__Heap_Handler                = Basic
__SystemLibrary               = DLib
__dlib_dynamic_initialization = normal


*******************************************************************************
*** PLACEMENT SUMMARY
***

"A1":  place at 0x08000000 { ro section .intvec };
"P1":  place in [from 0x08000000 to 0x081fffff] { ro };
"P2":  place in [from 0x20000000 to 0x2002ffff] { rw, block CSTACK, block HEAP };

  Section             Kind        Address    Size  Object
  -------             ----        -------    ----  ------
"A1":                                       0x1ac
  .intvec             ro code  0x08000000   0x1ac  startup_stm32f427xx.o [1]
                             - 0x080001ac   0x1ac

"P1":                                      0xc8d5
  .text               ro code  0x080001ac  0x15a8  tcp_in.o [1]
  .text               ro code  0x08001754    0x34  ip4_addr.o [1]
  .text               ro code  0x08001788   0xb54  pbuf.o [1]
  .text               ro code  0x080022dc    0x22  def.o [1]
  .text               ro code  0x08002300   0xe20  tcp.o [1]
  .text               ro code  0x08003120   0xa18  tcp_out.o [1]
  .text               ro code  0x08003b38   0x234  memp.o [1]
  .text               ro code  0x08003d6c   0x290  timeouts.o [1]
  .text               ro code  0x08003ffc    0x24  printf.o [3]
  .text               ro code  0x08004020   0x13c  sys_arch.o [1]
  .text               ro code  0x0800415c   0x2d0  tcpip.o [1]
  .text               ro code  0x0800442c   0x600  mem.o [1]
  .text               ro code  0x08004a2c    0x76  ABImemcpy_unaligned.o [5]
  .text               ro code  0x08004aa4     0x6  ABImemclr4.o [5]
  .text               ro code  0x08004aac   0x344  ip4.o [1]
  .text               ro code  0x08004df0   0x484  ethernetif.o [1]
  .text               ro code  0x08005274  0x1156  xprintffull.o [3]
  .text               ro code  0x080063cc   0x292  cmsis_os.o [1]
  .text               ro code  0x0800665e    0x24  init.o [1]
  .text               ro code  0x08006684    0x32  ABImemset48.o [5]
  .text               ro code  0x080066b8   0x89c  ip4_frag.o [1]
  .text               ro code  0x08006f54   0x1cc  udp.o [1]
  .text               ro code  0x08007120   0x20c  stm32f4xx_hal_gpio.o [1]
  .text               ro code  0x0800732c    0x98  stm32f4xx_hal_cortex.o [1]
  .text               ro code  0x080073c4   0x738  stm32f4xx_hal_eth.o [1]
  .text               ro code  0x08007afc    0x70  stm32f4xx_hal.o [1]
  .text               ro code  0x08007b6c    0x20  xmbtowc.o [3]
  .text               ro code  0x08007b8c    0x16  strchr.o [5]
  .text               ro code  0x08007ba4    0x36  strlen.o [5]
  .text               ro code  0x08007bdc    0x58  memchr.o [5]
  .text               ro code  0x08007c34     0xa  xmbcurmax.o [3]
  .text               ro code  0x08007c40    0xb0  xxmemxmalloc.o [3]
  .text               ro code  0x08007cf0    0x1a  xwctomb.o [3]
  .text               ro code  0x08007d0c    0x80  xxmemxfree.o [3]
  .text               ro code  0x08007d8c    0xee  I64DivMod.o [5]
  .text               ro code  0x08007e7a    0x42  xdnorm.o [4]
  .text               ro code  0x08007ebc    0x2e  DblCmpLe.o [4]
  .text               ro code  0x08007eec    0x2e  DblCmpGe.o [4]
  .text               ro code  0x08007f1c   0x118  xdscale.o [4]
  .text               ro code  0x08008034    0x58  DblToI32.o [4]
  .text               ro code  0x0800808c    0x30  I32ToDbl.o [4]
  .text               ro code  0x080080bc   0x180  DblSub.o [4]
  .text               ro code  0x0800823c   0x1a2  DblMul.o [4]
  .text               ro code  0x080083e0   0x256  DblDiv.o [4]
  .text               ro code  0x08008638    0x6c  localeconv.o [3]
  .text               ro code  0x080086a4     0xe  div.o [3]
  .text               ro code  0x080086b4   0x764  tasks.o [1]
  .text               ro code  0x08008e18   0x640  queue.o [1]
  .text               ro code  0x08009458   0x1e8  netif.o [1]
  .text               ro code  0x08009640   0x494  stm32f4xx_hal_rcc.o [1]
  .text               ro code  0x08009ad4    0x7c  stm32f4xx_hal_timebase_tim.o [1]
  .text               ro code  0x08009b50    0x44  stm32f4xx_hal_msp.o [1]
  .text               ro code  0x08009b94    0x14  setlocale.o [3]
  .text               ro code  0x08009ba8    0x60  xencoding_sb.o [3]
  .text               ro code  0x08009c08    0x2c  xgetmemchunk.o [3]
  .text               ro code  0x08009c34     0x2  I64DivZer.o [5]
  .text               ro code  0x08009c38    0xd4  DblAdd.o [4]
  .text               ro code  0x08009d0c     0x2  xtls.o [3]
  .text               ro code  0x08009d10   0x1ac  heap_4.o [1]
  .text               ro code  0x08009ebc    0x8e  list.o [1]
  .text               ro code  0x08009f4c   0x1ec  port.o [1]
  .text               ro code  0x0800a138   0x978  etharp.o [1]
  .text               ro code  0x0800aab0   0x260  stm32f4xx_hal_tim.o [1]
  CODE                ro code  0x0800ad10    0xa8  portasm.o [1]
  .text               ro code  0x0800adb8   0x1b0  ethernet.o [1]
  .text               ro code  0x0800af68   0x124  main.o [1]
  .text               ro code  0x0800b08c     0x4  stm32f4xx_hal_tim_ex.o [1]
  .text               ro code  0x0800b090    0x62  memcmp_unaligned.o [5]
  .text               ro code  0x0800b0f4   0x184  gpio.o [1]
  .text               ro code  0x0800b278   0x1e4  usart.o [1]
  .text               ro code  0x0800b45c   0x1d0  fmc.o [1]
  .text               ro code  0x0800b62c    0x48  freertos.o [1]
  .text               ro code  0x0800b674   0x3fe  stm32f4xx_hal_uart.o [1]
  .text               ro code  0x0800ba74    0x52  stm32f4xx_hal_sram.o [1]
  .text               ro code  0x0800bac6    0x64  stm32f4xx_hal_nand.o [1]
  .text               ro code  0x0800bb2c    0x3a  stm32f4xx_hal_sdram.o [1]
  .text               ro code  0x0800bb68    0xc8  lwip.o [1]
  .text               ro code  0x0800bc30    0x24  stm32f4xx_hal_dma.o [1]
  .text               ro code  0x0800bc54   0x270  stm32f4xx_ll_fmc.o [1]
  .text               ro code  0x0800bec4    0xe0  XShHandles.o [3]
  .text               ro code  0x0800bfa4    0xd6  xfspos.o [3]
  .text               ro code  0x0800c07c    0xb0  fflush.o [3]
  .text               ro code  0x0800c12c     0xc  xfgpos.o [3]
  .text               ro code  0x0800c138    0x4c  lseek.o [6]
  .text               ro code  0x0800c184     0xc  errno.o [3]
  .text               ro code  0x0800c190     0x4  xsyslock_nop.o [3]
  .text               ro code  0x0800c194    0x10  write.o [6]
  .text               ro code  0x0800c1a4    0x1e  dwrite.o [6]
  .text               ro code  0x0800c1c2    0x20  iarwstd.o [6]
  .text               ro code  0x0800c1e2    0x22  iarwrite.o [6]
  .text               ro code  0x0800c204    0x6c  iarttio.o [6]
  .text               ro code  0x0800c270     0x8  XShttio.o [3]
  .text               ro code  0x0800c278    0xd0  packbits_init.o [5]
  .text               ro code  0x0800c348     0x6  abort.o [3]
  .text               ro code  0x0800c350    0x14  exit.o [6]
  .text               ro code  0x0800c364    0xb6  xfwprep.o [3]
  .text               ro code  0x0800c41a    0x22  fseek.o [3]
  .rodata             const    0x0800c43c    0x9c  memp.o [1]
  .text               ro code  0x0800c4d8    0x7c  xfofind.o [3]
  .text               ro code  0x0800c554    0x7a  fclose.o [3]
  .text               ro code  0x0800c5ce    0x1a  close.o [6]
  .text               ro code  0x0800c5e8    0x16  remove.o [6]
  .text               ro code  0x0800c600    0x60  system_stm32f4xx.o [1]
  .text               ro code  0x0800c660    0x58  xcloseall.o [3]
  .text               ro code  0x0800c6b8    0x56  fputc.o [3]
  .text               ro code  0x0800c70e    0x40  zero_init3.o [5]
  .text               ro code  0x0800c750    0x2c  stm32f4xx_it.o [1]
  .text               ro code  0x0800c77c    0x28  data_init.o [5]
  .text               ro code  0x0800c7a4    0x22  fpinit_M.o [4]
  .iar.init_table     const    0x0800c7c8    0x2c  - Linker created -
  .text               ro code  0x0800c7f4    0x1a  cmain.o [5]
  .text               ro code  0x0800c80e     0x4  low_level_init.o [3]
  .text               ro code  0x0800c812     0x4  exit.o [3]
  .text               ro code  0x0800c818     0xe  cexit.o [5]
  .text               ro code  0x0800c826    0x16  xprout.o [3]
  .text               ro code  0x0800c83c     0xc  putchar.o [3]
  .text               ro code  0x0800c848    0x10  startup_stm32f427xx.o [1]
  .rodata             const    0x0800c858     0xc  freertos.o [1]
  .text               ro code  0x0800c864     0xc  cstartup_M.o [5]
  .rodata             const    0x0800c870     0x8  ethernet.o [1]
  .rodata             const    0x0800c878     0x8  ethernetif.o [1]
  .rodata             const    0x0800c880     0x8  system_stm32f4xx.o [1]
  .rodata             const    0x0800c888     0x4  ip4_addr.o [1]
  .text               ro code  0x0800c88c     0x4  startup_stm32f427xx.o [1]
  .text               ro code  0x0800c890     0x4  startup_stm32f427xx.o [1]
  .text               ro code  0x0800c894     0x4  startup_stm32f427xx.o [1]
  .text               ro code  0x0800c898     0x4  startup_stm32f427xx.o [1]
  .text               ro code  0x0800c89c     0x4  startup_stm32f427xx.o [1]
  .text               ro code  0x0800c8a0     0x4  startup_stm32f427xx.o [1]
  .text               ro code  0x0800c8a4     0x4  startup_stm32f427xx.o [1]
  .text               ro code  0x0800c8a8     0x4  startup_stm32f427xx.o [1]
  .text               ro code  0x0800c8ac     0x4  startup_stm32f427xx.o [1]
  .text               ro code  0x0800c8b0     0x4  startup_stm32f427xx.o [1]
  .text               ro code  0x0800c8b4     0x4  startup_stm32f427xx.o [1]
  .text               ro code  0x0800c8b8     0x4  startup_stm32f427xx.o [1]
  .text               ro code  0x0800c8bc     0x4  startup_stm32f427xx.o [1]
  .text               ro code  0x0800c8c0     0x4  startup_stm32f427xx.o [1]
  .text               ro code  0x0800c8c4     0x4  startup_stm32f427xx.o [1]
  .text               ro code  0x0800c8c8     0x4  startup_stm32f427xx.o [1]
  .text               ro code  0x0800c8cc     0x4  startup_stm32f427xx.o [1]
  .text               ro code  0x0800c8d0     0x4  startup_stm32f427xx.o [1]
  .text               ro code  0x0800c8d4     0x4  startup_stm32f427xx.o [1]
  .text               ro code  0x0800c8d8     0x4  startup_stm32f427xx.o [1]
  .text               ro code  0x0800c8dc     0x4  startup_stm32f427xx.o [1]
  .text               ro code  0x0800c8e0     0x4  startup_stm32f427xx.o [1]
  .text               ro code  0x0800c8e4     0x4  startup_stm32f427xx.o [1]
  .text               ro code  0x0800c8e8     0x4  startup_stm32f427xx.o [1]
  .text               ro code  0x0800c8ec     0x4  startup_stm32f427xx.o [1]
  .text               ro code  0x0800c8f0     0x4  startup_stm32f427xx.o [1]
  .text               ro code  0x0800c8f4     0x4  startup_stm32f427xx.o [1]
  .text               ro code  0x0800c8f8     0x4  startup_stm32f427xx.o [1]
  .text               ro code  0x0800c8fc     0x4  startup_stm32f427xx.o [1]
  .text               ro code  0x0800c900     0x4  startup_stm32f427xx.o [1]
  .text               ro code  0x0800c904     0x4  startup_stm32f427xx.o [1]
  .text               ro code  0x0800c908     0x4  startup_stm32f427xx.o [1]
  .text               ro code  0x0800c90c     0x4  startup_stm32f427xx.o [1]
  .text               ro code  0x0800c910     0x4  startup_stm32f427xx.o [1]
  .text               ro code  0x0800c914     0x4  startup_stm32f427xx.o [1]
  .text               ro code  0x0800c918     0x4  startup_stm32f427xx.o [1]
  .text               ro code  0x0800c91c     0x4  startup_stm32f427xx.o [1]
  .text               ro code  0x0800c920     0x4  startup_stm32f427xx.o [1]
  .text               ro code  0x0800c924     0x4  startup_stm32f427xx.o [1]
  .text               ro code  0x0800c928     0x4  startup_stm32f427xx.o [1]
  .text               ro code  0x0800c92c     0x4  startup_stm32f427xx.o [1]
  .text               ro code  0x0800c930     0x4  startup_stm32f427xx.o [1]
  .text               ro code  0x0800c934     0x4  startup_stm32f427xx.o [1]
  .text               ro code  0x0800c938     0x4  startup_stm32f427xx.o [1]
  .text               ro code  0x0800c93c     0x4  startup_stm32f427xx.o [1]
  .text               ro code  0x0800c940     0x4  startup_stm32f427xx.o [1]
  .text               ro code  0x0800c944     0x4  startup_stm32f427xx.o [1]
  .text               ro code  0x0800c948     0x4  startup_stm32f427xx.o [1]
  .text               ro code  0x0800c94c     0x4  startup_stm32f427xx.o [1]
  .text               ro code  0x0800c950     0x4  startup_stm32f427xx.o [1]
  .text               ro code  0x0800c954     0x4  startup_stm32f427xx.o [1]
  .text               ro code  0x0800c958     0x4  startup_stm32f427xx.o [1]
  .text               ro code  0x0800c95c     0x4  startup_stm32f427xx.o [1]
  .text               ro code  0x0800c960     0x4  startup_stm32f427xx.o [1]
  .text               ro code  0x0800c964     0x4  startup_stm32f427xx.o [1]
  .text               ro code  0x0800c968     0x4  startup_stm32f427xx.o [1]
  .text               ro code  0x0800c96c     0x4  startup_stm32f427xx.o [1]
  .text               ro code  0x0800c970     0x4  startup_stm32f427xx.o [1]
  .text               ro code  0x0800c974     0x4  startup_stm32f427xx.o [1]
  .text               ro code  0x0800c978     0x4  startup_stm32f427xx.o [1]
  .text               ro code  0x0800c97c     0x4  startup_stm32f427xx.o [1]
  .text               ro code  0x0800c980     0x4  startup_stm32f427xx.o [1]
  .text               ro code  0x0800c984     0x4  startup_stm32f427xx.o [1]
  .text               ro code  0x0800c988     0x4  startup_stm32f427xx.o [1]
  .text               ro code  0x0800c98c     0x4  startup_stm32f427xx.o [1]
  .text               ro code  0x0800c990     0x4  startup_stm32f427xx.o [1]
  .text               ro code  0x0800c994     0x4  startup_stm32f427xx.o [1]
  .text               ro code  0x0800c998     0x4  startup_stm32f427xx.o [1]
  .text               ro code  0x0800c99c     0x4  startup_stm32f427xx.o [1]
  .text               ro code  0x0800c9a0     0x4  startup_stm32f427xx.o [1]
  .text               ro code  0x0800c9a4     0x4  startup_stm32f427xx.o [1]
  .text               ro code  0x0800c9a8     0x4  startup_stm32f427xx.o [1]
  .text               ro code  0x0800c9ac     0x4  startup_stm32f427xx.o [1]
  .text               ro code  0x0800c9b0     0x4  startup_stm32f427xx.o [1]
  .text               ro code  0x0800c9b4     0x4  startup_stm32f427xx.o [1]
  .text               ro code  0x0800c9b8     0x4  startup_stm32f427xx.o [1]
  .text               ro code  0x0800c9bc     0x4  startup_stm32f427xx.o [1]
  .text               ro code  0x0800c9c0     0x4  startup_stm32f427xx.o [1]
  .text               ro code  0x0800c9c4     0x4  startup_stm32f427xx.o [1]
  .text               ro code  0x0800c9c8     0x4  startup_stm32f427xx.o [1]
  .text               ro code  0x0800c9cc     0x4  startup_stm32f427xx.o [1]
  .text               ro code  0x0800c9d0     0x4  startup_stm32f427xx.o [1]
  .text               ro code  0x0800c9d4     0x4  startup_stm32f427xx.o [1]
  .text               ro code  0x0800c9d8     0x4  startup_stm32f427xx.o [1]
  .text               ro code  0x0800c9dc     0x4  startup_stm32f427xx.o [1]
  .text               ro code  0x0800c9e0     0x0  cstart_closeall.o [5]
  .rodata             const    0x0800c9e0     0x0  zero_init3.o [5]
  .rodata             const    0x0800c9e0     0x0  packbits_init.o [5]
  Initializer bytes   const    0x0800c9e0    0xa1  <for P2 s0>
                             - 0x0800ca81  0xc8d5

"P2":                                      0xde48
  P2 s0                        0x20000000   0x228  <Init block>
    __DLIB_PERTHREAD  inited   0x20000000    0x88  localeconv.o [3]
    __DLIB_PERTHREAD  inited   0x20000088    0x74  setlocale.o [3]
    .data             inited   0x200000fc    0x40  xfiles.o [3]
    .data             inited   0x2000013c    0x40  xfiles.o [3]
    .data             inited   0x2000017c    0x40  xfiles.o [3]
    .data             inited   0x200001bc    0x20  xfiles.o [3]
    .data             inited   0x200001dc    0x1c  tcp.o [1]
    .data             inited   0x200001f8     0xc  port.o [1]
    .data             inited   0x20000204     0xc  stm32f4xx_hal.o [1]
    .data             inited   0x20000210     0x8  udp.o [1]
    .data             inited   0x20000218     0x8  XShttio.o [3]
    .data             inited   0x20000220     0x4  system_stm32f4xx.o [1]
    __DLIB_PERTHREAD  inited   0x20000224     0x4  errno.o [3]
  .bss                zero     0x20000228  0x3c18  heap_4.o [1]
  .bss                zero     0x20003e40  0x30ec  ethernetif.o [1]
  .bss                zero     0x20006f2c  0x2604  memp.o [1]
  .bss                zero     0x20009530   0x664  mem.o [1]
  .bss                zero     0x20009b94   0x4c4  memp.o [1]
  .bss                zero     0x2000a058   0x16c  memp.o [1]
  .bss                zero     0x2000a1c4   0x104  memp.o [1]
  .bss                zero     0x2000a2c8   0x104  memp.o [1]
  .bss                zero     0x2000a3cc    0xf0  etharp.o [1]
  .bss                zero     0x2000a4bc    0xe4  memp.o [1]
  .bss                zero     0x2000a5a0    0xc4  fmc.o [1]
  .bss                zero     0x2000a664    0xb4  memp.o [1]
  .bss                zero     0x2000a718    0xa4  memp.o [1]
  .bss                zero     0x2000a7bc    0xa0  tasks.o [1]
  .bss                zero     0x2000a85c    0x8c  tasks.o [1]
  .bss                zero     0x2000a8e8    0x84  memp.o [1]
  .bss                zero     0x2000a96c    0x84  memp.o [1]
  .bss                zero     0x2000a9f0    0x84  memp.o [1]
  .bss                zero     0x2000aa74    0x80  XShHandles.o [3]
  .bss                zero     0x2000aaf4    0x50  xfiles.o [3]
  .bss                zero     0x2000ab44    0x50  xfiles.o [3]
  .bss                zero     0x2000ab94    0x48  lwip.o [1]
  .bss                zero     0x2000abdc    0x40  usart.o [1]
  .bss                zero     0x2000ac1c    0x40  usart.o [1]
  .bss                zero     0x2000ac5c    0x40  usart.o [1]
  .bss                zero     0x2000ac9c    0x40  usart.o [1]
  .bss                zero     0x2000acdc    0x3c  stm32f4xx_hal_timebase_tim.o [1]
  .bss                zero     0x2000ad18    0x38  tcp_in.o [1]
  .bss                zero     0x2000ad50    0x34  memp.o [1]
  .bss                zero     0x2000ad84    0x24  memp.o [1]
  .bss                zero     0x2000ada8    0x18  ip.o [1]
  .bss                zero     0x2000adc0    0x10  tcpip.o [1]
  .bss                zero     0x2000add0     0xc  netif.o [1]
  .bss                zero     0x2000addc     0x8  ip4_frag.o [1]
  .bss                zero     0x2000ade4     0x8  timeouts.o [1]
  .bss                zero     0x2000adec     0x8  xxmemxmalloc.o [3]
  .bss                zero     0x2000adf4     0x4  fmc.o [1]
  .bss                zero     0x2000adf8     0x4  freertos.o [1]
  .bss                zero     0x2000adfc     0x4  memp.o [1]
  .bss                zero     0x2000ae00     0x4  memp.o [1]
  .bss                zero     0x2000ae04     0x4  memp.o [1]
  .bss                zero     0x2000ae08     0x4  memp.o [1]
  .bss                zero     0x2000ae0c     0x4  memp.o [1]
  .bss                zero     0x2000ae10     0x4  memp.o [1]
  .bss                zero     0x2000ae14     0x4  memp.o [1]
  .bss                zero     0x2000ae18     0x4  memp.o [1]
  .bss                zero     0x2000ae1c     0x4  memp.o [1]
  .bss                zero     0x2000ae20     0x4  memp.o [1]
  .bss                zero     0x2000ae24     0x4  memp.o [1]
  .bss                zero     0x2000ae28     0x4  memp.o [1]
  .bss                zero     0x2000ae2c     0x4  memp.o [1]
  .bss                zero     0x2000ae30     0x4  sys_arch.o [1]
  .bss                zero     0x2000ae34     0x4  timeouts.o [1]
  .bss                zero     0x2000ae38     0x4  xgetmemchunk.o [3]
  .bss                zero     0x2000ae3c     0x2  ip4.o [1]
  .bss                zero     0x2000ae3e     0x1  etharp.o [1]
  .bss                zero     0x2000ae3f     0x1  pbuf.o [1]
  .bss                zero     0x2000ae40     0x1  tcp.o [1]
  CSTACK                       0x2000ae48  0x1000  <Block>
    CSTACK            uninit   0x2000ae48  0x1000  <Block tail>
  HEAP                         0x2000be48  0x2000  <Block>
    HEAP              uninit   0x2000be48  0x2000  <Block tail>
                             - 0x2000de48  0xde48


*******************************************************************************
*** INIT TABLE
***

          Address     Size
          -------     ----
Zero (__iar_zero_init3)
    1 destination range, total size 0xac19:
          0x20000228  0xac19

Copy/packbits (__iar_packbits_init3)
    1 source range, total size 0xa1 (29% of destination):
          0x0800c9e0    0xa1
    1 destination range, total size 0x228:
          0x20000000   0x228



*******************************************************************************
*** MODULE SUMMARY
***

    Module                        ro code  ro data  rw data
    ------                        -------  -------  -------
D:\Projects\Promet-S\Eth427\EWARM\PrometS-Eth427_bak\Obj: [1]
    cmsis_os.o                        658
    def.o                              34
    etharp.o                        2 424               241
    ethernet.o                        432        8
    ethernetif.o                    1 156        8   12 524
    fmc.o                             464               200
    freertos.o                         72       12        4
    gpio.o                            388
    heap_4.o                          428            15 384
    init.o                             36
    ip.o                                                 24
    ip4.o                             836                 2
    ip4_addr.o                         52        4
    ip4_frag.o                      2 204                 8
    list.o                            142
    lwip.o                            200                72
    main.o                            292
    mem.o                           1 536             1 636
    memp.o                            564      156   12 944
    netif.o                           488                12
    pbuf.o                          2 900                 1
    port.o                            492        3       12
    portasm.o                         168
    queue.o                         1 600
    startup_stm32f427xx.o             784
    stm32f4xx_hal.o                   112        4       12
    stm32f4xx_hal_cortex.o            152
    stm32f4xx_hal_dma.o                36
    stm32f4xx_hal_eth.o             1 848
    stm32f4xx_hal_gpio.o              524
    stm32f4xx_hal_msp.o                68
    stm32f4xx_hal_nand.o              100
    stm32f4xx_hal_rcc.o             1 172
    stm32f4xx_hal_sdram.o              58
    stm32f4xx_hal_sram.o               82
    stm32f4xx_hal_tim.o               608
    stm32f4xx_hal_tim_ex.o              4
    stm32f4xx_hal_timebase_tim.o      124                60
    stm32f4xx_hal_uart.o            1 022
    stm32f4xx_it.o                     44
    stm32f4xx_ll_fmc.o                624
    sys_arch.o                        316                 4
    system_stm32f4xx.o                 96        9        4
    tasks.o                         1 892               300
    tcp.o                           3 616        9       29
    tcp_in.o                        5 544                56
    tcp_out.o                       2 584
    tcpip.o                           720                16
    timeouts.o                        656                12
    udp.o                             460        2        8
    usart.o                           484               256
    -------------------------------------------------------
    Total:                         41 296      215   43 821

command line: [2]
    -------------------------------------------------------
    Total:

dl7M_tlf.a: [3]
    XShHandles.o                      224               128
    XShttio.o                           8        2        8
    abort.o                             6
    div.o                              14
    errno.o                            12        2        4
    exit.o                              4
    fclose.o                          122
    fflush.o                          176
    fputc.o                            86
    fseek.o                            34
    localeconv.o                      108       39      136
    low_level_init.o                    4
    printf.o                           36
    putchar.o                          12
    setlocale.o                        20       34      116
    xcloseall.o                        88
    xencoding_sb.o                     96
    xfgpos.o                           12
    xfiles.o                                    65      384
    xfofind.o                         124
    xfspos.o                          214
    xfwprep.o                         182
    xgetmemchunk.o                     44                 4
    xmbcurmax.o                        10
    xmbtowc.o                          32
    xprintffull.o                   4 438
    xprout.o                           22
    xsyslock_nop.o                      4
    xtls.o                              2
    xwctomb.o                          26
    xxmemxfree.o                      128
    xxmemxmalloc.o                    176                 8
    -------------------------------------------------------
    Total:                          6 464      142      788

m7M_tls.a: [4]
    DblAdd.o                          212
    DblCmpGe.o                         46
    DblCmpLe.o                         46
    DblDiv.o                          598
    DblMul.o                          418
    DblSub.o                          384
    DblToI32.o                         88
    I32ToDbl.o                         48
    fpinit_M.o                         34
    xdnorm.o                           66
    xdscale.o                         280
    -------------------------------------------------------
    Total:                          2 220

rt7M_tl.a: [5]
    ABImemclr4.o                        6
    ABImemcpy_unaligned.o             118
    ABImemset48.o                      50
    I64DivMod.o                       238
    I64DivZer.o                         2
    cexit.o                            14
    cmain.o                            26
    cstart_closeall.o
    cstartup_M.o                       12
    data_init.o                        40
    memchr.o                           88
    memcmp_unaligned.o                 98
    packbits_init.o                   208
    strchr.o                           22
    strlen.o                           54
    zero_init3.o                       64
    -------------------------------------------------------
    Total:                          1 040

shb_l.a: [6]
    close.o                            26
    dwrite.o                           30
    exit.o                             20
    iarttio.o                         108
    iarwrite.o                         34
    iarwstd.o                          32
    lseek.o                            76
    remove.o                           22
    write.o                            16
    -------------------------------------------------------
    Total:                            364

    Gaps                               54        2
    Linker created                              44   12 288
-----------------------------------------------------------
    Grand Total:                   51 438      403   56 897


*******************************************************************************
*** ENTRY LIST
***

Entry                      Address    Size  Type      Object
-----                      -------    ----  ----      ------
.iar.init_table$$Base   0x0800c7c8           --   Gb  - Linker created -
.iar.init_table$$Limit  0x0800c7f4           --   Gb  - Linker created -
?main                   0x0800c7f5          Code  Gb  cmain.o [5]
AHBPrescTable           0x0800c650    0x10  Data  Gb  system_stm32f4xx.o [1]
APBPrescTable           0x0800c880     0x8  Data  Gb  system_stm32f4xx.o [1]
BusFault_Handler        0x0800c757     0x2  Code  Gb  stm32f4xx_it.o [1]
CSTACK$$Base            0x2000ae48           --   Gb  - Linker created -
CSTACK$$Limit           0x2000be48           --   Gb  - Linker created -
DMARxDscrTab            0x20003e8c    0x80  Data  Gb  ethernetif.o [1]
DMATxDscrTab            0x20003f0c    0x80  Data  Gb  ethernetif.o [1]
DebugMon_Handler        0x0800c75b     0x2  Code  Gb  stm32f4xx_it.o [1]
ETH_Delay               0x08007a9b    0x24  Code  Lc  stm32f4xx_hal_eth.o [1]
ETH_FlushTransmitFIFO   0x08007a77    0x24  Code  Lc  stm32f4xx_hal_eth.o [1]
ETH_IRQHandler          0x0800c769     0x6  Code  Gb  stm32f4xx_it.o [1]
ETH_MACDMAConfig        0x08007991    0xe6  Code  Lc  stm32f4xx_hal_eth.o [1]
Error_Handler           0x0800b059     0x2  Code  Gb  main.o [1]
FMC_Initialized         0x2000adf4     0x4  Data  Lc  fmc.o [1]
FMC_NAND_AttributeSpace_Timing_Init
                        0x0800bd97    0x18  Code  Gb  stm32f4xx_ll_fmc.o [1]
FMC_NAND_CommonSpace_Timing_Init
                        0x0800bd7f    0x18  Code  Gb  stm32f4xx_ll_fmc.o [1]
FMC_NAND_Init           0x0800bd43    0x3c  Code  Gb  stm32f4xx_ll_fmc.o [1]
FMC_NORSRAM_Extended_Timing_Init
                        0x0800bd05    0x2c  Code  Gb  stm32f4xx_ll_fmc.o [1]
FMC_NORSRAM_Init        0x0800bc55    0x6a  Code  Gb  stm32f4xx_ll_fmc.o [1]
FMC_NORSRAM_Timing_Init
                        0x0800bcbf    0x46  Code  Gb  stm32f4xx_ll_fmc.o [1]
FMC_SDRAM_Init          0x0800bdc5    0x74  Code  Gb  stm32f4xx_ll_fmc.o [1]
FMC_SDRAM_Timing_Init   0x0800be39    0x7a  Code  Gb  stm32f4xx_ll_fmc.o [1]
GATEWAY_ADDRESS         0x2000abcc     0x4  Data  Gb  lwip.o [1]
HAL_DMA_Abort_IT        0x0800bc31    0x24  Code  Gb  stm32f4xx_hal_dma.o [1]
HAL_Delay               0x08007b41    0x22  Code  Wk  stm32f4xx_hal.o [1]
HAL_ETH_DMARxDescListInit
                        0x080075e3    0x5c  Code  Gb  stm32f4xx_hal_eth.o [1]
HAL_ETH_DMATxDescListInit
                        0x08007577    0x6c  Code  Gb  stm32f4xx_hal_eth.o [1]
HAL_ETH_ErrorCallback   0x0800781d     0x2  Code  Wk  stm32f4xx_hal_eth.o [1]
HAL_ETH_GetReceivedFrame_IT
                        0x0800773b    0x80  Code  Gb  stm32f4xx_hal_eth.o [1]
HAL_ETH_IRQHandler      0x080077bb    0x60  Code  Gb  stm32f4xx_hal_eth.o [1]
HAL_ETH_Init            0x080073c5   0x19e  Code  Gb  stm32f4xx_hal_eth.o [1]
HAL_ETH_MspInit         0x08004df1    0xc8  Code  Gb  ethernetif.o [1]
HAL_ETH_ReadPHYRegister
                        0x0800781f    0x76  Code  Gb  stm32f4xx_hal_eth.o [1]
HAL_ETH_RxCpltCallback  0x08004edb     0x8  Code  Gb  ethernetif.o [1]
HAL_ETH_Start           0x080078fd    0x50  Code  Gb  stm32f4xx_hal_eth.o [1]
HAL_ETH_TransmitFrame   0x08007657    0xe4  Code  Gb  stm32f4xx_hal_eth.o [1]
HAL_ETH_TxCpltCallback  0x0800781b     0x2  Code  Wk  stm32f4xx_hal_eth.o [1]
HAL_ETH_WritePHYRegister
                        0x08007895    0x68  Code  Gb  stm32f4xx_hal_eth.o [1]
HAL_FMC_MspInit         0x0800b579    0x74  Code  Lc  fmc.o [1]
HAL_GPIO_Init           0x08007121   0x1ce  Code  Gb  stm32f4xx_hal_gpio.o [1]
HAL_GPIO_WritePin       0x080072ef     0x8  Code  Gb  stm32f4xx_hal_gpio.o [1]
HAL_GetTick             0x08007b3b     0x6  Code  Wk  stm32f4xx_hal.o [1]
HAL_IncTick             0x08007b2d     0xe  Code  Wk  stm32f4xx_hal.o [1]
HAL_Init                0x08007afd    0x30  Code  Gb  stm32f4xx_hal.o [1]
HAL_InitTick            0x08009ad5    0x6c  Code  Gb  stm32f4xx_hal_timebase_tim.o [1]
HAL_MspInit             0x08009b51    0x44  Code  Gb  stm32f4xx_hal_msp.o [1]
HAL_NAND_Init           0x0800bac7    0x5a  Code  Gb  stm32f4xx_hal_nand.o [1]
HAL_NAND_MspInit        0x0800b605     0x2  Code  Gb  fmc.o [1]
HAL_NVIC_EnableIRQ      0x0800739b     0xc  Code  Gb  stm32f4xx_hal_cortex.o [1]
HAL_NVIC_SetPriority    0x08007361    0x3a  Code  Gb  stm32f4xx_hal_cortex.o [1]
HAL_NVIC_SetPriorityGrouping
                        0x08007347    0x1a  Code  Gb  stm32f4xx_hal_cortex.o [1]
HAL_RCC_ClockConfig     0x080098ef    0xfc  Code  Gb  stm32f4xx_hal_rcc.o [1]
HAL_RCC_GetClockConfig  0x08009a6f    0x34  Code  Gb  stm32f4xx_hal_rcc.o [1]
HAL_RCC_GetHCLKFreq     0x08009a43     0x6  Code  Gb  stm32f4xx_hal_rcc.o [1]
HAL_RCC_GetPCLK1Freq    0x08009a49    0x10  Code  Gb  stm32f4xx_hal_rcc.o [1]
HAL_RCC_GetPCLK2Freq    0x08009a59     0xe  Code  Gb  stm32f4xx_hal_rcc.o [1]
HAL_RCC_GetSysClockFreq
                        0x080099f7    0x4c  Code  Wk  stm32f4xx_hal_rcc.o [1]
HAL_RCC_OscConfig       0x08009641   0x2a6  Code  Wk  stm32f4xx_hal_rcc.o [1]
HAL_SDRAM_Init          0x0800bb2d    0x3a  Code  Gb  stm32f4xx_hal_sdram.o [1]
HAL_SDRAM_MspInit       0x0800b607     0x2  Code  Gb  fmc.o [1]
HAL_SRAM_Init           0x0800ba75    0x52  Code  Gb  stm32f4xx_hal_sram.o [1]
HAL_SRAM_MspInit        0x0800b603     0x2  Code  Gb  fmc.o [1]
HAL_TIMEx_BreakCallback
                        0x0800b08f     0x2  Code  Wk  stm32f4xx_hal_tim_ex.o [1]
HAL_TIMEx_CommutationCallback
                        0x0800b08d     0x2  Code  Wk  stm32f4xx_hal_tim_ex.o [1]
HAL_TIM_Base_Init       0x0800aab1    0x1a  Code  Gb  stm32f4xx_hal_tim.o [1]
HAL_TIM_Base_MspInit    0x0800aacb     0x2  Code  Wk  stm32f4xx_hal_tim.o [1]
HAL_TIM_Base_Start_IT   0x0800aacd    0x16  Code  Gb  stm32f4xx_hal_tim.o [1]
HAL_TIM_IC_CaptureCallback
                        0x0800ac4b     0x2  Code  Wk  stm32f4xx_hal_tim.o [1]
HAL_TIM_IRQHandler      0x0800aaff   0x14a  Code  Gb  stm32f4xx_hal_tim.o [1]
HAL_TIM_OC_DelayElapsedCallback
                        0x0800ac49     0x2  Code  Wk  stm32f4xx_hal_tim.o [1]
HAL_TIM_PWM_PulseFinishedCallback
                        0x0800ac4d     0x2  Code  Wk  stm32f4xx_hal_tim.o [1]
HAL_TIM_PeriodElapsedCallback
                        0x0800b03f     0xe  Code  Gb  main.o [1]
HAL_TIM_TriggerCallback
                        0x0800ac4f     0x2  Code  Wk  stm32f4xx_hal_tim.o [1]
HAL_UART_ErrorCallback  0x0800b83b     0x2  Code  Wk  stm32f4xx_hal_uart.o [1]
HAL_UART_IRQHandler     0x0800b6ef   0x148  Code  Gb  stm32f4xx_hal_uart.o [1]
HAL_UART_Init           0x0800b675    0x28  Code  Gb  stm32f4xx_hal_uart.o [1]
HAL_UART_MspInit        0x0800b2f7    0xf6  Code  Gb  usart.o [1]
HAL_UART_RxCpltCallback
                        0x0800b839     0x2  Code  Wk  stm32f4xx_hal_uart.o [1]
HAL_UART_TxCpltCallback
                        0x0800b837     0x2  Code  Wk  stm32f4xx_hal_uart.o [1]
HEAP$$Base              0x2000be48           --   Gb  - Linker created -
HEAP$$Limit             0x2000de48           --   Gb  - Linker created -
HardFault_Handler       0x0800c753     0x2  Code  Gb  stm32f4xx_it.o [1]
IP_ADDRESS              0x2000abc4     0x4  Data  Gb  lwip.o [1]
InStream_Read           0x0800c279    0x22  Code  Lc  packbits_init.o [5]
LoadInt                 0x080058a9    0x6e  Code  Lc  xprintffull.o [3]
MX_FMC_Init             0x0800b45d   0x11c  Code  Gb  fmc.o [1]
MX_FREERTOS_Init        0x0800b62d    0x20  Code  Gb  freertos.o [1]
MX_GPIO_Init            0x0800b0f5   0x144  Code  Gb  gpio.o [1]
MX_LWIP_Init            0x0800bb69    0xc8  Code  Gb  lwip.o [1]
MX_UART7_Init           0x0800b279    0x18  Code  Gb  usart.o [1]
MX_USART1_UART_Init     0x0800b291    0x18  Code  Gb  usart.o [1]
MX_USART3_UART_Init     0x0800b2a9    0x18  Code  Gb  usart.o [1]
MX_USART6_UART_Init     0x0800b2df    0x18  Code  Gb  usart.o [1]
MemManage_Handler       0x0800c755     0x2  Code  Gb  stm32f4xx_it.o [1]
NETMASK_ADDRESS         0x2000abc8     0x4  Data  Gb  lwip.o [1]
NMI_Handler             0x0800c751     0x2  Code  Gb  stm32f4xx_it.o [1]
NVIC_SetPriority        0x0800732d    0x1a  Code  Lc  stm32f4xx_hal_cortex.o [1]
PendSV_Handler          0x0800ad11          Code  Gb  portasm.o [1]
Region$$Table$$Base     0x0800c7c8           --   Gb  - Linker created -
Region$$Table$$Limit    0x0800c7f4           --   Gb  - Linker created -
Rx_Buff                 0x20003f8c  0x17d0  Data  Gb  ethernetif.o [1]
SVC_Handler             0x0800ad69          Code  Gb  portasm.o [1]
StartDefaultTask        0x0800b651     0xe  Code  Gb  freertos.o [1]
SysTick_Handler         0x0800a08b    0x26  Code  Gb  port.o [1]
SystemClock_Config      0x0800afa5    0x9a  Code  Gb  main.o [1]
SystemCoreClock         0x20000220     0x4  Data  Gb  system_stm32f4xx.o [1]
SystemInit              0x0800c601    0x3a  Code  Gb  system_stm32f4xx.o [1]
TIM8_UP_TIM13_IRQHandler
                        0x0800c763     0x6  Code  Gb  stm32f4xx_it.o [1]
TIM_Base_SetConfig      0x0800ac51    0x90  Code  Gb  stm32f4xx_hal_tim.o [1]
Tx_Buff                 0x2000575c  0x17d0  Data  Gb  ethernetif.o [1]
UART_DMAAbortOnError    0x0800b859    0x10  Code  Lc  stm32f4xx_hal_uart.o [1]
UART_EndRxTransfer      0x0800b83d    0x1c  Code  Lc  stm32f4xx_hal_uart.o [1]
UART_Receive_IT         0x0800b869    0x7e  Code  Lc  stm32f4xx_hal_uart.o [1]
UART_SetConfig          0x0800b8f5   0x13a  Code  Lc  stm32f4xx_hal_uart.o [1]
USART1_IRQHandler       0x0800c75d     0x6  Code  Gb  stm32f4xx_it.o [1]
UsageFault_Handler      0x0800c759     0x2  Code  Gb  stm32f4xx_it.o [1]
_Close_all              0x0800c661    0x58  Code  Gb  xcloseall.o [3]
_EncodingSb_Mbtowc      0x08009bc3    0x30  Code  Gb  xencoding_sb.o [3]
_EncodingSb_Wctomb      0x08009ba9    0x1a  Code  Gb  xencoding_sb.o [3]
_Files                  0x200001bc    0x20  Data  Gb  xfiles.o [3]
_Fofree                 0x0800c4d9    0x78  Code  Gb  xfofind.o [3]
_Fspos                  0x0800bfa5    0xd6  Code  Gb  xfspos.o [3]
_Fwprep                 0x0800c365    0xb6  Code  Gb  xfwprep.o [3]
_GenldFull              0x08006133   0x24e  Code  Lc  xprintffull.o [3]
_IsdstStr               0x2000008c     0x4  Data  Gb  setlocale.o [3]
_LdtobFull              0x08005d31   0x3fc  Code  Lc  xprintffull.o [3]
_LitobFull              0x08005c29   0x106  Code  Lc  xprintffull.o [3]
_LocaleEncoding         0x08009b95     0xe  Code  Gb  setlocale.o [3]
_LocaleReturnString     0x200000ac    0x50  Data  Lc  setlocale.o [3]
_Locale_Profile         0x20000090    0x1c  Data  Gb  setlocale.o [3]
_Locale_aeabi_lconv     0x20000050    0x38  Data  Gb  localeconv.o [3]
_Locale_lconv           0x20000000    0x50  Data  Gb  localeconv.o [3]
_Mbtowc                 0x08007b6d    0x20  Code  Gb  xmbtowc.o [3]
_Nnl                    0x0800c12d     0xc  Code  Gb  xfgpos.o [3]
_PrintfFull             0x08005275   0x61e  Code  Gb  xprintffull.o [3]
_Prout                  0x0800c827    0x16  Code  Gb  xprout.o [3]
_PutcharsFull           0x08006381    0x2e  Code  Lc  xprintffull.o [3]
_PutstrFull             0x08005917   0x30c  Code  Lc  xprintffull.o [3]
_TzoneStr               0x20000088     0x4  Data  Gb  setlocale.o [3]
_Wctomb                 0x08007cf1    0x1a  Code  Gb  xwctomb.o [3]
__aeabi_cdcmple         0x08007ebd          Code  Gb  DblCmpLe.o [4]
__aeabi_cdrcmple        0x08007eed          Code  Gb  DblCmpGe.o [4]
__aeabi_d2iz            0x08008035          Code  Gb  DblToI32.o [4]
__aeabi_d2uiz           0x08008061          Code  Gb  DblToI32.o [4]
__aeabi_ddiv            0x080083e1          Code  Gb  DblDiv.o [4]
__aeabi_dmul            0x0800823d          Code  Gb  DblMul.o [4]
__aeabi_dsub            0x080080bd          Code  Gb  DblSub.o [4]
__aeabi_errno_addr      0x0800c185     0x6  Code  Gb  errno.o [3]
__aeabi_i2d             0x0800808d          Code  Gb  I32ToDbl.o [4]
__aeabi_ldiv0           0x08009c35          Code  Gb  I64DivZer.o [5]
__aeabi_memclr4         0x08004aa5          Code  Gb  ABImemclr4.o [5]
__aeabi_ui2d            0x080080a1          Code  Gb  I32ToDbl.o [4]
__aeabi_uldivmod        0x08007d8d          Code  Gb  I64DivMod.o [5]
__cexit_closeall        0x0800c81b          Code  Gb  cexit.o [5]
__close                 0x0800c5cf    0x1a  Code  Gb  close.o [6]
__cmain                 0x0800c7f5          Code  Gb  cmain.o [5]
__cstart_closeall       0x0800c9e0          Data  Gb  cstart_closeall.o [5]
__data_Aldata           0x2000adec     0x8  Data  Gb  xxmemxmalloc.o [3]
__data_GetMemChunk      0x08009c09    0x2c  Code  Gb  xgetmemchunk.o [3]
__dwrite                0x0800c1a5    0x1e  Code  Gb  dwrite.o [6]
__exit                  0x0800c351    0x14  Code  Gb  exit.o [6]
__iar_Dnorm             0x08007e7b    0x42  Code  Gb  xdnorm.o [4]
__iar_Dscale            0x08007f1d   0x118  Code  Gb  xdscale.o [4]
__iar_Errno             0x20000224     0x4  Data  Gb  errno.o [3]
__iar_Locale_lconv_init
                        0x08008639    0x3a  Code  Gb  localeconv.o [3]
__iar_Lockfilelock      0x0800c191     0x2  Code  Gb  xsyslock_nop.o [3]
__iar_Mbcurmax          0x08007c35     0xa  Code  Gb  xmbcurmax.o [3]
__iar_Memchr            0x08007bdd          Code  Gb  memchr.o [5]
__iar_Memset4_word      0x08006685          Code  Gb  ABImemset48.o [5]
__iar_Memset8_word      0x08006685          Code  Gb  ABImemset48.o [5]
__iar_Stderr            0x2000017c    0x40  Data  Gb  xfiles.o [3]
__iar_Stdin             0x200000fc    0x40  Data  Gb  xfiles.o [3]
__iar_Stdout            0x2000013c    0x40  Data  Gb  xfiles.o [3]
__iar_Strchr            0x08007b8d          Code  Gb  strchr.o [5]
__iar_Unlockfilelock    0x0800c193     0x2  Code  Gb  xsyslock_nop.o [3]
__iar_close_ttio        0x0800c205    0x2e  Code  Gb  iarttio.o [6]
__iar_d2uiz             0x0800806d          Code  Gb  DblToI32.o [4]
__iar_dadd              0x08009c39          Code  Gb  DblAdd.o [4]
__iar_data_init3        0x0800c77d    0x28  Code  Gb  data_init.o [5]
__iar_dlib_perthread_access
                        0x08009d0d     0x2  Code  Gb  xtls.o [3]
__iar_dsub              0x080080d1          Code  Gb  DblSub.o [4]
__iar_dsubStart         0x080080e3          Code  Gb  DblSub.o [4]
__iar_get_ttio          0x0800c235    0x38  Code  Gb  iarttio.o [6]
__iar_init_vfp          0x0800c7a5          Code  Gb  fpinit_M.o [4]
__iar_lookup_ttioh      0x0800c271     0x8  Code  Gb  XShttio.o [3]
__iar_packbits_init3    0x0800c29b    0xae  Code  Gb  packbits_init.o [5]
__iar_program_start     0x0800c865          Code  Gb  cstartup_M.o [5]
__iar_sh_Discard        0x0800bec5    0x44  Code  Gb  XShHandles.o [3]
__iar_sh_Move           0x0800bf0f    0x4c  Code  Gb  XShHandles.o [3]
__iar_sh_Pos            0x0800bf5b    0x44  Code  Gb  XShHandles.o [3]
__iar_sh_stdout         0x0800c1c3    0x20  Code  Gb  iarwstd.o [6]
__iar_sh_write          0x0800c1e3    0x22  Code  Gb  iarwrite.o [6]
__iar_ttio_handles      0x20000218     0x8  Data  Lc  XShttio.o [3]
__iar_ui2d              0x080080a5          Code  Gb  I32ToDbl.o [4]
__iar_unaligned___aeabi_memcpy
                        0x08004a2d          Code  Gb  ABImemcpy_unaligned.o [5]
__iar_unaligned___aeabi_memcpy4
                        0x08004a4d          Code  Gb  ABImemcpy_unaligned.o [5]
__iar_unaligned___aeabi_memcpy8
                        0x08004a4d          Code  Gb  ABImemcpy_unaligned.o [5]
__iar_unaligned_memcmp  0x0800b091          Code  Gb  memcmp_unaligned.o [5]
__iar_zero_init3        0x0800c70f    0x40  Code  Gb  zero_init3.o [5]
__low_level_init        0x0800c80f     0x4  Code  Gb  low_level_init.o [3]
__lseek                 0x0800c139    0x4c  Code  Gb  lseek.o [6]
__vector_table          0x08000000          Data  Gb  startup_stm32f427xx.o [1]
__write                 0x0800c195    0x10  Code  Gb  write.o [6]
_call_main              0x0800c801          Code  Gb  cmain.o [5]
_exit                   0x0800c819          Code  Gb  cexit.o [5]
_main                   0x0800c80b          Code  Gb  cmain.o [5]
abort                   0x0800c349     0x6  Code  Gb  abort.o [3]
ackno                   0x2000ad44     0x4  Data  Lc  tcp_in.o [1]
arp_table               0x2000a3cc    0xf0  Data  Lc  etharp.o [1]
cyclic_timer            0x08003db5    0x14  Code  Lc  timeouts.o [1]
defaultTaskHandle       0x2000adf8     0x4  Data  Gb  freertos.o [1]
div                     0x080086a5     0xe  Code  Gb  div.o [3]
do_memp_free_pool       0x08003be9    0x34  Code  Lc  memp.o [1]
do_memp_malloc_pool     0x08003b79    0x42  Code  Lc  memp.o [1]
ebuf                    0x2000aaf4    0x50  Data  Lc  xfiles.o [3]
etharp_cached_entry     0x2000ae3e     0x1  Data  Lc  etharp.o [1]
etharp_cleanup_netif    0x0800a3b1    0x28  Code  Gb  etharp.o [1]
etharp_find_entry       0x0800a1b3   0x166  Code  Lc  etharp.o [1]
etharp_free_entry       0x0800a139    0x20  Code  Lc  etharp.o [1]
etharp_input            0x0800a3e1    0xac  Code  Gb  etharp.o [1]
etharp_output           0x0800a4ff   0x100  Code  Gb  etharp.o [1]
etharp_output_to_arp_index
                        0x0800a48d    0x66  Code  Lc  etharp.o [1]
etharp_query            0x0800a621   0x136  Code  Gb  etharp.o [1]
etharp_raw              0x0800a76d    0xc2  Code  Lc  etharp.o [1]
etharp_request          0x0800a851     0x4  Code  Gb  etharp.o [1]
etharp_request_dst      0x0800a82f    0x22  Code  Lc  etharp.o [1]
etharp_tmr              0x0800a159    0x5a  Code  Gb  etharp.o [1]
etharp_update_arp_entry
                        0x0800a319    0x98  Code  Lc  etharp.o [1]
ethbroadcast            0x0800af60     0x8  Data  Gb  ethernet.o [1]
ethernet_input          0x0800adb9    0x90  Code  Gb  ethernet.o [1]
ethernet_output         0x0800ae49    0x6a  Code  Gb  ethernet.o [1]
ethernetif_init         0x08005183    0x38  Code  Gb  ethernetif.o [1]
ethernetif_input        0x08005153    0x30  Code  Gb  ethernetif.o [1]
ethzero                 0x0800c870     0x8  Data  Gb  ethernet.o [1]
exit                    0x0800c813     0x4  Code  Gb  exit.o [3]
fclose                  0x0800c555    0x7a  Code  Gb  fclose.o [3]
fflush                  0x0800c0f3    0x34  Code  Gb  fflush.o [3]
fflushOne               0x0800c07d    0x76  Code  Lc  fflush.o [3]
flags                   0x2000ad18     0x1  Data  Lc  tcp_in.o [1]
fputc                   0x0800c6b9    0x56  Code  Gb  fputc.o [3]
free                    0x08007d0d    0x7a  Code  Gb  xxmemxfree.o [3]
fseek                   0x0800c41b    0x22  Code  Gb  fseek.o [3]
gnetif                  0x2000ab94    0x30  Data  Gb  lwip.o [1]
gw                      0x2000abd8     0x4  Data  Gb  lwip.o [1]
heth                    0x20003e40    0x48  Data  Gb  ethernetif.o [1]
hnand1                  0x2000a5a0    0x40  Data  Gb  fmc.o [1]
hsdram2                 0x2000a630    0x34  Data  Gb  fmc.o [1]
hsram3                  0x2000a5e0    0x50  Data  Gb  fmc.o [1]
htim13                  0x2000acdc    0x3c  Data  Gb  stm32f4xx_hal_timebase_tim.o [1]
huart1                  0x2000ac1c    0x40  Data  Gb  usart.o [1]
huart3                  0x2000ac5c    0x40  Data  Gb  usart.o [1]
huart6                  0x2000ac9c    0x40  Data  Gb  usart.o [1]
huart7                  0x2000abdc    0x40  Data  Gb  usart.o [1]
inHandlerMode           0x080063d9     0xc  Code  Lc  cmsis_os.o [1]
inseg                   0x2000ad1c    0x10  Data  Lc  tcp_in.o [1]
ip4_addr_isbroadcast_u32
                        0x08001755    0x34  Code  Gb  ip4_addr.o [1]
ip4_frag                0x08006ba9   0x1a8  Code  Gb  ip4_frag.o [1]
ip4_input               0x08004afd   0x13e  Code  Gb  ip4.o [1]
ip4_output_if           0x08004c3b    0x24  Code  Gb  ip4.o [1]
ip4_output_if_src       0x08004c5f    0xca  Code  Gb  ip4.o [1]
ip4_reass               0x080069e3   0x176  Code  Gb  ip4_frag.o [1]
ip4_route               0x08004aad    0x50  Code  Gb  ip4.o [1]
ip_addr_any             0x0800c888     0x4  Data  Gb  ip4_addr.o [1]
ip_data                 0x2000ada8    0x18  Data  Gb  ip.o [1]
ip_frag_free_pbuf_custom_ref
                        0x08006b59    0x26  Code  Lc  ip4_frag.o [1]
ip_id                   0x2000ae3c     0x2  Data  Lc  ip4.o [1]
ip_reass_chain_frag_into_datagram_and_validate
                        0x08006885   0x15e  Code  Lc  ip4_frag.o [1]
ip_reass_dequeue_datagram
                        0x08006849    0x3c  Code  Lc  ip4_frag.o [1]
ip_reass_enqueue_new_datagram
                        0x080067f9    0x50  Code  Lc  ip4_frag.o [1]
ip_reass_free_complete_datagram
                        0x080066e5    0x98  Code  Lc  ip4_frag.o [1]
ip_reass_pbufcount      0x2000addc     0x2  Data  Lc  ip4_frag.o [1]
ip_reass_remove_oldest_datagram
                        0x08006783    0x76  Code  Lc  ip4_frag.o [1]
ip_reass_tmr            0x080066b9    0x2c  Code  Gb  ip4_frag.o [1]
ipaddr                  0x2000abd0     0x4  Data  Gb  lwip.o [1]
ipfrag_free_pbuf_custom
                        0x08006b7f    0x2a  Code  Lc  ip4_frag.o [1]
lfree                   0x20009538     0x4  Data  Lc  mem.o [1]
localeconv              0x08008673    0x16  Code  Gb  localeconv.o [3]
lock_tcpip_core         0x2000adcc     0x4  Data  Gb  tcpip.o [1]
low_level_init          0x08004ee3   0x118  Code  Lc  ethernetif.o [1]
low_level_input         0x0800509b    0xb8  Code  Lc  ethernetif.o [1]
low_level_output        0x08004ffb    0xa0  Code  Lc  ethernetif.o [1]
lwip_cyclic_timers      0x08003fe4    0x18  Data  Gb  timeouts.o [1]
lwip_htonl              0x080022e7    0x18  Code  Gb  def.o [1]
lwip_htons              0x080022dd     0xa  Code  Gb  def.o [1]
lwip_init               0x0800665f    0x24  Code  Gb  init.o [1]
lwip_sys_mutex          0x2000ae30     0x4  Data  Gb  sys_arch.o [1]
main                    0x0800af69    0x3c  Code  Gb  main.o [1]
makeFreeRtosPriority    0x080063cd     0xc  Code  Lc  cmsis_os.o [1]
malloc                  0x08007c41    0xac  Code  Gb  xxmemxmalloc.o [3]
mbox                    0x2000adc8     0x4  Data  Lc  tcpip.o [1]
mem_free                0x0800452b    0x9c  Code  Gb  mem.o [1]
mem_init                0x080044dd    0x4e  Code  Gb  mem.o [1]
mem_malloc              0x080046c7   0x11c  Code  Gb  mem.o [1]
mem_mutex               0x20009b90     0x4  Data  Lc  mem.o [1]
mem_trim                0x080045c7   0x100  Code  Gb  mem.o [1]
memchr                  0x08007bdd          Code  Gb  memchr.o [5]
memp_FRAG_PBUF          0x0800c478     0xc  Data  Gb  memp.o [1]
memp_NETBUF             0x0800c484     0xc  Data  Gb  memp.o [1]
memp_NETCONN            0x0800c490     0xc  Data  Gb  memp.o [1]
memp_PBUF               0x0800c4c0     0xc  Data  Gb  memp.o [1]
memp_PBUF_POOL          0x0800c4cc     0xc  Data  Gb  memp.o [1]
memp_REASSDATA          0x0800c46c     0xc  Data  Gb  memp.o [1]
memp_SYS_TIMEOUT        0x0800c4b4     0xc  Data  Gb  memp.o [1]
memp_TCPIP_MSG_API      0x0800c49c     0xc  Data  Gb  memp.o [1]
memp_TCPIP_MSG_INPKT    0x0800c4a8     0xc  Data  Gb  memp.o [1]
memp_TCP_PCB            0x0800c448     0xc  Data  Gb  memp.o [1]
memp_TCP_PCB_LISTEN     0x0800c454     0xc  Data  Gb  memp.o [1]
memp_TCP_SEG            0x0800c460     0xc  Data  Gb  memp.o [1]
memp_UDP_PCB            0x0800c43c     0xc  Data  Gb  memp.o [1]
memp_free               0x08003c1d    0x26  Code  Gb  memp.o [1]
memp_init               0x08003b61    0x18  Code  Gb  memp.o [1]
memp_init_pool          0x08003b39    0x28  Code  Gb  memp.o [1]
memp_malloc             0x08003bc3    0x26  Code  Gb  memp.o [1]
memp_memory_FRAG_PBUF_base
                        0x2000a058   0x16c  Data  Gb  memp.o [1]
memp_memory_NETBUF_base
                        0x2000ad84    0x24  Data  Gb  memp.o [1]
memp_memory_NETCONN_base
                        0x2000a664    0xb4  Data  Gb  memp.o [1]
memp_memory_PBUF_POOL_base
                        0x20006f2c  0x2604  Data  Gb  memp.o [1]
memp_memory_PBUF_base   0x2000a2c8   0x104  Data  Gb  memp.o [1]
memp_memory_REASSDATA_base
                        0x2000a718    0xa4  Data  Gb  memp.o [1]
memp_memory_SYS_TIMEOUT_base
                        0x2000ad50    0x34  Data  Gb  memp.o [1]
memp_memory_TCPIP_MSG_API_base
                        0x2000a96c    0x84  Data  Gb  memp.o [1]
memp_memory_TCPIP_MSG_INPKT_base
                        0x2000a9f0    0x84  Data  Gb  memp.o [1]
memp_memory_TCP_PCB_LISTEN_base
                        0x2000a4bc    0xe4  Data  Gb  memp.o [1]
memp_memory_TCP_PCB_base
                        0x20009b94   0x4c4  Data  Gb  memp.o [1]
memp_memory_TCP_SEG_base
                        0x2000a1c4   0x104  Data  Gb  memp.o [1]
memp_memory_UDP_PCB_base
                        0x2000a8e8    0x84  Data  Gb  memp.o [1]
memp_pools              0x08003d38    0x34  Data  Gb  memp.o [1]
memp_tab_FRAG_PBUF      0x2000ae10     0x4  Data  Lc  memp.o [1]
memp_tab_NETBUF         0x2000ae14     0x4  Data  Lc  memp.o [1]
memp_tab_NETCONN        0x2000ae18     0x4  Data  Lc  memp.o [1]
memp_tab_PBUF           0x2000ae28     0x4  Data  Lc  memp.o [1]
memp_tab_PBUF_POOL      0x2000ae2c     0x4  Data  Lc  memp.o [1]
memp_tab_REASSDATA      0x2000ae0c     0x4  Data  Lc  memp.o [1]
memp_tab_SYS_TIMEOUT    0x2000ae24     0x4  Data  Lc  memp.o [1]
memp_tab_TCPIP_MSG_API  0x2000ae1c     0x4  Data  Lc  memp.o [1]
memp_tab_TCPIP_MSG_INPKT
                        0x2000ae20     0x4  Data  Lc  memp.o [1]
memp_tab_TCP_PCB        0x2000ae00     0x4  Data  Lc  memp.o [1]
memp_tab_TCP_PCB_LISTEN
                        0x2000ae04     0x4  Data  Lc  memp.o [1]
memp_tab_TCP_SEG        0x2000ae08     0x4  Data  Lc  memp.o [1]
memp_tab_UDP_PCB        0x2000adfc     0x4  Data  Lc  memp.o [1]
netif_add               0x0800945b    0x6c  Code  Gb  netif.o [1]
netif_default           0x2000add8     0x4  Data  Gb  netif.o [1]
netif_init              0x08009459     0x2  Code  Gb  netif.o [1]
netif_issue_reports     0x08009581    0x18  Code  Lc  netif.o [1]
netif_list              0x2000add4     0x4  Data  Gb  netif.o [1]
netif_num               0x2000add0     0x1  Data  Lc  netif.o [1]
netif_set_addr          0x080094c7    0x44  Code  Gb  netif.o [1]
netif_set_default       0x08009557     0x6  Code  Gb  netif.o [1]
netif_set_down          0x08009599    0x1a  Code  Gb  netif.o [1]
netif_set_gw            0x08009547     0x8  Code  Gb  netif.o [1]
netif_set_ipaddr        0x0800950b    0x3c  Code  Gb  netif.o [1]
netif_set_netmask       0x0800954f     0x8  Code  Gb  netif.o [1]
netif_set_up            0x08009565    0x1c  Code  Gb  netif.o [1]
netmask                 0x2000abd4     0x4  Data  Gb  lwip.o [1]
next_timeout            0x2000ade4     0x4  Data  Lc  timeouts.o [1]
obuf                    0x2000ab44    0x50  Data  Lc  xfiles.o [3]
osDelay                 0x08006437     0xe  Code  Gb  cmsis_os.o [1]
osKernelStart           0x080063e5     0xa  Code  Gb  cmsis_os.o [1]
osKernelSysTick         0x080063ef    0x1a  Code  Gb  cmsis_os.o [1]
osMessageCreate         0x08006583     0xa  Code  Gb  cmsis_os.o [1]
osMessageGet            0x080065e9    0x62  Code  Gb  cmsis_os.o [1]
osMessagePut            0x0800658d    0x46  Code  Gb  cmsis_os.o [1]
osMutexCreate           0x08006445     0x6  Code  Gb  cmsis_os.o [1]
osMutexRelease          0x0800648b    0x30  Code  Gb  cmsis_os.o [1]
osMutexWait             0x0800644b    0x40  Code  Gb  cmsis_os.o [1]
osSemaphoreCreate       0x080064bb    0x26  Code  Gb  cmsis_os.o [1]
osSemaphoreRelease      0x0800653f    0x30  Code  Gb  cmsis_os.o [1]
osSemaphoreWait         0x080064e1    0x40  Code  Gb  cmsis_os.o [1]
osThreadCreate          0x08006409    0x2e  Code  Gb  cmsis_os.o [1]
os_mutex_def_lwip_sys_mutex
                        0x08004158     0x4  Data  Gb  sys_arch.o [1]
pbuf_alloc              0x080017f1   0x1d0  Code  Gb  pbuf.o [1]
pbuf_alloced_custom     0x080019e5    0x68  Code  Gb  pbuf.o [1]
pbuf_cat                0x08001cc5    0x72  Code  Gb  pbuf.o [1]
pbuf_clen               0x08001c83    0x10  Code  Gb  pbuf.o [1]
pbuf_copy               0x08001d3d    0xf4  Code  Gb  pbuf.o [1]
pbuf_copy_partial       0x08001e31    0x82  Code  Gb  pbuf.o [1]
pbuf_free               0x08001bbb    0xc2  Code  Gb  pbuf.o [1]
pbuf_free_ooseq_callback
                        0x08001789    0x2a  Code  Lc  pbuf.o [1]
pbuf_free_ooseq_pending
                        0x2000ae3f     0x1  Data  Gb  pbuf.o [1]
pbuf_header             0x08001bb7     0x4  Code  Gb  pbuf.o [1]
pbuf_header_impl        0x08001b19    0x9e  Code  Lc  pbuf.o [1]
pbuf_pool_is_empty      0x080017b3    0x32  Code  Lc  pbuf.o [1]
pbuf_realloc            0x08001a4d    0xcc  Code  Gb  pbuf.o [1]
pbuf_ref                0x08001c93    0x32  Code  Gb  pbuf.o [1]
plug_holes              0x0800442d    0xaa  Code  Lc  mem.o [1]
printf                  0x08003ffd    0x24  Code  Gb  printf.o [3]
prvAddCurrentTaskToDelayedList
                        0x08008d9d    0x68  Code  Lc  tasks.o [1]
prvAddNewTaskToReadyList
                        0x08008785    0xa6  Code  Lc  tasks.o [1]
prvCopyDataFromQueue    0x080093b1    0x26  Code  Lc  queue.o [1]
prvCopyDataToQueue      0x08009349    0x68  Code  Lc  queue.o [1]
prvDeleteTCB            0x08008c05    0x14  Code  Lc  tasks.o [1]
prvIdleTask             0x08008b9d    0x54  Code  Lc  tasks.o [1]
prvInitialiseNewQueue   0x08008ed3    0x16  Code  Lc  queue.o [1]
prvInitialiseNewTask    0x0800870d    0x78  Code  Lc  tasks.o [1]
prvInsertBlockIntoFreeList
                        0x08009e6f    0x46  Code  Lc  heap_4.o [1]
prvIsQueueEmpty         0x0800943d    0x16  Code  Lc  queue.o [1]
prvResetNextTaskUnblockTime
                        0x08008c19    0x1c  Code  Lc  tasks.o [1]
prvTaskExitError        0x08009f75    0x28  Code  Lc  port.o [1]
prvUnlockQueue          0x080093d7    0x66  Code  Lc  queue.o [1]
putchar                 0x0800c83d     0xc  Code  Gb  putchar.o [3]
pvPortMalloc            0x08009d11    0xfa  Code  Gb  heap_4.o [1]
pvTaskIncrementMutexHeldCount
                        0x08008d57    0x14  Code  Gb  tasks.o [1]
pxCurrentTCB            0x2000a7e4     0x4  Data  Gb  tasks.o [1]
pxDelayedTaskList       0x2000a7e8     0x4  Data  Lc  tasks.o [1]
pxEnd                   0x20000230     0x4  Data  Lc  heap_4.o [1]
pxOverflowDelayedTaskList
                        0x2000a7ec     0x4  Data  Lc  tasks.o [1]
pxPortInitialiseStack   0x08009f4d    0x26  Code  Gb  port.o [1]
pxReadyTasksLists       0x2000a85c    0x8c  Data  Lc  tasks.o [1]
ram                     0x20009530     0x4  Data  Lc  mem.o [1]
ram_end                 0x20009534     0x4  Data  Lc  mem.o [1]
ram_heap                0x2000953c   0x654  Data  Gb  mem.o [1]
reassdatagrams          0x2000ade0     0x4  Data  Lc  ip4_frag.o [1]
recv_acked              0x2000ad32     0x2  Data  Lc  tcp_in.o [1]
recv_data               0x2000ad48     0x4  Data  Lc  tcp_in.o [1]
recv_flags              0x2000ad19     0x1  Data  Lc  tcp_in.o [1]
remove                  0x0800c5e9    0x16  Code  Gb  remove.o [6]
sFileInfo               0x2000aa74    0x80  Data  Lc  XShHandles.o [3]
s_xSemaphore            0x20003e88     0x4  Data  Gb  ethernetif.o [1]
seqno                   0x2000ad40     0x4  Data  Lc  tcp_in.o [1]
strchr                  0x08007b8d          Code  Gb  strchr.o [5]
strlen                  0x08007ba5          Code  Gb  strlen.o [5]
sys_arch_mbox_fetch     0x0800406f    0x3e  Code  Gb  sys_arch.o [1]
sys_arch_protect        0x08004123    0x12  Code  Gb  sys_arch.o [1]
sys_arch_unprotect      0x0800413d     0x8  Code  Gb  sys_arch.o [1]
sys_init                0x080040b7    0x10  Code  Gb  sys_arch.o [1]
sys_mbox_new            0x08004021    0x24  Code  Gb  sys_arch.o [1]
sys_mbox_post           0x08004045    0x18  Code  Gb  sys_arch.o [1]
sys_mbox_trypost        0x0800405d    0x12  Code  Gb  sys_arch.o [1]
sys_mbox_valid          0x080040ad     0x2  Code  Gb  sys_arch.o [1]
sys_mutex_lock          0x080040eb     0xa  Code  Gb  sys_arch.o [1]
sys_mutex_new           0x080040c7    0x1e  Code  Gb  sys_arch.o [1]
sys_mutex_unlock        0x080040f5     0x2  Code  Gb  sys_arch.o [1]
sys_now                 0x080051e9     0x4  Code  Gb  ethernetif.o [1]
sys_thread_new          0x080040f7    0x2c  Code  Gb  sys_arch.o [1]
sys_timeout             0x08003df3    0x8e  Code  Gb  timeouts.o [1]
sys_timeouts_init       0x08003dc9    0x22  Code  Gb  timeouts.o [1]
sys_timeouts_mbox_fetch
                        0x08003e81    0x8e  Code  Gb  timeouts.o [1]
tcp_abandon             0x08002533    0xdc  Code  Gb  tcp.o [1]
tcp_abort               0x08002645     0x4  Code  Gb  tcp.o [1]
tcp_active_pcbs         0x200001ec     0x4  Data  Gb  tcp.o [1]
tcp_active_pcbs_changed
                        0x200001dc     0x1  Data  Gb  tcp.o [1]
tcp_alloc               0x08002beb    0xe6  Code  Gb  tcp.o [1]
tcp_backoff             0x08003108    0x10  Data  Lc  tcp.o [1]
tcp_bound_pcbs          0x200001e4     0x4  Data  Gb  tcp.o [1]
tcp_close               0x08002521    0x12  Code  Gb  tcp.o [1]
tcp_close_shutdown      0x08002321   0x14e  Code  Lc  tcp.o [1]
tcp_close_shutdown_fin  0x0800246f    0x72  Code  Lc  tcp.o [1]
tcp_create_segment      0x080031e1    0xae  Code  Lc  tcp_out.o [1]
tcp_eff_send_mss_impl   0x08002dd9    0x22  Code  Gb  tcp.o [1]
tcp_enqueue_flags       0x080032a9   0x114  Code  Gb  tcp_out.o [1]
tcp_fasttmr             0x08002a51    0x64  Code  Gb  tcp.o [1]
tcp_getoptbyte          0x0800146b    0x26  Code  Lc  tcp_in.o [1]
tcp_init                0x08002301     0x2  Code  Gb  tcp.o [1]
tcp_input               0x080001ad   0x424  Code  Gb  tcp_in.o [1]
tcp_input_delayed_close
                        0x08000737    0x40  Code  Lc  tcp_in.o [1]
tcp_input_pcb           0x2000ad4c     0x4  Data  Gb  tcp_in.o [1]
tcp_keepalive           0x08003841    0x3e  Code  Gb  tcp_out.o [1]
tcp_kill_state          0x08002b99    0x52  Code  Lc  tcp.o [1]
tcp_listen_input        0x08000777    0xdc  Code  Lc  tcp_in.o [1]
tcp_listen_pcbs         0x200001e8     0x4  Data  Gb  tcp.o [1]
tcp_netif_ip_addr_changed
                        0x08002e19    0x44  Code  Gb  tcp.o [1]
tcp_netif_ip_addr_changed_pcblist
                        0x08002dfb    0x1e  Code  Lc  tcp.o [1]
tcp_next_iss            0x08002dcd     0xc  Code  Gb  tcp.o [1]
tcp_oos_insert_segment  0x08000c21    0x68  Code  Lc  tcp_in.o [1]
tcp_optidx              0x2000ad30     0x2  Data  Lc  tcp_in.o [1]
tcp_output              0x0800341b   0x1ee  Code  Gb  tcp_out.o [1]
tcp_output_alloc_header
                        0x08003121    0x84  Code  Lc  tcp_out.o [1]
tcp_output_segment      0x0800362d    0x9e  Code  Lc  tcp_out.o [1]
tcp_parseopt            0x08001491    0x66  Code  Lc  tcp_in.o [1]
tcp_pcb_lists           0x08002718    0x10  Data  Gb  tcp.o [1]
tcp_pcb_purge           0x08002cef    0x48  Code  Gb  tcp.o [1]
tcp_pcb_remove          0x08002d37    0x96  Code  Gb  tcp.o [1]
tcp_persist_backoff     0x08003118     0x8  Data  Lc  tcp.o [1]
tcp_process             0x08000871   0x37c  Code  Lc  tcp_in.o [1]
tcp_process_refused_data
                        0x08002ab5    0x6e  Code  Gb  tcp.o [1]
tcp_receive             0x08000cb3   0x744  Code  Lc  tcp_in.o [1]
tcp_recv_null           0x08002b75    0x24  Code  Gb  tcp.o [1]
tcp_recved              0x080026a1    0x72  Code  Gb  tcp.o [1]
tcp_rexmit              0x080037a9    0x48  Code  Gb  tcp_out.o [1]
tcp_rexmit_fast         0x080037f1    0x50  Code  Gb  tcp_out.o [1]
tcp_rexmit_rto          0x0800377b    0x2e  Code  Gb  tcp_out.o [1]
tcp_rst                 0x080036dd    0x90  Code  Gb  tcp_out.o [1]
tcp_seg_copy            0x08002b51    0x24  Code  Gb  tcp.o [1]
tcp_seg_free            0x08002b35    0x1c  Code  Gb  tcp.o [1]
tcp_segs_free           0x08002b23    0x12  Code  Gb  tcp.o [1]
tcp_send_empty_ack      0x080033c3    0x58  Code  Gb  tcp_out.o [1]
tcp_send_fin            0x080031a5    0x3c  Code  Gb  tcp_out.o [1]
tcp_slowtmr             0x08002729   0x320  Code  Gb  tcp.o [1]
tcp_ticks               0x200001e0     0x4  Data  Gb  tcp.o [1]
tcp_timer               0x2000ae40     0x1  Data  Lc  tcp.o [1]
tcp_timer_ctr           0x200001dd     0x1  Data  Lc  tcp.o [1]
tcp_timer_needed        0x08003d8f    0x1e  Code  Gb  timeouts.o [1]
tcp_tmr                 0x08002303    0x1e  Code  Gb  tcp.o [1]
tcp_trigger_input_pcb_close
                        0x080014f7     0xc  Code  Gb  tcp_in.o [1]
tcp_tw_pcbs             0x200001f0     0x4  Data  Gb  tcp.o [1]
tcp_update_rcv_ann_wnd  0x08002651    0x50  Code  Gb  tcp.o [1]
tcp_zero_window_probe   0x080038a1    0xb4  Code  Gb  tcp_out.o [1]
tcphdr                  0x2000ad38     0x4  Data  Lc  tcp_in.o [1]
tcphdr_opt1len          0x2000ad2e     0x2  Data  Lc  tcp_in.o [1]
tcphdr_opt2             0x2000ad3c     0x4  Data  Lc  tcp_in.o [1]
tcphdr_optlen           0x2000ad2c     0x2  Data  Lc  tcp_in.o [1]
tcpip_callback_with_block
                        0x08004247    0x52  Code  Gb  tcpip.o [1]
tcpip_init              0x080042b9    0x66  Code  Gb  tcpip.o [1]
tcpip_init_done         0x2000adc0     0x4  Data  Lc  tcpip.o [1]
tcpip_init_done_arg     0x2000adc4     0x4  Data  Lc  tcpip.o [1]
tcpip_inpkt             0x080041f3    0x44  Code  Gb  tcpip.o [1]
tcpip_input             0x08004237    0x10  Code  Gb  tcpip.o [1]
tcpip_tcp_timer         0x08003d6d    0x22  Code  Lc  timeouts.o [1]
tcpip_tcp_timer_active  0x2000ae34     0x4  Data  Lc  timeouts.o [1]
tcpip_thread            0x0800415d    0x8c  Code  Lc  tcpip.o [1]
tcplen                  0x2000ad34     0x2  Data  Lc  tcp_in.o [1]
timeouts_last_time      0x2000ade8     0x4  Data  Lc  timeouts.o [1]
ucHeap                  0x20000240  0x3c00  Data  Lc  heap_4.o [1]
ucMaxSysCallPriority    0x200001f8     0x1  Data  Lc  port.o [1]
udp_init                0x08006f55     0x2  Code  Gb  udp.o [1]
udp_input               0x08006f57   0x10c  Code  Gb  udp.o [1]
udp_netif_ip_addr_changed
                        0x08007063    0x2e  Code  Gb  udp.o [1]
udp_pcbs                0x20000214     0x4  Data  Gb  udp.o [1]
udp_port                0x20000210     0x2  Data  Lc  udp.o [1]
ulMaxPRIGROUPValue      0x20000200     0x4  Data  Lc  port.o [1]
uwTick                  0x20000208     0x4  Data  Gb  stm32f4xx_hal.o [1]
uwTickFreq              0x20000204     0x1  Data  Gb  stm32f4xx_hal.o [1]
uwTickPrio              0x2000020c     0x4  Data  Gb  stm32f4xx_hal.o [1]
uxCriticalNesting       0x200001fc     0x4  Data  Lc  port.o [1]
uxCurrentNumberOfTasks  0x2000a808     0x4  Data  Lc  tasks.o [1]
uxDeletedTasksWaitingCleanUp
                        0x2000a7f0     0x4  Data  Lc  tasks.o [1]
uxListRemove            0x08009f27    0x24  Code  Gb  list.o [1]
uxPendedTicks           0x2000a818     0x4  Data  Lc  tasks.o [1]
uxSchedulerSuspended    0x2000a82c     0x4  Data  Lc  tasks.o [1]
uxTaskNumber            0x2000a824     0x4  Data  Lc  tasks.o [1]
uxTopReadyPriority      0x2000a810     0x4  Data  Lc  tasks.o [1]
vListInitialise         0x08009ebd    0x1a  Code  Gb  list.o [1]
vListInitialiseItem     0x08009ed7     0x6  Code  Gb  list.o [1]
vListInsert             0x08009ef5    0x32  Code  Gb  list.o [1]
vListInsertEnd          0x08009edd    0x18  Code  Gb  list.o [1]
vPortEnableVFP          0x0800ad9d          Code  Gb  portasm.o [1]
vPortEnterCritical      0x0800a035    0x32  Code  Gb  port.o [1]
vPortExitCritical       0x0800a067    0x24  Code  Gb  port.o [1]
vPortFree               0x08009e1d    0x44  Code  Gb  heap_4.o [1]
vPortSetupTimerInterrupt
                        0x0800a0b1    0x18  Code  Wk  port.o [1]
vPortStartFirstTask     0x0800ad85          Code  Gb  portasm.o [1]
vPortValidateInterruptPriority
                        0x0800a0c9    0x42  Code  Gb  port.o [1]
vTaskDelay              0x0800882b    0x28  Code  Gb  tasks.o [1]
vTaskMissedYield        0x08008b93     0xa  Code  Gb  tasks.o [1]
vTaskPlaceOnEventList   0x08008a99    0x1c  Code  Gb  tasks.o [1]
vTaskPriorityInherit    0x08008c4d    0x6e  Code  Gb  tasks.o [1]
vTaskSetTimeOutState    0x08008b1b    0x20  Code  Gb  tasks.o [1]
vTaskStartScheduler     0x0800885d    0x56  Code  Gb  tasks.o [1]
vTaskSuspendAll         0x080088b3     0xc  Code  Gb  tasks.o [1]
vTaskSwitchContext      0x08008a47    0x52  Code  Gb  tasks.o [1]
xBlockAllocatedBit      0x2000023c     0x4  Data  Lc  heap_4.o [1]
xDelayedTaskList1       0x2000a830    0x14  Data  Lc  tasks.o [1]
xDelayedTaskList2       0x2000a844    0x14  Data  Lc  tasks.o [1]
xFreeBytesRemaining     0x20000234     0x4  Data  Lc  heap_4.o [1]
xIdleTaskHandle         0x2000a858     0x4  Data  Lc  tasks.o [1]
xMinimumEverFreeBytesRemaining
                        0x20000238     0x4  Data  Lc  heap_4.o [1]
xNextTaskUnblockTime    0x2000a828     0x4  Data  Lc  tasks.o [1]
xNumOfOverflows         0x2000a820     0x4  Data  Lc  tasks.o [1]
xPendingReadyList       0x2000a7bc    0x14  Data  Lc  tasks.o [1]
xPortStartScheduler     0x08009f9d    0x84  Code  Gb  port.o [1]
xQueueCreateMutex       0x08008ee9    0x28  Code  Gb  queue.o [1]
xQueueGenericCreate     0x08008e97    0x3c  Code  Gb  queue.o [1]
xQueueGenericReceive    0x08009161   0x14e  Code  Gb  queue.o [1]
xQueueGenericReset      0x08008e19    0x7e  Code  Gb  queue.o [1]
xQueueGenericSend       0x08008f11   0x132  Code  Gb  queue.o [1]
xQueueGenericSendFromISR
                        0x08009043    0x96  Code  Gb  queue.o [1]
xQueueGiveFromISR       0x080090d9    0x88  Code  Gb  queue.o [1]
xQueueReceiveFromISR    0x080092b7    0x7c  Code  Gb  queue.o [1]
xSchedulerRunning       0x2000a814     0x4  Data  Lc  tasks.o [1]
xStart                  0x20000228     0x8  Data  Lc  heap_4.o [1]
xSuspendedTaskList      0x2000a7f4    0x14  Data  Lc  tasks.o [1]
xTaskCheckForTimeOut    0x08008b3b    0x50  Code  Gb  tasks.o [1]
xTaskCreate             0x080086b5    0x58  Code  Gb  tasks.o [1]
xTaskGetSchedulerState  0x08008c35    0x18  Code  Gb  tasks.o [1]
xTaskGetTickCount       0x08008967     0x8  Code  Gb  tasks.o [1]
xTaskGetTickCountFromISR
                        0x0800896f     0xe  Code  Gb  tasks.o [1]
xTaskIncrementTick      0x0800897d    0xb6  Code  Gb  tasks.o [1]
xTaskPriorityDisinherit
                        0x08008cbb    0x7a  Code  Gb  tasks.o [1]
xTaskRemoveFromEventList
                        0x08008ab9    0x56  Code  Gb  tasks.o [1]
xTaskResumeAll          0x080088bf    0x94  Code  Gb  tasks.o [1]
xTasksWaitingTermination
                        0x2000a7d0    0x14  Data  Lc  tasks.o [1]
xTickCount              0x2000a80c     0x4  Data  Lc  tasks.o [1]
xYieldPending           0x2000a81c     0x4  Data  Lc  tasks.o [1]


[1] = D:\Projects\Promet-S\Eth427\EWARM\PrometS-Eth427_bak\Obj
[2] = command line
[3] = dl7M_tlf.a
[4] = m7M_tls.a
[5] = rt7M_tl.a
[6] = shb_l.a

  51 438 bytes of readonly  code memory
     403 bytes of readonly  data memory
  56 897 bytes of readwrite data memory

Errors: none
Warnings: none
