###############################################################################
#
# IAR ELF Linker V7.40.3.8902/W32 for ARM                 17/Aug/2019  19:16:53
# Copyright 2007-2015 IAR Systems AB.
#
#    Output file  =  D:\Projects\Promet-S\Eth427\EWARM\Eth427\Exe\Eth427.out
#    Map file     =  D:\Projects\Promet-S\Eth427\EWARM\Eth427/List\Eth427.map
#    Command line =  
#        D:\Projects\Promet-S\Eth427\EWARM\Eth427\Obj\api_lib.o
#        D:\Projects\Promet-S\Eth427\EWARM\Eth427\Obj\api_msg.o
#        D:\Projects\Promet-S\Eth427\EWARM\Eth427\Obj\auth.o
#        D:\Projects\Promet-S\Eth427\EWARM\Eth427\Obj\autoip.o
#        D:\Projects\Promet-S\Eth427\EWARM\Eth427\Obj\ccp.o
#        D:\Projects\Promet-S\Eth427\EWARM\Eth427\Obj\chap-md5.o
#        D:\Projects\Promet-S\Eth427\EWARM\Eth427\Obj\chap-new.o
#        D:\Projects\Promet-S\Eth427\EWARM\Eth427\Obj\chap_ms.o
#        D:\Projects\Promet-S\Eth427\EWARM\Eth427\Obj\cmsis_os.o
#        D:\Projects\Promet-S\Eth427\EWARM\Eth427\Obj\croutine.o
#        D:\Projects\Promet-S\Eth427\EWARM\Eth427\Obj\def.o
#        D:\Projects\Promet-S\Eth427\EWARM\Eth427\Obj\demand.o
#        D:\Projects\Promet-S\Eth427\EWARM\Eth427\Obj\dhcp.o
#        D:\Projects\Promet-S\Eth427\EWARM\Eth427\Obj\dhcp6.o
#        D:\Projects\Promet-S\Eth427\EWARM\Eth427\Obj\dns.o
#        D:\Projects\Promet-S\Eth427\EWARM\Eth427\Obj\dpram.o
#        D:\Projects\Promet-S\Eth427\EWARM\Eth427\Obj\eap.o
#        D:\Projects\Promet-S\Eth427\EWARM\Eth427\Obj\ecp.o
#        D:\Projects\Promet-S\Eth427\EWARM\Eth427\Obj\err.o
#        D:\Projects\Promet-S\Eth427\EWARM\Eth427\Obj\etharp.o
#        D:\Projects\Promet-S\Eth427\EWARM\Eth427\Obj\ethernet.o
#        D:\Projects\Promet-S\Eth427\EWARM\Eth427\Obj\ethernetif.o
#        D:\Projects\Promet-S\Eth427\EWARM\Eth427\Obj\ethip6.o
#        D:\Projects\Promet-S\Eth427\EWARM\Eth427\Obj\eui64.o
#        D:\Projects\Promet-S\Eth427\EWARM\Eth427\Obj\event_groups.o
#        D:\Projects\Promet-S\Eth427\EWARM\Eth427\Obj\freertos.o
#        D:\Projects\Promet-S\Eth427\EWARM\Eth427\Obj\fsm.o
#        D:\Projects\Promet-S\Eth427\EWARM\Eth427\Obj\heap_4.o
#        D:\Projects\Promet-S\Eth427\EWARM\Eth427\Obj\icmp.o
#        D:\Projects\Promet-S\Eth427\EWARM\Eth427\Obj\icmp6.o
#        D:\Projects\Promet-S\Eth427\EWARM\Eth427\Obj\igmp.o
#        D:\Projects\Promet-S\Eth427\EWARM\Eth427\Obj\inet6.o
#        D:\Projects\Promet-S\Eth427\EWARM\Eth427\Obj\inet_chksum.o
#        D:\Projects\Promet-S\Eth427\EWARM\Eth427\Obj\init.o
#        D:\Projects\Promet-S\Eth427\EWARM\Eth427\Obj\ip.o
#        D:\Projects\Promet-S\Eth427\EWARM\Eth427\Obj\ip4.o
#        D:\Projects\Promet-S\Eth427\EWARM\Eth427\Obj\ip4_addr.o
#        D:\Projects\Promet-S\Eth427\EWARM\Eth427\Obj\ip4_frag.o
#        D:\Projects\Promet-S\Eth427\EWARM\Eth427\Obj\ip6.o
#        D:\Projects\Promet-S\Eth427\EWARM\Eth427\Obj\ip6_addr.o
#        D:\Projects\Promet-S\Eth427\EWARM\Eth427\Obj\ip6_frag.o
#        D:\Projects\Promet-S\Eth427\EWARM\Eth427\Obj\ipcp.o
#        D:\Projects\Promet-S\Eth427\EWARM\Eth427\Obj\ipv6cp.o
#        D:\Projects\Promet-S\Eth427\EWARM\Eth427\Obj\ksz8873.o
#        D:\Projects\Promet-S\Eth427\EWARM\Eth427\Obj\lcp.o
#        D:\Projects\Promet-S\Eth427\EWARM\Eth427\Obj\list.o
#        D:\Projects\Promet-S\Eth427\EWARM\Eth427\Obj\lowpan6.o
#        D:\Projects\Promet-S\Eth427\EWARM\Eth427\Obj\lwip.o
#        D:\Projects\Promet-S\Eth427\EWARM\Eth427\Obj\magic.o
#        D:\Projects\Promet-S\Eth427\EWARM\Eth427\Obj\main.o
#        D:\Projects\Promet-S\Eth427\EWARM\Eth427\Obj\MdTcpSrv.o
#        D:\Projects\Promet-S\Eth427\EWARM\Eth427\Obj\mem.o
#        D:\Projects\Promet-S\Eth427\EWARM\Eth427\Obj\memp.o
#        D:\Projects\Promet-S\Eth427\EWARM\Eth427\Obj\mld6.o
#        D:\Projects\Promet-S\Eth427\EWARM\Eth427\Obj\mppe.o
#        D:\Projects\Promet-S\Eth427\EWARM\Eth427\Obj\mqtt.o
#        D:\Projects\Promet-S\Eth427\EWARM\Eth427\Obj\multilink.o
#        D:\Projects\Promet-S\Eth427\EWARM\Eth427\Obj\nd6.o
#        D:\Projects\Promet-S\Eth427\EWARM\Eth427\Obj\netbuf.o
#        D:\Projects\Promet-S\Eth427\EWARM\Eth427\Obj\netdb.o
#        D:\Projects\Promet-S\Eth427\EWARM\Eth427\Obj\netif.o
#        D:\Projects\Promet-S\Eth427\EWARM\Eth427\Obj\netifapi.o
#        D:\Projects\Promet-S\Eth427\EWARM\Eth427\Obj\pbuf.o
#        D:\Projects\Promet-S\Eth427\EWARM\Eth427\Obj\port.o
#        D:\Projects\Promet-S\Eth427\EWARM\Eth427\Obj\portasm.o
#        D:\Projects\Promet-S\Eth427\EWARM\Eth427\Obj\ppp.o
#        D:\Projects\Promet-S\Eth427\EWARM\Eth427\Obj\pppapi.o
#        D:\Projects\Promet-S\Eth427\EWARM\Eth427\Obj\pppcrypt.o
#        D:\Projects\Promet-S\Eth427\EWARM\Eth427\Obj\pppoe.o
#        D:\Projects\Promet-S\Eth427\EWARM\Eth427\Obj\pppol2tp.o
#        D:\Projects\Promet-S\Eth427\EWARM\Eth427\Obj\pppos.o
#        D:\Projects\Promet-S\Eth427\EWARM\Eth427\Obj\queue.o
#        D:\Projects\Promet-S\Eth427\EWARM\Eth427\Obj\raw.o
#        D:\Projects\Promet-S\Eth427\EWARM\Eth427\Obj\slipif.o
#        D:\Projects\Promet-S\Eth427\EWARM\Eth427\Obj\sntp.o
#        D:\Projects\Promet-S\Eth427\EWARM\Eth427\Obj\sockets.o
#        D:\Projects\Promet-S\Eth427\EWARM\Eth427\Obj\startup_stm32f427xx.o
#        D:\Projects\Promet-S\Eth427\EWARM\Eth427\Obj\stats.o
#        D:\Projects\Promet-S\Eth427\EWARM\Eth427\Obj\stm32f4xx_hal.o
#        D:\Projects\Promet-S\Eth427\EWARM\Eth427\Obj\stm32f4xx_hal_cortex.o
#        D:\Projects\Promet-S\Eth427\EWARM\Eth427\Obj\stm32f4xx_hal_dma.o
#        D:\Projects\Promet-S\Eth427\EWARM\Eth427\Obj\stm32f4xx_hal_dma_ex.o
#        D:\Projects\Promet-S\Eth427\EWARM\Eth427\Obj\stm32f4xx_hal_eth.o
#        D:\Projects\Promet-S\Eth427\EWARM\Eth427\Obj\stm32f4xx_hal_flash.o
#        D:\Projects\Promet-S\Eth427\EWARM\Eth427\Obj\stm32f4xx_hal_flash_ex.o
#        D:\Projects\Promet-S\Eth427\EWARM\Eth427\Obj\stm32f4xx_hal_flash_ramfunc.o
#        D:\Projects\Promet-S\Eth427\EWARM\Eth427\Obj\stm32f4xx_hal_gpio.o
#        D:\Projects\Promet-S\Eth427\EWARM\Eth427\Obj\stm32f4xx_hal_msp.o
#        D:\Projects\Promet-S\Eth427\EWARM\Eth427\Obj\stm32f4xx_hal_nand.o
#        D:\Projects\Promet-S\Eth427\EWARM\Eth427\Obj\stm32f4xx_hal_pwr.o
#        D:\Projects\Promet-S\Eth427\EWARM\Eth427\Obj\stm32f4xx_hal_pwr_ex.o
#        D:\Projects\Promet-S\Eth427\EWARM\Eth427\Obj\stm32f4xx_hal_rcc.o
#        D:\Projects\Promet-S\Eth427\EWARM\Eth427\Obj\stm32f4xx_hal_rcc_ex.o
#        D:\Projects\Promet-S\Eth427\EWARM\Eth427\Obj\stm32f4xx_hal_sdram.o
#        D:\Projects\Promet-S\Eth427\EWARM\Eth427\Obj\stm32f4xx_hal_sram.o
#        D:\Projects\Promet-S\Eth427\EWARM\Eth427\Obj\stm32f4xx_hal_tim.o
#        D:\Projects\Promet-S\Eth427\EWARM\Eth427\Obj\stm32f4xx_hal_tim_ex.o
#        D:\Projects\Promet-S\Eth427\EWARM\Eth427\Obj\stm32f4xx_hal_timebase_tim.o
#        D:\Projects\Promet-S\Eth427\EWARM\Eth427\Obj\stm32f4xx_hal_uart.o
#        D:\Projects\Promet-S\Eth427\EWARM\Eth427\Obj\stm32f4xx_it.o
#        D:\Projects\Promet-S\Eth427\EWARM\Eth427\Obj\stm32f4xx_ll_fmc.o
#        D:\Projects\Promet-S\Eth427\EWARM\Eth427\Obj\sys.o
#        D:\Projects\Promet-S\Eth427\EWARM\Eth427\Obj\sys_arch.o
#        D:\Projects\Promet-S\Eth427\EWARM\Eth427\Obj\system_stm32f4xx.o
#        D:\Projects\Promet-S\Eth427\EWARM\Eth427\Obj\tasks.o
#        D:\Projects\Promet-S\Eth427\EWARM\Eth427\Obj\tcp.o
#        D:\Projects\Promet-S\Eth427\EWARM\Eth427\Obj\tcp_in.o
#        D:\Projects\Promet-S\Eth427\EWARM\Eth427\Obj\tcp_out.o
#        D:\Projects\Promet-S\Eth427\EWARM\Eth427\Obj\tcpip.o
#        D:\Projects\Promet-S\Eth427\EWARM\Eth427\Obj\timeouts.o
#        D:\Projects\Promet-S\Eth427\EWARM\Eth427\Obj\timers.o
#        D:\Projects\Promet-S\Eth427\EWARM\Eth427\Obj\udp.o
#        D:\Projects\Promet-S\Eth427\EWARM\Eth427\Obj\upap.o
#        D:\Projects\Promet-S\Eth427\EWARM\Eth427\Obj\utils.o
#        D:\Projects\Promet-S\Eth427\EWARM\Eth427\Obj\vj.o --redirect
#        _Printf=_PrintfFull --redirect _Scanf=_ScanfFull -o
#        D:\Projects\Promet-S\Eth427\EWARM\Eth427\Exe\Eth427.out --map
#        D:\Projects\Promet-S\Eth427\EWARM\Eth427/List\Eth427.map --config
#        D:\Projects\Promet-S\Eth427\EWARM/stm32f427xx_flash.icf --semihosting
#        --entry __iar_program_start --vfe
#
###############################################################################

*******************************************************************************
*** RUNTIME MODEL ATTRIBUTES
***

CppFlavor                     = *
__Heap_Handler                = Basic
__SystemLibrary               = DLib
__dlib_dynamic_initialization = normal


*******************************************************************************
*** PLACEMENT SUMMARY
***

"A1":  place at 0x08000000 { ro section .intvec };
"P1":  place in [from 0x08000000 to 0x081fffff] { ro };
"P2":  place in [from 0x20000000 to 0x2002ffff] { rw, block CSTACK, block HEAP };

  Section             Kind        Address     Size  Object
  -------             ----        -------     ----  ------
"A1":                                        0x1ac
  .intvec             ro code  0x08000000    0x1ac  startup_stm32f427xx.o [1]
                             - 0x080001ac    0x1ac

"P1":                                      0x15b0f
  .text               ro code  0x080001ac   0x1ce0  tcp_in.o [1]
  .text               ro code  0x08001e8c    0x9dc  pbuf.o [1]
  .text               ro code  0x08002868     0x4c  ip4_addr.o [1]
  .text               ro code  0x080028b4     0x24  def.o [1]
  .text               ro code  0x080028d8     0x24  printf.o [3]
  .text               ro code  0x080028fc   0x11e4  tcp.o [1]
  .text               ro code  0x08003ae0   0x128c  tcp_out.o [1]
  .text               ro code  0x08004d6c    0x188  memp.o [1]
  .text               ro code  0x08004ef4    0x260  timeouts.o [1]
  .text               ro code  0x08005154    0x314  sys_arch.o [1]
  .text               ro code  0x08005468    0x21c  tcpip.o [1]
  .text               ro code  0x08005684    0x640  mem.o [1]
  .text               ro code  0x08005cc4     0x76  ABImemcpy_unaligned.o [5]
  .text               ro code  0x08005d3c   0x1156  xprintffull.o [3]
  .text               ro code  0x08006e94     0x66  ABImemset.o [5]
  .text               ro code  0x08006efc    0x46c  ip4.o [1]
  .text               ro code  0x08007368    0x550  ethernetif.o [1]
  .text               ro code  0x080078b8    0x3ca  cmsis_os.o [1]
  .text               ro code  0x08007c84      0x6  ABImemclr4.o [5]
  .text               ro code  0x08007c8c     0x4c  init.o [1]
  .text               ro code  0x08007cd8     0x20  xmbtowc.o [3]
  .text               ro code  0x08007cf8     0x16  strchr.o [5]
  .text               ro code  0x08007d10     0x36  strlen.o [5]
  .text               ro code  0x08007d48     0x58  memchr.o [5]
  .text               ro code  0x08007da0      0xa  xmbcurmax.o [3]
  .text               ro code  0x08007dac     0xb0  xxmemxmalloc.o [3]
  .text               ro code  0x08007e5c     0x1a  xwctomb.o [3]
  .text               ro code  0x08007e78     0x80  xxmemxfree.o [3]
  .text               ro code  0x08007ef8     0xee  I64DivMod.o [5]
  .text               ro code  0x08007fe6     0x42  xdnorm.o [4]
  .text               ro code  0x08008028     0x2e  DblCmpLe.o [4]
  .text               ro code  0x08008058     0x2e  DblCmpGe.o [4]
  .text               ro code  0x08008088    0x118  xdscale.o [4]
  .text               ro code  0x080081a0     0x58  DblToI32.o [4]
  .text               ro code  0x080081f8     0x30  I32ToDbl.o [4]
  .text               ro code  0x08008228    0x180  DblSub.o [4]
  .text               ro code  0x080083a8    0x1a2  DblMul.o [4]
  .text               ro code  0x0800854c    0x256  DblDiv.o [4]
  .text               ro code  0x080087a4     0x6c  localeconv.o [3]
  .text               ro code  0x08008810      0xe  div.o [3]
  .text               ro code  0x08008820    0x94c  ip4_frag.o [1]
  .text               ro code  0x0800916c    0x5ac  udp.o [1]
  .text               ro code  0x08009718    0x2c8  icmp.o [1]
  .text               ro code  0x080099e0    0x4d0  stm32f4xx_hal_gpio.o [1]
  .text               ro code  0x08009eb0    0x148  stm32f4xx_hal_cortex.o [1]
  .text               ro code  0x08009ff8    0xbcc  stm32f4xx_hal_eth.o [1]
  .text               ro code  0x0800abc4     0x80  stm32f4xx_hal.o [1]
  .text               ro code  0x0800ac44    0xb28  tasks.o [1]
  .text               ro code  0x0800b76c    0x8b0  queue.o [1]
  .text               ro code  0x0800c01c     0x32  ABImemset48.o [5]
  .text               ro code  0x0800c04e      0x2  stats.o [1]
  .text               ro code  0x0800c050    0x1b2  netif.o [1]
  .text               ro code  0x0800c204     0x14  setlocale.o [3]
  .text               ro code  0x0800c218     0x60  xencoding_sb.o [3]
  .text               ro code  0x0800c278     0x2c  xgetmemchunk.o [3]
  .text               ro code  0x0800c2a4      0x2  I64DivZer.o [5]
  .text               ro code  0x0800c2a8     0xd4  DblAdd.o [4]
  .text               ro code  0x0800c37c      0x2  xtls.o [3]
  .text               ro code  0x0800c380    0x6b8  main.o [1]
  .text               ro code  0x0800ca38    0x8fc  stm32f4xx_hal_rcc.o [1]
  .text               ro code  0x0800d334     0x90  stm32f4xx_hal_timebase_tim.o [1]
  .text               ro code  0x0800d3c4    0x1c8  stm32f4xx_hal_msp.o [1]
  .text               ro code  0x0800d58c    0x25c  heap_4.o [1]
  .text               ro code  0x0800d7e8     0x98  list.o [1]
  .text               ro code  0x0800d880    0x254  port.o [1]
  .text               ro code  0x0800dad4    0xbd0  etharp.o [1]
  .text               ro code  0x0800e6a4    0x65c  stm32f4xx_hal_uart.o [1]
  .text               ro code  0x0800ed00     0x40  dpram.o [1]
  .text               ro code  0x0800ed40     0x5c  stm32f4xx_hal_sram.o [1]
  .text               ro code  0x0800ed9c     0x6a  stm32f4xx_hal_nand.o [1]
  .text               ro code  0x0800ee08     0xa2  stm32f4xx_hal_sdram.o [1]
  .text               ro code  0x0800eeac    0x110  lwip.o [1]
  .text               ro code  0x0800efbc    0x488  stm32f4xx_hal_tim.o [1]
  CODE                ro code  0x0800f444     0xa8  portasm.o [1]
  .text               ro code  0x0800f4ec    0x180  ethernet.o [1]
  .text               ro code  0x0800f66c    0xb10  stm32f4xx_ll_fmc.o [1]
  .text               ro code  0x0801017c      0x4  stm32f4xx_hal_tim_ex.o [1]
  .text               ro code  0x08010180     0x62  memcmp_unaligned.o [5]
  .text               ro code  0x080101e4   0x149c  api_msg.o [1]
  .text               ro code  0x08011680     0xc0  netbuf.o [1]
  .text               ro code  0x08011740    0xb8c  sockets.o [1]
  .text               ro code  0x080122cc    0x674  api_lib.o [1]
  .text               ro code  0x08012940     0x24  err.o [1]
  .text               ro code  0x08012964    0x110  MdTcpSrv.o [1]
  .text               ro code  0x08012a74     0xd0  packbits_init.o [5]
  .text               ro code  0x08012b44      0x6  abort.o [3]
  .text               ro code  0x08012b4c     0x14  exit.o [6]
  .text               ro code  0x08012b60     0x6c  system_stm32f4xx.o [1]
  .rodata             const    0x08012bcc     0x58  tcp_out.o [1]
  .rodata             const    0x08012c24     0x54  ip4_frag.o [1]
  .rodata             const    0x08012c78     0x54  stm32f4xx_hal_cortex.o [1]
  .rodata             const    0x08012ccc     0x54  stm32f4xx_hal_eth.o [1]
  .rodata             const    0x08012d20     0x54  stm32f4xx_hal_gpio.o [1]
  .rodata             const    0x08012d74     0x54  stm32f4xx_hal_rcc.o [1]
  .rodata             const    0x08012dc8     0x54  stm32f4xx_hal_tim.o [1]
  .rodata             const    0x08012e1c     0x54  stm32f4xx_hal_uart.o [1]
  .rodata             const    0x08012e70     0x50  etharp.o [1]
  .rodata             const    0x08012ec0     0x50  ethernet.o [1]
  .rodata             const    0x08012f10     0x50  icmp.o [1]
  .rodata             const    0x08012f60     0x50  ip4.o [1]
  .rodata             const    0x08012fb0     0x50  stm32f4xx_ll_fmc.o [1]
  .rodata             const    0x08013000     0x50  timeouts.o [1]
  .rodata             const    0x08013050     0x4c  api_lib.o [1]
  .rodata             const    0x0801309c     0x4c  api_msg.o [1]
  .rodata             const    0x080130e8     0x4c  init.o [1]
  .rodata             const    0x08013134     0x4c  memp.o [1]
  .rodata             const    0x08013180     0x4c  netbuf.o [1]
  .rodata             const    0x080131cc     0x4c  netif.o [1]
  .rodata             const    0x08013218     0x4c  pbuf.o [1]
  .rodata             const    0x08013264     0x4c  sockets.o [1]
  .rodata             const    0x080132b0     0x4c  tcp_in.o [1]
  .rodata             const    0x080132fc     0x4c  tcp_out.o [1]
  .rodata             const    0x08013348     0x4c  tcpip.o [1]
  .rodata             const    0x08013394     0x48  mem.o [1]
  .rodata             const    0x080133dc     0x48  tcp.o [1]
  .rodata             const    0x08013424     0x48  udp.o [1]
  .rodata             const    0x0801346c     0x44  err.o [1]
  .rodata             const    0x080134b0     0x44  etharp.o [1]
  .rodata             const    0x080134f4     0x44  init.o [1]
  .rodata             const    0x08013538     0x40  etharp.o [1]
  .rodata             const    0x08013578     0x40  tcp_out.o [1]
  .rodata             const    0x080135b8     0x40  timeouts.o [1]
  .text               ro code  0x080135f8     0x40  zero_init3.o [5]
  .rodata             const    0x08013638     0x3c  api_msg.o [1]
  .rodata             const    0x08013674     0x3c  api_msg.o [1]
  .rodata             const    0x080136b0     0x3c  tcp_in.o [1]
  .rodata             const    0x080136ec     0x3c  tcp_out.o [1]
  .rodata             const    0x08013728     0x3c  tcp_out.o [1]
  .rodata             const    0x08013764     0x38  icmp.o [1]
  .rodata             const    0x0801379c     0x38  ip4_frag.o [1]
  .rodata             const    0x080137d4     0x38  pbuf.o [1]
  .rodata             const    0x0801380c     0x38  tcp_in.o [1]
  .rodata             const    0x08013844     0x38  tcp_out.o [1]
  .rodata             const    0x0801387c     0x38  tcp_out.o [1]
  .rodata             const    0x080138b4     0x34  api_msg.o [1]
  .rodata             const    0x080138e8     0x34  etharp.o [1]
  .rodata             const    0x0801391c     0x34  ethernet.o [1]
  .rodata             const    0x08013950     0x34  icmp.o [1]
  .rodata             const    0x08013984     0x34  main.o [1]
  .rodata             const    0x080139b8     0x34  memp.o [1]
  .rodata             const    0x080139ec     0x34  pbuf.o [1]
  .rodata             const    0x08013a20     0x34  pbuf.o [1]
  .rodata             const    0x08013a54     0x34  tcp.o [1]
  .rodata             const    0x08013a88     0x34  tcp_out.o [1]
  .rodata             const    0x08013abc     0x34  tcp_out.o [1]
  .rodata             const    0x08013af0     0x30  api_msg.o [1]
  .rodata             const    0x08013b20     0x30  etharp.o [1]
  .rodata             const    0x08013b50     0x30  ethernetif.o [1]
  .rodata             const    0x08013b80     0x30  ip4.o [1]
  .rodata             const    0x08013bb0     0x30  main.o [1]
  .rodata             const    0x08013be0     0x30  main.o [1]
  .rodata             const    0x08013c10     0x30  mem.o [1]
  .rodata             const    0x08013c40     0x30  mem.o [1]
  .rodata             const    0x08013c70     0x30  pbuf.o [1]
  .rodata             const    0x08013ca0     0x30  pbuf.o [1]
  .rodata             const    0x08013cd0     0x30  pbuf.o [1]
  .rodata             const    0x08013d00     0x30  pbuf.o [1]
  .rodata             const    0x08013d30     0x30  tcp.o [1]
  .rodata             const    0x08013d60     0x30  tcp.o [1]
  .rodata             const    0x08013d90     0x30  tcp_in.o [1]
  .rodata             const    0x08013dc0     0x30  tcp_out.o [1]
  .rodata             const    0x08013df0     0x30  tcp_out.o [1]
  .rodata             const    0x08013e20     0x30  udp.o [1]
  .rodata             const    0x08013e50     0x2c  api_msg.o [1]
  .rodata             const    0x08013e7c     0x2c  etharp.o [1]
  .rodata             const    0x08013ea8     0x2c  icmp.o [1]
  .rodata             const    0x08013ed4     0x2c  mem.o [1]
  .rodata             const    0x08013f00     0x2c  pbuf.o [1]
  .rodata             const    0x08013f2c     0x2c  pbuf.o [1]
  .rodata             const    0x08013f58     0x2c  tcp.o [1]
  .rodata             const    0x08013f84     0x2c  tcp.o [1]
  .rodata             const    0x08013fb0     0x2c  tcp.o [1]
  .rodata             const    0x08013fdc     0x2c  tcp.o [1]
  .rodata             const    0x08014008     0x2c  tcp_in.o [1]
  .rodata             const    0x08014034     0x2c  tcp_in.o [1]
  .rodata             const    0x08014060     0x2c  tcp_in.o [1]
  .rodata             const    0x0801408c     0x2c  tcp_out.o [1]
  .rodata             const    0x080140b8     0x2c  tcp_out.o [1]
  .rodata             const    0x080140e4     0x28  api_lib.o [1]
  .rodata             const    0x0801410c     0x28  api_msg.o [1]
  .rodata             const    0x08014134     0x28  api_msg.o [1]
  .rodata             const    0x0801415c     0x28  etharp.o [1]
  .rodata             const    0x08014184     0x28  etharp.o [1]
  .rodata             const    0x080141ac     0x28  ethernet.o [1]
  .rodata             const    0x080141d4     0x28  ethernetif.o [1]
  .rodata             const    0x080141fc     0x28  icmp.o [1]
  .rodata             const    0x08014224     0x28  init.o [1]
  .rodata             const    0x0801424c     0x28  ip4.o [1]
  .rodata             const    0x08014274     0x28  ip4_frag.o [1]
  .rodata             const    0x0801429c     0x28  ip4_frag.o [1]
  .rodata             const    0x080142c4     0x28  main.o [1]
  .rodata             const    0x080142ec     0x28  mem.o [1]
  .rodata             const    0x08014314     0x28  memp.o [1]
  .rodata             const    0x0801433c     0x28  netbuf.o [1]
  .rodata             const    0x08014364     0x28  netif.o [1]
  .rodata             const    0x0801438c     0x28  pbuf.o [1]
  .rodata             const    0x080143b4     0x28  sockets.o [1]
  .rodata             const    0x080143dc     0x28  sockets.o [1]
  .rodata             const    0x08014404     0x28  tcp.o [1]
  .rodata             const    0x0801442c     0x28  tcp.o [1]
  .rodata             const    0x08014454     0x28  tcp.o [1]
  .rodata             const    0x0801447c     0x28  tcp.o [1]
  .rodata             const    0x080144a4     0x28  tcp.o [1]
  .rodata             const    0x080144cc     0x28  tcp.o [1]
  .rodata             const    0x080144f4     0x28  tcp.o [1]
  .rodata             const    0x0801451c     0x28  tcp.o [1]
  .rodata             const    0x08014544     0x28  tcp_in.o [1]
  .rodata             const    0x0801456c     0x28  tcp_in.o [1]
  .rodata             const    0x08014594     0x28  tcp_in.o [1]
  .rodata             const    0x080145bc     0x28  tcp_in.o [1]
  .rodata             const    0x080145e4     0x28  tcp_in.o [1]
  .rodata             const    0x0801460c     0x28  tcp_out.o [1]
  .rodata             const    0x08014634     0x28  tcp_out.o [1]
  .rodata             const    0x0801465c     0x28  tcp_out.o [1]
  .rodata             const    0x08014684     0x28  tcpip.o [1]
  .rodata             const    0x080146ac     0x28  timeouts.o [1]
  .rodata             const    0x080146d4     0x28  udp.o [1]
  .text               ro code  0x080146fc     0x28  stm32f4xx_it.o [1]
  .text               ro code  0x08014724     0x28  data_init.o [5]
  .rodata             const    0x0801474c     0x24  api_lib.o [1]
  .rodata             const    0x08014770     0x24  api_lib.o [1]
  .rodata             const    0x08014794     0x24  api_lib.o [1]
  .rodata             const    0x080147b8     0x24  api_msg.o [1]
  .rodata             const    0x080147dc     0x24  api_msg.o [1]
  .rodata             const    0x08014800     0x24  api_msg.o [1]
  .rodata             const    0x08014824     0x24  api_msg.o [1]
  .rodata             const    0x08014848     0x24  dpram.o [1]
  .rodata             const    0x0801486c     0x24  etharp.o [1]
  .rodata             const    0x08014890     0x24  ip4_frag.o [1]
  .rodata             const    0x080148b4     0x24  MdTcpSrv.o [1]
  .rodata             const    0x080148d8     0x24  mem.o [1]
  .rodata             const    0x080148fc     0x24  mem.o [1]
  .rodata             const    0x08014920     0x24  memp.o [1]
  .rodata             const    0x08014944     0x24  pbuf.o [1]
  .rodata             const    0x08014968     0x24  pbuf.o [1]
  .rodata             const    0x0801498c     0x24  pbuf.o [1]
  .rodata             const    0x080149b0     0x24  sockets.o [1]
  .rodata             const    0x080149d4     0x24  sockets.o [1]
  .rodata             const    0x080149f8     0x24  tcp.o [1]
  .rodata             const    0x08014a1c     0x24  tcp.o [1]
  .rodata             const    0x08014a40     0x24  tcpip.o [1]
  .rodata             const    0x08014a64     0x24  tcpip.o [1]
  .text               ro code  0x08014a88     0x22  fpinit_M.o [4]
  .iar.init_table     const    0x08014aac     0x2c  - Linker created -
  .rodata             const    0x08014ad8     0x20  api_lib.o [1]
  .rodata             const    0x08014af8     0x20  api_lib.o [1]
  .rodata             const    0x08014b18     0x20  api_lib.o [1]
  .rodata             const    0x08014b38     0x20  api_lib.o [1]
  .rodata             const    0x08014b58     0x20  api_lib.o [1]
  .rodata             const    0x08014b78     0x20  api_lib.o [1]
  .rodata             const    0x08014b98     0x20  api_lib.o [1]
  .rodata             const    0x08014bb8     0x20  api_lib.o [1]
  .rodata             const    0x08014bd8     0x20  api_msg.o [1]
  .rodata             const    0x08014bf8     0x20  api_msg.o [1]
  .rodata             const    0x08014c18     0x20  api_msg.o [1]
  .rodata             const    0x08014c38     0x20  api_msg.o [1]
  .rodata             const    0x08014c58     0x20  api_msg.o [1]
  .rodata             const    0x08014c78     0x20  api_msg.o [1]
  .rodata             const    0x08014c98     0x20  api_msg.o [1]
  .rodata             const    0x08014cb8     0x20  api_msg.o [1]
  .rodata             const    0x08014cd8     0x20  ip4_frag.o [1]
  .rodata             const    0x08014cf8     0x20  ip4_frag.o [1]
  .rodata             const    0x08014d18     0x20  ip4_frag.o [1]
  .rodata             const    0x08014d38     0x20  MdTcpSrv.o [1]
  .rodata             const    0x08014d58     0x20  MdTcpSrv.o [1]
  .rodata             const    0x08014d78     0x20  mem.o [1]
  .rodata             const    0x08014d98     0x20  memp.o [1]
  .rodata             const    0x08014db8     0x20  memp.o [1]
  .rodata             const    0x08014dd8     0x20  pbuf.o [1]
  .rodata             const    0x08014df8     0x20  pbuf.o [1]
  .rodata             const    0x08014e18     0x20  sockets.o [1]
  .rodata             const    0x08014e38     0x20  tcp.o [1]
  .rodata             const    0x08014e58     0x20  tcp_in.o [1]
  .rodata             const    0x08014e78     0x20  tcp_in.o [1]
  .rodata             const    0x08014e98     0x20  tcp_in.o [1]
  .rodata             const    0x08014eb8     0x20  tcp_in.o [1]
  .rodata             const    0x08014ed8     0x20  tcp_in.o [1]
  .rodata             const    0x08014ef8     0x20  tcp_out.o [1]
  .rodata             const    0x08014f18     0x20  tcp_out.o [1]
  .rodata             const    0x08014f38     0x20  tcp_out.o [1]
  .rodata             const    0x08014f58     0x20  tcpip.o [1]
  .rodata             const    0x08014f78     0x1c  api_lib.o [1]
  .rodata             const    0x08014f94     0x1c  api_lib.o [1]
  .rodata             const    0x08014fb0     0x1c  api_lib.o [1]
  .rodata             const    0x08014fcc     0x1c  api_lib.o [1]
  .rodata             const    0x08014fe8     0x1c  api_lib.o [1]
  .rodata             const    0x08015004     0x1c  api_lib.o [1]
  .rodata             const    0x08015020     0x1c  api_msg.o [1]
  .rodata             const    0x0801503c     0x1c  api_msg.o [1]
  .rodata             const    0x08015058     0x1c  api_msg.o [1]
  .rodata             const    0x08015074     0x1c  api_msg.o [1]
  .rodata             const    0x08015090     0x1c  etharp.o [1]
  .rodata             const    0x080150ac     0x1c  ip4_frag.o [1]
  .rodata             const    0x080150c8     0x1c  ip4_frag.o [1]
  .rodata             const    0x080150e4     0x1c  ip4_frag.o [1]
  .rodata             const    0x08015100     0x1c  MdTcpSrv.o [1]
  .rodata             const    0x0801511c     0x1c  mem.o [1]
  .rodata             const    0x08015138     0x1c  mem.o [1]
  .rodata             const    0x08015154     0x1c  mem.o [1]
  .rodata             const    0x08015170     0x1c  mem.o [1]
  .rodata             const    0x0801518c     0x1c  memp.o [1]
  .rodata             const    0x080151a8     0x1c  netbuf.o [1]
  .rodata             const    0x080151c4     0x1c  pbuf.o [1]
  .rodata             const    0x080151e0     0x1c  pbuf.o [1]
  .rodata             const    0x080151fc     0x1c  pbuf.o [1]
  .rodata             const    0x08015218     0x1c  pbuf.o [1]
  .rodata             const    0x08015234     0x1c  pbuf.o [1]
  .rodata             const    0x08015250     0x1c  sockets.o [1]
  .rodata             const    0x0801526c     0x1c  sockets.o [1]
  .rodata             const    0x08015288     0x1c  tcp.o [1]
  .rodata             const    0x080152a4     0x1c  tcp.o [1]
  .rodata             const    0x080152c0     0x1c  tcp.o [1]
  .rodata             const    0x080152dc     0x1c  tcp_in.o [1]
  .rodata             const    0x080152f8     0x1c  tcp_in.o [1]
  .text               ro code  0x08015314     0x1a  cmain.o [5]
  .text               ro code  0x0801532e      0x4  low_level_init.o [3]
  .text               ro code  0x08015332      0x4  exit.o [3]
  .text               ro code  0x08015338      0xa  cexit.o [5]
  .rodata             const    0x08015344     0x18  api_lib.o [1]
  .rodata             const    0x0801535c     0x18  api_msg.o [1]
  .rodata             const    0x08015374     0x18  api_msg.o [1]
  .rodata             const    0x0801538c     0x18  etharp.o [1]
  .rodata             const    0x080153a4     0x18  main.o [1]
  .rodata             const    0x080153bc     0x18  MdTcpSrv.o [1]
  .rodata             const    0x080153d4     0x18  mem.o [1]
  .rodata             const    0x080153ec     0x18  mem.o [1]
  .rodata             const    0x08015404     0x18  mem.o [1]
  .rodata             const    0x0801541c     0x18  netbuf.o [1]
  .rodata             const    0x08015434     0x18  netif.o [1]
  .rodata             const    0x0801544c     0x18  pbuf.o [1]
  .rodata             const    0x08015464     0x18  pbuf.o [1]
  .rodata             const    0x0801547c     0x18  pbuf.o [1]
  .rodata             const    0x08015494     0x18  pbuf.o [1]
  .rodata             const    0x080154ac     0x18  pbuf.o [1]
  .rodata             const    0x080154c4     0x18  sockets.o [1]
  .rodata             const    0x080154dc     0x18  sockets.o [1]
  .rodata             const    0x080154f4     0x18  tcp.o [1]
  .rodata             const    0x0801550c     0x18  tcp.o [1]
  .rodata             const    0x08015524     0x18  tcp.o [1]
  .rodata             const    0x0801553c     0x18  tcp_in.o [1]
  .rodata             const    0x08015554     0x18  tcp_out.o [1]
  .rodata             const    0x0801556c     0x18  tcp_out.o [1]
  .rodata             const    0x08015584     0x18  tcp_out.o [1]
  .rodata             const    0x0801559c     0x18  tcp_out.o [1]
  .rodata             const    0x080155b4     0x18  timeouts.o [1]
  .text               ro code  0x080155cc     0x16  xprout.o [3]
  .text               ro code  0x080155e4      0xc  putchar.o [3]
  .rodata             const    0x080155f0     0x14  api_msg.o [1]
  .rodata             const    0x08015604     0x14  api_msg.o [1]
  .rodata             const    0x08015618     0x14  api_msg.o [1]
  .rodata             const    0x0801562c     0x14  etharp.o [1]
  .rodata             const    0x08015640     0x14  ethernetif.o [1]
  .rodata             const    0x08015654     0x14  ip4_frag.o [1]
  .rodata             const    0x08015668     0x14  main.o [1]
  .rodata             const    0x0801567c     0x14  main.o [1]
  .rodata             const    0x08015690     0x14  main.o [1]
  .rodata             const    0x080156a4     0x14  main.o [1]
  .rodata             const    0x080156b8     0x14  main.o [1]
  .rodata             const    0x080156cc     0x14  MdTcpSrv.o [1]
  .rodata             const    0x080156e0     0x14  mem.o [1]
  .rodata             const    0x080156f4     0x14  pbuf.o [1]
  .rodata             const    0x08015708     0x14  pbuf.o [1]
  .rodata             const    0x0801571c     0x14  pbuf.o [1]
  .rodata             const    0x08015730     0x14  tcp_in.o [1]
  .rodata             const    0x08015744     0x14  tcp_in.o [1]
  .rodata             const    0x08015758     0x14  tcp_out.o [1]
  .rodata             const    0x0801576c     0x14  tcp_out.o [1]
  .rodata             const    0x08015780     0x14  udp.o [1]
  .rodata             const    0x08015794     0x10  api_msg.o [1]
  .rodata             const    0x080157a4     0x10  api_msg.o [1]
  .rodata             const    0x080157b4     0x10  api_msg.o [1]
  .rodata             const    0x080157c4     0x10  etharp.o [1]
  .rodata             const    0x080157d4     0x10  etharp.o [1]
  .rodata             const    0x080157e4     0x10  ethernetif.o [1]
  .rodata             const    0x080157f4     0x10  ip4_frag.o [1]
  .rodata             const    0x08015804     0x10  MdTcpSrv.o [1]
  .rodata             const    0x08015814     0x10  memp.o [1]
  .rodata             const    0x08015824     0x10  memp.o [1]
  .rodata             const    0x08015834     0x10  memp.o [1]
  .rodata             const    0x08015844     0x10  memp.o [1]
  .rodata             const    0x08015854     0x10  memp.o [1]
  .rodata             const    0x08015864     0x10  memp.o [1]
  .rodata             const    0x08015874     0x10  memp.o [1]
  .rodata             const    0x08015884     0x10  memp.o [1]
  .rodata             const    0x08015894     0x10  memp.o [1]
  .rodata             const    0x080158a4     0x10  memp.o [1]
  .rodata             const    0x080158b4     0x10  memp.o [1]
  .rodata             const    0x080158c4     0x10  memp.o [1]
  .rodata             const    0x080158d4     0x10  memp.o [1]
  .rodata             const    0x080158e4     0x10  pbuf.o [1]
  .rodata             const    0x080158f4     0x10  pbuf.o [1]
  .rodata             const    0x08015904     0x10  pbuf.o [1]
  .rodata             const    0x08015914     0x10  sockets.o [1]
  .rodata             const    0x08015924     0x10  sockets.o [1]
  .rodata             const    0x08015934     0x10  system_stm32f4xx.o [1]
  .rodata             const    0x08015944     0x10  tcp.o [1]
  .rodata             const    0x08015954     0x10  tcp.o [1]
  .rodata             const    0x08015964     0x10  tcp.o [1]
  .rodata             const    0x08015974     0x10  tcp_in.o [1]
  .rodata             const    0x08015984     0x10  tcp_in.o [1]
  .rodata             const    0x08015994     0x10  tcp_in.o [1]
  .rodata             const    0x080159a4     0x10  tcp_in.o [1]
  .rodata             const    0x080159b4     0x10  tcp_out.o [1]
  .rodata             const    0x080159c4     0x10  tcpip.o [1]
  .rodata             const    0x080159d4     0x10  tcpip.o [1]
  .text               ro code  0x080159e4     0x10  startup_stm32f427xx.o [1]
  .rodata             const    0x080159f4      0xc  api_lib.o [1]
  .rodata             const    0x08015a00      0xc  api_lib.o [1]
  .rodata             const    0x08015a0c      0xc  etharp.o [1]
  .rodata             const    0x08015a18      0xc  ip4.o [1]
  .rodata             const    0x08015a24      0xc  ip4_frag.o [1]
  .rodata             const    0x08015a30      0xc  ip4_frag.o [1]
  .rodata             const    0x08015a3c      0xc  ip4_frag.o [1]
  .rodata             const    0x08015a48      0xc  ip4_frag.o [1]
  .rodata             const    0x08015a54      0xc  main.o [1]
  .rodata             const    0x08015a60      0xc  main.o [1]
  .rodata             const    0x08015a6c      0xc  main.o [1]
  .rodata             const    0x08015a78      0xc  main.o [1]
  .rodata             const    0x08015a84      0xc  pbuf.o [1]
  .rodata             const    0x08015a90      0xc  sockets.o [1]
  .rodata             const    0x08015a9c      0xc  tcp.o [1]
  .rodata             const    0x08015aa8      0xc  tcp_in.o [1]
  .text               ro code  0x08015ab4      0xc  ksz8873.o [1]
  .text               ro code  0x08015ac0      0xc  cstartup_M.o [5]
  .rodata             const    0x08015acc      0x8  api_msg.o [1]
  .rodata             const    0x08015ad4      0x8  ethernet.o [1]
  .rodata             const    0x08015adc      0x8  ethernet.o [1]
  .rodata             const    0x08015ae4      0x8  ethernetif.o [1]
  .rodata             const    0x08015aec      0x8  sys_arch.o [1]
  .rodata             const    0x08015af4      0x8  system_stm32f4xx.o [1]
  .rodata             const    0x08015afc      0x8  tasks.o [1]
  .rodata             const    0x08015b04      0x8  tcp.o [1]
  .rodata             const    0x08015b0c      0x4  dpram.o [1]
  .rodata             const    0x08015b10      0x4  ethernetif.o [1]
  .rodata             const    0x08015b14      0x4  heap_4.o [1]
  .rodata             const    0x08015b18      0x4  ip4_addr.o [1]
  .rodata             const    0x08015b1c      0x4  port.o [1]
  .rodata             const    0x08015b20      0x4  sys_arch.o [1]
  .rodata             const    0x08015b24      0x4  sys_arch.o [1]
  .rodata             const    0x08015b28      0x4  sys_arch.o [1]
  .text               ro code  0x08015b2c      0x4  startup_stm32f427xx.o [1]
  .text               ro code  0x08015b30      0x4  startup_stm32f427xx.o [1]
  .text               ro code  0x08015b34      0x4  startup_stm32f427xx.o [1]
  .text               ro code  0x08015b38      0x4  startup_stm32f427xx.o [1]
  .text               ro code  0x08015b3c      0x4  startup_stm32f427xx.o [1]
  .text               ro code  0x08015b40      0x4  startup_stm32f427xx.o [1]
  .text               ro code  0x08015b44      0x4  startup_stm32f427xx.o [1]
  .text               ro code  0x08015b48      0x4  startup_stm32f427xx.o [1]
  .text               ro code  0x08015b4c      0x4  startup_stm32f427xx.o [1]
  .text               ro code  0x08015b50      0x4  startup_stm32f427xx.o [1]
  .text               ro code  0x08015b54      0x4  startup_stm32f427xx.o [1]
  .text               ro code  0x08015b58      0x4  startup_stm32f427xx.o [1]
  .text               ro code  0x08015b5c      0x4  startup_stm32f427xx.o [1]
  .text               ro code  0x08015b60      0x4  startup_stm32f427xx.o [1]
  .text               ro code  0x08015b64      0x4  startup_stm32f427xx.o [1]
  .text               ro code  0x08015b68      0x4  startup_stm32f427xx.o [1]
  .text               ro code  0x08015b6c      0x4  startup_stm32f427xx.o [1]
  .text               ro code  0x08015b70      0x4  startup_stm32f427xx.o [1]
  .text               ro code  0x08015b74      0x4  startup_stm32f427xx.o [1]
  .text               ro code  0x08015b78      0x4  startup_stm32f427xx.o [1]
  .text               ro code  0x08015b7c      0x4  startup_stm32f427xx.o [1]
  .text               ro code  0x08015b80      0x4  startup_stm32f427xx.o [1]
  .text               ro code  0x08015b84      0x4  startup_stm32f427xx.o [1]
  .text               ro code  0x08015b88      0x4  startup_stm32f427xx.o [1]
  .text               ro code  0x08015b8c      0x4  startup_stm32f427xx.o [1]
  .text               ro code  0x08015b90      0x4  startup_stm32f427xx.o [1]
  .text               ro code  0x08015b94      0x4  startup_stm32f427xx.o [1]
  .text               ro code  0x08015b98      0x4  startup_stm32f427xx.o [1]
  .text               ro code  0x08015b9c      0x4  startup_stm32f427xx.o [1]
  .text               ro code  0x08015ba0      0x4  startup_stm32f427xx.o [1]
  .text               ro code  0x08015ba4      0x4  startup_stm32f427xx.o [1]
  .text               ro code  0x08015ba8      0x4  startup_stm32f427xx.o [1]
  .text               ro code  0x08015bac      0x4  startup_stm32f427xx.o [1]
  .text               ro code  0x08015bb0      0x4  startup_stm32f427xx.o [1]
  .text               ro code  0x08015bb4      0x4  startup_stm32f427xx.o [1]
  .text               ro code  0x08015bb8      0x4  startup_stm32f427xx.o [1]
  .text               ro code  0x08015bbc      0x4  startup_stm32f427xx.o [1]
  .text               ro code  0x08015bc0      0x4  startup_stm32f427xx.o [1]
  .text               ro code  0x08015bc4      0x4  startup_stm32f427xx.o [1]
  .text               ro code  0x08015bc8      0x4  startup_stm32f427xx.o [1]
  .text               ro code  0x08015bcc      0x4  startup_stm32f427xx.o [1]
  .text               ro code  0x08015bd0      0x4  startup_stm32f427xx.o [1]
  .text               ro code  0x08015bd4      0x4  startup_stm32f427xx.o [1]
  .text               ro code  0x08015bd8      0x4  startup_stm32f427xx.o [1]
  .text               ro code  0x08015bdc      0x4  startup_stm32f427xx.o [1]
  .text               ro code  0x08015be0      0x4  startup_stm32f427xx.o [1]
  .text               ro code  0x08015be4      0x4  startup_stm32f427xx.o [1]
  .text               ro code  0x08015be8      0x4  startup_stm32f427xx.o [1]
  .text               ro code  0x08015bec      0x4  startup_stm32f427xx.o [1]
  .text               ro code  0x08015bf0      0x4  startup_stm32f427xx.o [1]
  .text               ro code  0x08015bf4      0x4  startup_stm32f427xx.o [1]
  .text               ro code  0x08015bf8      0x4  startup_stm32f427xx.o [1]
  .text               ro code  0x08015bfc      0x4  startup_stm32f427xx.o [1]
  .text               ro code  0x08015c00      0x4  startup_stm32f427xx.o [1]
  .text               ro code  0x08015c04      0x4  startup_stm32f427xx.o [1]
  .text               ro code  0x08015c08      0x4  startup_stm32f427xx.o [1]
  .text               ro code  0x08015c0c      0x4  startup_stm32f427xx.o [1]
  .text               ro code  0x08015c10      0x4  startup_stm32f427xx.o [1]
  .text               ro code  0x08015c14      0x4  startup_stm32f427xx.o [1]
  .text               ro code  0x08015c18      0x4  startup_stm32f427xx.o [1]
  .text               ro code  0x08015c1c      0x4  startup_stm32f427xx.o [1]
  .text               ro code  0x08015c20      0x4  startup_stm32f427xx.o [1]
  .text               ro code  0x08015c24      0x4  startup_stm32f427xx.o [1]
  .text               ro code  0x08015c28      0x4  startup_stm32f427xx.o [1]
  .text               ro code  0x08015c2c      0x4  startup_stm32f427xx.o [1]
  .text               ro code  0x08015c30      0x4  startup_stm32f427xx.o [1]
  .text               ro code  0x08015c34      0x4  startup_stm32f427xx.o [1]
  .text               ro code  0x08015c38      0x4  startup_stm32f427xx.o [1]
  .text               ro code  0x08015c3c      0x4  startup_stm32f427xx.o [1]
  .text               ro code  0x08015c40      0x4  startup_stm32f427xx.o [1]
  .text               ro code  0x08015c44      0x4  startup_stm32f427xx.o [1]
  .text               ro code  0x08015c48      0x4  startup_stm32f427xx.o [1]
  .text               ro code  0x08015c4c      0x4  startup_stm32f427xx.o [1]
  .text               ro code  0x08015c50      0x4  startup_stm32f427xx.o [1]
  .text               ro code  0x08015c54      0x4  startup_stm32f427xx.o [1]
  .text               ro code  0x08015c58      0x4  startup_stm32f427xx.o [1]
  .text               ro code  0x08015c5c      0x4  startup_stm32f427xx.o [1]
  .text               ro code  0x08015c60      0x4  startup_stm32f427xx.o [1]
  .text               ro code  0x08015c64      0x4  startup_stm32f427xx.o [1]
  .text               ro code  0x08015c68      0x4  startup_stm32f427xx.o [1]
  .text               ro code  0x08015c6c      0x4  startup_stm32f427xx.o [1]
  .text               ro code  0x08015c70      0x4  startup_stm32f427xx.o [1]
  .text               ro code  0x08015c74      0x4  startup_stm32f427xx.o [1]
  .text               ro code  0x08015c78      0x4  startup_stm32f427xx.o [1]
  .rodata             const    0x08015c7c      0x0  zero_init3.o [5]
  .rodata             const    0x08015c7c      0x0  packbits_init.o [5]
  Initializer bytes   const    0x08015c7c     0x3f  <for P2 s0>
                             - 0x08015cbb  0x15b0f

"P2":                                      0x292a8
  P2 s0                        0x20000000    0x14d  <Init block>
    __DLIB_PERTHREAD  inited   0x20000000     0x88  localeconv.o [3]
    __DLIB_PERTHREAD  inited   0x20000088     0x74  setlocale.o [3]
    .data             inited   0x200000fc     0x40  xfiles.o [3]
    .data             inited   0x2000013c      0x4  port.o [1]
    .data             inited   0x20000140      0x4  system_stm32f4xx.o [1]
    .data             inited   0x20000144      0x4  tcp.o [1]
    .data             inited   0x20000148      0x2  tcp.o [1]
    .data             inited   0x2000014a      0x2  udp.o [1]
    .data             inited   0x2000014c      0x1  stm32f4xx_hal.o [1]
  .bss                zero     0x20000150  0x10000  heap_4.o [1]
  .bss                zero     0x20010150   0x2604  memp.o [1]
  .bss                zero     0x20012754   0x17d0  ethernetif.o [1]
  .bss                zero     0x20013f24   0x17d0  ethernetif.o [1]
  .bss                zero     0x200156f4    0x654  mem.o [1]
  .bss                zero     0x20015d48    0x4c4  memp.o [1]
  .bss                zero     0x2001620c    0x16c  memp.o [1]
  .bss                zero     0x20016378    0x164  memp.o [1]
  .bss                zero     0x200164dc    0x104  memp.o [1]
  .bss                zero     0x200165e0    0x104  memp.o [1]
  .bss                zero     0x200166e4     0xfc  stats.o [1]
  .bss                zero     0x200167e0     0xf0  etharp.o [1]
  .bss                zero     0x200168d0     0xa4  memp.o [1]
  .bss                zero     0x20016974     0xa0  sockets.o [1]
  .bss                zero     0x20016a14     0x8c  tasks.o [1]
  .bss                zero     0x20016aa0     0x84  memp.o [1]
  .bss                zero     0x20016b24     0x84  memp.o [1]
  .bss                zero     0x20016ba8     0x84  memp.o [1]
  .bss                zero     0x20016c2c     0x80  ethernetif.o [1]
  .bss                zero     0x20016cac     0x80  ethernetif.o [1]
  .bss                zero     0x20016d2c     0x58  memp.o [1]
  .bss                zero     0x20016d84     0x50  main.o [1]
  .bss                zero     0x20016dd4     0x50  xfiles.o [3]
  .bss                zero     0x20016e24     0x48  ethernetif.o [1]
  .bss                zero     0x20016e6c     0x40  main.o [1]
  .bss                zero     0x20016eac     0x40  main.o [1]
  .bss                zero     0x20016eec     0x40  queue.o [1]
  .bss                zero     0x20016f2c     0x3c  stm32f4xx_hal_timebase_tim.o [1]
  .bss                zero     0x20016f68     0x34  main.o [1]
  .bss                zero     0x20016f9c     0x34  memp.o [1]
  .bss                zero     0x20016fd0     0x30  lwip.o [1]
  .bss                zero     0x20017000     0x24  memp.o [1]
  .bss                zero     0x20017024     0x18  ip.o [1]
  .bss                zero     0x2001703c     0x14  tasks.o [1]
  .bss                zero     0x20017050     0x14  tasks.o [1]
  .bss                zero     0x20017064     0x14  tasks.o [1]
  .bss                zero     0x20017078     0x14  tasks.o [1]
  .bss                zero     0x2001708c     0x14  tasks.o [1]
  .bss                zero     0x200170a0     0x10  tcp_in.o [1]
  .bss                zero     0x200170b0      0xc  memp.o [1]
  .bss                zero     0x200170bc      0xc  memp.o [1]
  .bss                zero     0x200170c8      0xc  memp.o [1]
  .bss                zero     0x200170d4      0xc  memp.o [1]
  .bss                zero     0x200170e0      0xc  memp.o [1]
  .bss                zero     0x200170ec      0xc  memp.o [1]
  .bss                zero     0x200170f8      0xc  memp.o [1]
  .bss                zero     0x20017104      0xc  memp.o [1]
  .bss                zero     0x20017110      0xc  memp.o [1]
  .bss                zero     0x2001711c      0xc  memp.o [1]
  .bss                zero     0x20017128      0xc  memp.o [1]
  .bss                zero     0x20017134      0xc  memp.o [1]
  .bss                zero     0x20017140      0xc  memp.o [1]
  .bss                zero     0x2001714c      0x8  heap_4.o [1]
  .bss                zero     0x20017154      0x8  xxmemxmalloc.o [3]
  .bss                zero     0x2001715c      0x4  dpram.o [1]
  .bss                zero     0x20017160      0x4  dpram.o [1]
  .bss                zero     0x20017164      0x4  ethernetif.o [1]
  .bss                zero     0x20017168      0x4  heap_4.o [1]
  .bss                zero     0x2001716c      0x4  heap_4.o [1]
  .bss                zero     0x20017170      0x4  heap_4.o [1]
  .bss                zero     0x20017174      0x4  heap_4.o [1]
  .bss                zero     0x20017178      0x4  ip4_frag.o [1]
  .bss                zero     0x2001717c      0x4  lwip.o [1]
  .bss                zero     0x20017180      0x4  lwip.o [1]
  .bss                zero     0x20017184      0x4  lwip.o [1]
  .bss                zero     0x20017188      0x4  lwip.o [1]
  .bss                zero     0x2001718c      0x4  lwip.o [1]
  .bss                zero     0x20017190      0x4  lwip.o [1]
  .bss                zero     0x20017194      0x4  main.o [1]
  .bss                zero     0x20017198      0x4  main.o [1]
  .bss                zero     0x2001719c      0x4  mem.o [1]
  .bss                zero     0x200171a0      0x4  mem.o [1]
  .bss                zero     0x200171a4      0x4  mem.o [1]
  .bss                zero     0x200171a8      0x4  mem.o [1]
  .bss                zero     0x200171ac      0x4  memp.o [1]
  .bss                zero     0x200171b0      0x4  memp.o [1]
  .bss                zero     0x200171b4      0x4  memp.o [1]
  .bss                zero     0x200171b8      0x4  memp.o [1]
  .bss                zero     0x200171bc      0x4  memp.o [1]
  .bss                zero     0x200171c0      0x4  memp.o [1]
  .bss                zero     0x200171c4      0x4  memp.o [1]
  .bss                zero     0x200171c8      0x4  memp.o [1]
  .bss                zero     0x200171cc      0x4  memp.o [1]
  .bss                zero     0x200171d0      0x4  memp.o [1]
  .bss                zero     0x200171d4      0x4  memp.o [1]
  .bss                zero     0x200171d8      0x4  memp.o [1]
  .bss                zero     0x200171dc      0x4  memp.o [1]
  .bss                zero     0x200171e0      0x4  netif.o [1]
  .bss                zero     0x200171e4      0x4  netif.o [1]
  .bss                zero     0x200171e8      0x4  port.o [1]
  .bss                zero     0x200171ec      0x4  sockets.o [1]
  .bss                zero     0x200171f0      0x4  sockets.o [1]
  .bss                zero     0x200171f4      0x4  stm32f4xx_hal.o [1]
  .bss                zero     0x200171f8      0x4  stm32f4xx_hal_msp.o [1]
  .bss                zero     0x200171fc      0x4  sys_arch.o [1]
  .bss                zero     0x20017200      0x4  sys_arch.o [1]
  .bss                zero     0x20017204      0x4  tasks.o [1]
  .bss                zero     0x20017208      0x4  tasks.o [1]
  .bss                zero     0x2001720c      0x4  tasks.o [1]
  .bss                zero     0x20017210      0x4  tasks.o [1]
  .bss                zero     0x20017214      0x4  tasks.o [1]
  .bss                zero     0x20017218      0x4  tasks.o [1]
  .bss                zero     0x2001721c      0x4  tasks.o [1]
  .bss                zero     0x20017220      0x4  tasks.o [1]
  .bss                zero     0x20017224      0x4  tasks.o [1]
  .bss                zero     0x20017228      0x4  tasks.o [1]
  .bss                zero     0x2001722c      0x4  tasks.o [1]
  .bss                zero     0x20017230      0x4  tasks.o [1]
  .bss                zero     0x20017234      0x4  tasks.o [1]
  .bss                zero     0x20017238      0x4  tasks.o [1]
  .bss                zero     0x2001723c      0x4  tasks.o [1]
  .bss                zero     0x20017240      0x4  tcp.o [1]
  .bss                zero     0x20017244      0x4  tcp.o [1]
  .bss                zero     0x20017248      0x4  tcp.o [1]
  .bss                zero     0x2001724c      0x4  tcp.o [1]
  .bss                zero     0x20017250      0x4  tcp.o [1]
  .bss                zero     0x20017254      0x4  tcp_in.o [1]
  .bss                zero     0x20017258      0x4  tcp_in.o [1]
  .bss                zero     0x2001725c      0x4  tcp_in.o [1]
  .bss                zero     0x20017260      0x4  tcp_in.o [1]
  .bss                zero     0x20017264      0x4  tcp_in.o [1]
  .bss                zero     0x20017268      0x4  tcp_in.o [1]
  .bss                zero     0x2001726c      0x4  tcpip.o [1]
  .bss                zero     0x20017270      0x4  tcpip.o [1]
  .bss                zero     0x20017274      0x4  tcpip.o [1]
  .bss                zero     0x20017278      0x4  tcpip.o [1]
  .bss                zero     0x2001727c      0x4  timeouts.o [1]
  .bss                zero     0x20017280      0x4  timeouts.o [1]
  .bss                zero     0x20017284      0x4  timeouts.o [1]
  .bss                zero     0x20017288      0x4  udp.o [1]
  .bss                zero     0x2001728c      0x4  xgetmemchunk.o [3]
  .bss                zero     0x20017290      0x2  ip4.o [1]
  .bss                zero     0x20017292      0x2  ip4_frag.o [1]
  .bss                zero     0x20017294      0x2  tcp_in.o [1]
  .bss                zero     0x20017296      0x2  tcp_in.o [1]
  .bss                zero     0x20017298      0x2  tcp_in.o [1]
  .bss                zero     0x2001729a      0x2  tcp_in.o [1]
  .bss                zero     0x2001729c      0x2  tcp_in.o [1]
  .bss                zero     0x2001729e      0x1  api_msg.o [1]
  .bss                zero     0x2001729f      0x1  etharp.o [1]
  .bss                zero     0x200172a0      0x1  netif.o [1]
  .bss                zero     0x200172a1      0x1  pbuf.o [1]
  .bss                zero     0x200172a2      0x1  port.o [1]
  .bss                zero     0x200172a3      0x1  tcp.o [1]
  .bss                zero     0x200172a4      0x1  tcp.o [1]
  .bss                zero     0x200172a5      0x1  tcp.o [1]
  .bss                zero     0x200172a6      0x1  tcp_in.o [1]
  .bss                zero     0x200172a7      0x1  tcp_in.o [1]
  CSTACK                       0x200172a8   0x2000  <Block>
    CSTACK            uninit   0x200172a8   0x2000  <Block tail>
  HEAP                         0x200192a8  0x10000  <Block>
    HEAP              uninit   0x200192a8  0x10000  <Block tail>
                             - 0x200292a8  0x292a8


*******************************************************************************
*** INIT TABLE
***

          Address     Size
          -------     ----
Zero (__iar_zero_init3)
    1 destination range, total size 0x17158:
          0x20000150  0x17158

Copy/packbits (__iar_packbits_init3)
    1 source range, total size 0x3f (18% of destination):
          0x08015c7c     0x3f
    1 destination range, total size 0x14d:
          0x20000000    0x14d



*******************************************************************************
*** MODULE SUMMARY
***

    Module                        ro code  ro data  rw data
    ------                        -------  -------  -------
D:\Projects\Promet-S\Eth427\EWARM\Eth427\Obj: [1]
    MdTcpSrv.o                        272      188
    api_lib.o                       1 652      696
    api_msg.o                       5 276    1 096        1
    cmsis_os.o                        970
    def.o                              36
    dpram.o                            64       40        8
    err.o                              36       68
    etharp.o                        3 024      588      241
    ethernet.o                        384      188
    ethernetif.o                    1 360      136   12 524
    heap_4.o                          604        4   65 560
    icmp.o                            712      272
    init.o                             76      184
    ip.o                                                 24
    ip4.o                           1 132      180        2
    ip4_addr.o                         76        4
    ip4_frag.o                      2 380      520        6
    ksz8873.o                          12
    list.o                            152
    lwip.o                            272                72
    main.o                          1 720      360      268
    mem.o                           1 600      560    1 636
    memp.o                            392      504   13 136
    netbuf.o                          192      168
    netif.o                           434      140        9
    pbuf.o                          2 524    1 108        1
    port.o                            596        5        9
    portasm.o                         168
    queue.o                         2 224                64
    sockets.o                       2 956      408      168
    startup_stm32f427xx.o             780
    stats.o                             2               252
    stm32f4xx_hal.o                   128        1        5
    stm32f4xx_hal_cortex.o            328       84
    stm32f4xx_hal_eth.o             3 020       84
    stm32f4xx_hal_gpio.o            1 232       84
    stm32f4xx_hal_msp.o               456                 4
    stm32f4xx_hal_nand.o              106
    stm32f4xx_hal_rcc.o             2 300       84
    stm32f4xx_hal_sdram.o             162
    stm32f4xx_hal_sram.o               92
    stm32f4xx_hal_tim.o             1 160       84
    stm32f4xx_hal_tim_ex.o              4
    stm32f4xx_hal_timebase_tim.o      144                60
    stm32f4xx_hal_uart.o            1 628       84
    stm32f4xx_it.o                     40
    stm32f4xx_ll_fmc.o              2 832       80
    sys_arch.o                        788       20        8
    system_stm32f4xx.o                108       25        4
    tasks.o                         2 856        8      300
    tcp.o                           4 580    1 045       29
    tcp_in.o                        7 392      928       52
    tcp_out.o                       4 748    1 116
    tcpip.o                           540      252       16
    timeouts.o                        608      208       12
    udp.o                           1 452      180        6
    -------------------------------------------------------
    Total:                         68 782   11 784   94 477

command line: [2]
    -------------------------------------------------------
    Total:

dl7M_tlf.a: [3]
    abort.o                             6
    div.o                              14
    exit.o                              4
    localeconv.o                      108       25      136
    low_level_init.o                    4
    printf.o                           36
    putchar.o                          12
    setlocale.o                        20       22      116
    xencoding_sb.o                     96
    xfiles.o                                    12      144
    xgetmemchunk.o                     44                 4
    xmbcurmax.o                        10
    xmbtowc.o                          32
    xprintffull.o                   4 438
    xprout.o                           22
    xtls.o                              2
    xwctomb.o                          26
    xxmemxfree.o                      128
    xxmemxmalloc.o                    176                 8
    -------------------------------------------------------
    Total:                          5 178       59      408

m7M_tls.a: [4]
    DblAdd.o                          212
    DblCmpGe.o                         46
    DblCmpLe.o                         46
    DblDiv.o                          598
    DblMul.o                          418
    DblSub.o                          384
    DblToI32.o                         88
    I32ToDbl.o                         48
    fpinit_M.o                         34
    xdnorm.o                           66
    xdscale.o                         280
    -------------------------------------------------------
    Total:                          2 220

rt7M_tl.a: [5]
    ABImemclr4.o                        6
    ABImemcpy_unaligned.o             118
    ABImemset.o                       102
    ABImemset48.o                      50
    I64DivMod.o                       238
    I64DivZer.o                         2
    cexit.o                            10
    cmain.o                            26
    cstartup_M.o                       12
    data_init.o                        40
    memchr.o                           88
    memcmp_unaligned.o                 98
    packbits_init.o                   208
    strchr.o                           22
    strlen.o                           54
    zero_init3.o                       64
    -------------------------------------------------------
    Total:                          1 138

shb_l.a: [6]
    exit.o                             20
    -------------------------------------------------------
    Total:                             20

    Gaps                               46        4        3
    Linker created                              44   73 728
-----------------------------------------------------------
    Grand Total:                   77 384   11 891  168 616


*******************************************************************************
*** ENTRY LIST
***

Entry                      Address     Size  Type      Object
-----                      -------     ----  ----      ------
.iar.init_table$$Base   0x08014aac            --   Gb  - Linker created -
.iar.init_table$$Limit  0x08014ad8            --   Gb  - Linker created -
?main                   0x08015315           Code  Gb  cmain.o [5]
AHBPrescTable           0x08015934     0x10  Data  Gb  system_stm32f4xx.o [1]
APBPrescTable           0x08015af4      0x8  Data  Gb  system_stm32f4xx.o [1]
BSP_SDRAM_Initialization_Sequence
                        0x0800c903     0x92  Code  Lc  main.o [1]
BusFault_Handler        0x08014703      0x2  Code  Gb  stm32f4xx_it.o [1]
CSTACK$$Base            0x200172a8            --   Gb  - Linker created -
CSTACK$$Limit           0x200192a8            --   Gb  - Linker created -
DMARxDscrTab            0x20016c2c     0x80  Data  Gb  ethernetif.o [1]
DMATxDscrTab            0x20016cac     0x80  Data  Gb  ethernetif.o [1]
DebugMon_Handler        0x08014707      0x2  Code  Gb  stm32f4xx_it.o [1]
DpRamMutexHandle        0x2001715c      0x4  Data  Lc  dpram.o [1]
ETH_DMAReceptionEnable  0x0800ab35     0x16  Code  Lc  stm32f4xx_hal_eth.o [1]
ETH_DMATransmissionEnable
                        0x0800ab1f     0x16  Code  Lc  stm32f4xx_hal_eth.o [1]
ETH_Delay               0x0800ab85     0x24  Code  Lc  stm32f4xx_hal_eth.o [1]
ETH_FlushTransmitFIFO   0x0800ab4b     0x3a  Code  Lc  stm32f4xx_hal_eth.o [1]
ETH_IRQHandler          0x08014713      0xa  Code  Gb  stm32f4xx_it.o [1]
ETH_MACAddressConfig    0x0800aa85     0x46  Code  Lc  stm32f4xx_hal_eth.o [1]
ETH_MACDMAConfig        0x0800a80d    0x278  Code  Lc  stm32f4xx_hal_eth.o [1]
ETH_MACReceptionEnable  0x0800aaf5     0x2a  Code  Lc  stm32f4xx_hal_eth.o [1]
ETH_MACTransmissionEnable
                        0x0800aacb     0x2a  Code  Lc  stm32f4xx_hal_eth.o [1]
EXTI0_IRQHandler        0x08015ab5      0xc  Code  Gb  ksz8873.o [1]
EXTI15_10_IRQHandler    0x0800ed01      0xa  Code  Gb  dpram.o [1]
Error_Handler           0x0800ca35      0x2  Code  Gb  main.o [1]
FMC_Initialized         0x200171f8      0x4  Data  Lc  stm32f4xx_hal_msp.o [1]
FMC_NAND_AttributeSpace_Timing_Init
                        0x0800fc8b     0xac  Code  Gb  stm32f4xx_ll_fmc.o [1]
FMC_NAND_CommonSpace_Timing_Init
                        0x0800fbdf     0xac  Code  Gb  stm32f4xx_ll_fmc.o [1]
FMC_NAND_Init           0x0800fac1    0x11e  Code  Gb  stm32f4xx_ll_fmc.o [1]
FMC_NORSRAM_Extended_Timing_Init
                        0x0800f9b5    0x10c  Code  Gb  stm32f4xx_ll_fmc.o [1]
FMC_NORSRAM_Init        0x0800f66d    0x216  Code  Gb  stm32f4xx_ll_fmc.o [1]
FMC_NORSRAM_Timing_Init
                        0x0800f883    0x132  Code  Gb  stm32f4xx_ll_fmc.o [1]
FMC_SDRAM_Init          0x0800fd3d    0x1b4  Code  Gb  stm32f4xx_ll_fmc.o [1]
FMC_SDRAM_ProgramRefreshRate
                        0x08010131     0x32  Code  Gb  stm32f4xx_ll_fmc.o [1]
FMC_SDRAM_SendCommand   0x08010059     0xd8  Code  Gb  stm32f4xx_ll_fmc.o [1]
FMC_SDRAM_Timing_Init   0x0800fef1    0x15e  Code  Gb  stm32f4xx_ll_fmc.o [1]
GATEWAY_ADDRESS         0x20017190      0x4  Data  Gb  lwip.o [1]
HAL_Delay               0x0800ac15     0x22  Code  Wk  stm32f4xx_hal.o [1]
HAL_ETH_DMARxDescListInit
                        0x0800a36f     0x7c  Code  Gb  stm32f4xx_hal_eth.o [1]
HAL_ETH_DMATxDescListInit
                        0x0800a2f9     0x76  Code  Gb  stm32f4xx_hal_eth.o [1]
HAL_ETH_ErrorCallback   0x0800a659      0x2  Code  Wk  stm32f4xx_hal_eth.o [1]
HAL_ETH_GetReceivedFrame_IT
                        0x0800a51f     0xaa  Code  Gb  stm32f4xx_hal_eth.o [1]
HAL_ETH_IRQHandler      0x0800a5c9     0x8e  Code  Gb  stm32f4xx_hal_eth.o [1]
HAL_ETH_Init            0x08009ff9    0x300  Code  Gb  stm32f4xx_hal_eth.o [1]
HAL_ETH_MspInit         0x08007369    0x172  Code  Gb  ethernetif.o [1]
HAL_ETH_ReadPHYRegister
                        0x0800a65b     0x9e  Code  Gb  stm32f4xx_hal_eth.o [1]
HAL_ETH_RxCpltCallback  0x080074db      0xe  Code  Gb  ethernetif.o [1]
HAL_ETH_Start           0x0800a795     0x4a  Code  Gb  stm32f4xx_hal_eth.o [1]
HAL_ETH_TransmitFrame   0x0800a3eb    0x134  Code  Gb  stm32f4xx_hal_eth.o [1]
HAL_ETH_TxCpltCallback  0x0800a657      0x2  Code  Wk  stm32f4xx_hal_eth.o [1]
HAL_ETH_WritePHYRegister
                        0x0800a6f9     0x9c  Code  Gb  stm32f4xx_hal_eth.o [1]
HAL_FMC_MspInit         0x0800d47d     0xc6  Code  Lc  stm32f4xx_hal_msp.o [1]
HAL_GPIO_Init           0x080099e1    0x42c  Code  Gb  stm32f4xx_hal_gpio.o [1]
HAL_GPIO_WritePin       0x08009e0d     0x42  Code  Gb  stm32f4xx_hal_gpio.o [1]
HAL_GetTick             0x0800ac0f      0x6  Code  Wk  stm32f4xx_hal.o [1]
HAL_IncTick             0x0800abff     0x10  Code  Wk  stm32f4xx_hal.o [1]
HAL_Init                0x0800abc5     0x3a  Code  Gb  stm32f4xx_hal.o [1]
HAL_InitTick            0x0800d335     0x80  Code  Gb  stm32f4xx_hal_timebase_tim.o [1]
HAL_MspInit             0x0800d3c5     0x48  Code  Gb  stm32f4xx_hal_msp.o [1]
HAL_NAND_Init           0x0800ed9d     0x6a  Code  Gb  stm32f4xx_hal_nand.o [1]
HAL_NAND_MspInit        0x0800d54b      0x8  Code  Gb  stm32f4xx_hal_msp.o [1]
HAL_NVIC_EnableIRQ      0x08009fc1     0x1e  Code  Gb  stm32f4xx_hal_cortex.o [1]
HAL_NVIC_SetPriority    0x08009f83     0x3e  Code  Gb  stm32f4xx_hal_cortex.o [1]
HAL_NVIC_SetPriorityGrouping
                        0x08009f59     0x2a  Code  Gb  stm32f4xx_hal_cortex.o [1]
HAL_RCC_ClockConfig     0x0800cf59    0x2aa  Code  Gb  stm32f4xx_hal_rcc.o [1]
HAL_RCC_GetClockConfig  0x0800d2b5     0x3a  Code  Gb  stm32f4xx_hal_rcc.o [1]
HAL_RCC_GetHCLKFreq     0x0800d27b      0x6  Code  Gb  stm32f4xx_hal_rcc.o [1]
HAL_RCC_GetPCLK1Freq    0x0800d281     0x1a  Code  Gb  stm32f4xx_hal_rcc.o [1]
HAL_RCC_GetPCLK2Freq    0x0800d29b     0x1a  Code  Gb  stm32f4xx_hal_rcc.o [1]
HAL_RCC_GetSysClockFreq
                        0x0800d203     0x78  Code  Wk  stm32f4xx_hal_rcc.o [1]
HAL_RCC_OscConfig       0x0800ca39    0x520  Code  Wk  stm32f4xx_hal_rcc.o [1]
HAL_SDRAM_Init          0x0800ee09     0x44  Code  Gb  stm32f4xx_hal_sdram.o [1]
HAL_SDRAM_MspInit       0x0800d553      0x8  Code  Gb  stm32f4xx_hal_msp.o [1]
HAL_SDRAM_ProgramRefreshRate
                        0x0800ee85     0x26  Code  Gb  stm32f4xx_hal_sdram.o [1]
HAL_SDRAM_SendCommand   0x0800ee4d     0x38  Code  Gb  stm32f4xx_hal_sdram.o [1]
HAL_SRAM_Init           0x0800ed41     0x5c  Code  Gb  stm32f4xx_hal_sram.o [1]
HAL_SRAM_MspInit        0x0800d543      0x8  Code  Gb  stm32f4xx_hal_msp.o [1]
HAL_TIMEx_BreakCallback
                        0x0801017f      0x2  Code  Wk  stm32f4xx_hal_tim_ex.o [1]
HAL_TIMEx_CommutationCallback
                        0x0801017d      0x2  Code  Wk  stm32f4xx_hal_tim_ex.o [1]
HAL_TIM_Base_Init       0x0800efbd    0x114  Code  Gb  stm32f4xx_hal_tim.o [1]
HAL_TIM_Base_MspInit    0x0800f0d1      0x2  Code  Wk  stm32f4xx_hal_tim.o [1]
HAL_TIM_Base_Start_IT   0x0800f0d3     0xb6  Code  Gb  stm32f4xx_hal_tim.o [1]
HAL_TIM_IC_CaptureCallback
                        0x0800f33d      0x2  Code  Wk  stm32f4xx_hal_tim.o [1]
HAL_TIM_IRQHandler      0x0800f1c5    0x176  Code  Gb  stm32f4xx_hal_tim.o [1]
HAL_TIM_OC_DelayElapsedCallback
                        0x0800f33b      0x2  Code  Wk  stm32f4xx_hal_tim.o [1]
HAL_TIM_PWM_PulseFinishedCallback
                        0x0800f33f      0x2  Code  Wk  stm32f4xx_hal_tim.o [1]
HAL_TIM_PeriodElapsedCallback
                        0x0800c9a3     0x10  Code  Gb  main.o [1]
HAL_TIM_TriggerCallback
                        0x0800f341      0x2  Code  Wk  stm32f4xx_hal_tim.o [1]
HAL_UART_Init           0x0800e6a5    0x166  Code  Gb  stm32f4xx_hal_uart.o [1]
HAL_UART_MspInit        0x0800d40d     0x70  Code  Gb  stm32f4xx_hal_msp.o [1]
HAL_UART_Transmit       0x0800e831     0xdc  Code  Gb  stm32f4xx_hal_uart.o [1]
HEAP$$Base              0x200192a8            --   Gb  - Linker created -
HEAP$$Limit             0x200292a8            --   Gb  - Linker created -
HardFault_Handler       0x080146ff      0x2  Code  Gb  stm32f4xx_it.o [1]
IP_ADDRESS              0x20017188      0x4  Data  Gb  lwip.o [1]
InStream_Read           0x08012a75     0x22  Code  Lc  packbits_init.o [5]
LoadInt                 0x08006371     0x6e  Code  Lc  xprintffull.o [3]
MX_FMC_Init             0x0800c591    0x1f4  Code  Lc  main.o [1]
MX_GPIO_Init            0x0800c785    0x17e  Code  Lc  main.o [1]
MX_LWIP_Init            0x0800eead    0x110  Code  Gb  lwip.o [1]
MX_USART1_UART_Init     0x0800c533     0x58  Code  Lc  main.o [1]
MbTcpTaskHandle1        0x20017198      0x4  Data  Gb  main.o [1]
MemManage_Handler       0x08014701      0x2  Code  Gb  stm32f4xx_it.o [1]
NETMASK_ADDRESS         0x2001718c      0x4  Data  Gb  lwip.o [1]
NMI_Handler             0x080146fd      0x2  Code  Gb  stm32f4xx_it.o [1]
NVIC_EnableIRQ          0x08009edf     0x16  Code  Lc  stm32f4xx_hal_cortex.o [1]
NVIC_EncodePriority     0x08009f1b     0x3e  Code  Lc  stm32f4xx_hal_cortex.o [1]
NVIC_GetPriorityGrouping
                        0x08009ed3      0xc  Code  Lc  stm32f4xx_hal_cortex.o [1]
NVIC_SetPriority        0x08009ef5     0x26  Code  Lc  stm32f4xx_hal_cortex.o [1]
NVIC_SetPriorityGrouping
                        0x08009eb1     0x22  Code  Lc  stm32f4xx_hal_cortex.o [1]
PendSV_Handler          0x0800f445           Code  Gb  portasm.o [1]
Region$$Table$$Base     0x08014aac            --   Gb  - Linker created -
Region$$Table$$Limit    0x08014ad8            --   Gb  - Linker created -
Rx_Buff                 0x20012754   0x17d0  Data  Gb  ethernetif.o [1]
SVC_Handler             0x0800f49d           Code  Gb  portasm.o [1]
StartDefaultTask        0x0800c995      0xe  Code  Gb  main.o [1]
StartMdTcpServerTask    0x080129ad     0xb0  Code  Gb  MdTcpSrv.o [1]
SysTick_Handler         0x0800da0b     0x28  Code  Gb  port.o [1]
SystemClock_Config      0x0800c475     0xbe  Code  Gb  main.o [1]
SystemCoreClock         0x20000140      0x4  Data  Gb  system_stm32f4xx.o [1]
SystemInit              0x08012b61     0x4c  Code  Gb  system_stm32f4xx.o [1]
TIM8_UP_TIM13_IRQHandler
                        0x08014709      0xa  Code  Gb  stm32f4xx_it.o [1]
TIM_Base_SetConfig      0x0800f343     0xd6  Code  Gb  stm32f4xx_hal_tim.o [1]
Tx_Buff                 0x20013f24   0x17d0  Data  Gb  ethernetif.o [1]
UART_SetConfig          0x0800e97d    0x370  Code  Lc  stm32f4xx_hal_uart.o [1]
UART_WaitOnFlagUntilTimeout
                        0x0800e90d     0x70  Code  Lc  stm32f4xx_hal_uart.o [1]
UsageFault_Handler      0x08014705      0x2  Code  Gb  stm32f4xx_it.o [1]
_EncodingSb_Mbtowc      0x0800c233     0x30  Code  Gb  xencoding_sb.o [3]
_EncodingSb_Wctomb      0x0800c219     0x1a  Code  Gb  xencoding_sb.o [3]
_GenldFull              0x08006bfb    0x24e  Code  Lc  xprintffull.o [3]
_IsdstStr               0x2000008c      0x4  Data  Gb  setlocale.o [3]
_LdtobFull              0x080067f9    0x3fc  Code  Lc  xprintffull.o [3]
_LitobFull              0x080066f1    0x106  Code  Lc  xprintffull.o [3]
_LocaleEncoding         0x0800c205      0xe  Code  Gb  setlocale.o [3]
_LocaleReturnString     0x200000ac     0x50  Data  Lc  setlocale.o [3]
_Locale_Profile         0x20000090     0x1c  Data  Gb  setlocale.o [3]
_Locale_aeabi_lconv     0x20000050     0x38  Data  Gb  localeconv.o [3]
_Locale_lconv           0x20000000     0x50  Data  Gb  localeconv.o [3]
_Mbtowc                 0x08007cd9     0x20  Code  Gb  xmbtowc.o [3]
_PrintfFull             0x08005d3d    0x61e  Code  Gb  xprintffull.o [3]
_Prout                  0x080155cd     0x16  Code  Gb  xprout.o [3]
_PutcharsFull           0x08006e49     0x2e  Code  Lc  xprintffull.o [3]
_PutstrFull             0x080063df    0x30c  Code  Lc  xprintffull.o [3]
_TzoneStr               0x20000088      0x4  Data  Gb  setlocale.o [3]
_Wctomb                 0x08007e5d     0x1a  Code  Gb  xwctomb.o [3]
__aeabi_cdcmple         0x08008029           Code  Gb  DblCmpLe.o [4]
__aeabi_cdrcmple        0x08008059           Code  Gb  DblCmpGe.o [4]
__aeabi_d2iz            0x080081a1           Code  Gb  DblToI32.o [4]
__aeabi_d2uiz           0x080081cd           Code  Gb  DblToI32.o [4]
__aeabi_ddiv            0x0800854d           Code  Gb  DblDiv.o [4]
__aeabi_dmul            0x080083a9           Code  Gb  DblMul.o [4]
__aeabi_dsub            0x08008229           Code  Gb  DblSub.o [4]
__aeabi_i2d             0x080081f9           Code  Gb  I32ToDbl.o [4]
__aeabi_ldiv0           0x0800c2a5           Code  Gb  I64DivZer.o [5]
__aeabi_memclr4         0x08007c85           Code  Gb  ABImemclr4.o [5]
__aeabi_memset          0x08006e95           Code  Gb  ABImemset.o [5]
__aeabi_ui2d            0x0800820d           Code  Gb  I32ToDbl.o [4]
__aeabi_uldivmod        0x08007ef9           Code  Gb  I64DivMod.o [5]
__cmain                 0x08015315           Code  Gb  cmain.o [5]
__data_Aldata           0x20017154      0x8  Data  Gb  xxmemxmalloc.o [3]
__data_GetMemChunk      0x0800c279     0x2c  Code  Gb  xgetmemchunk.o [3]
__exit                  0x08012b4d     0x14  Code  Gb  exit.o [6]
__iar_Dnorm             0x08007fe7     0x42  Code  Gb  xdnorm.o [4]
__iar_Dscale            0x08008089    0x118  Code  Gb  xdscale.o [4]
__iar_Locale_lconv_init
                        0x080087a5     0x3a  Code  Gb  localeconv.o [3]
__iar_Mbcurmax          0x08007da1      0xa  Code  Gb  xmbcurmax.o [3]
__iar_Memchr            0x08007d49           Code  Gb  memchr.o [5]
__iar_Memset            0x08006e95           Code  Gb  ABImemset.o [5]
__iar_Memset4_word      0x0800c01d           Code  Gb  ABImemset48.o [5]
__iar_Memset8_word      0x0800c01d           Code  Gb  ABImemset48.o [5]
__iar_Memset_word       0x08006e9d           Code  Gb  ABImemset.o [5]
__iar_Stdout            0x200000fc     0x40  Data  Gb  xfiles.o [3]
__iar_Strchr            0x08007cf9           Code  Gb  strchr.o [5]
__iar_d2uiz             0x080081d9           Code  Gb  DblToI32.o [4]
__iar_dadd              0x0800c2a9           Code  Gb  DblAdd.o [4]
__iar_data_init3        0x08014725     0x28  Code  Gb  data_init.o [5]
__iar_dlib_perthread_access
                        0x0800c37d      0x2  Code  Gb  xtls.o [3]
__iar_dsub              0x0800823d           Code  Gb  DblSub.o [4]
__iar_dsubStart         0x0800824f           Code  Gb  DblSub.o [4]
__iar_init_vfp          0x08014a89           Code  Gb  fpinit_M.o [4]
__iar_packbits_init3    0x08012a97     0xae  Code  Gb  packbits_init.o [5]
__iar_program_start     0x08015ac1           Code  Gb  cstartup_M.o [5]
__iar_ui2d              0x08008211           Code  Gb  I32ToDbl.o [4]
__iar_unaligned___aeabi_memcpy
                        0x08005cc5           Code  Gb  ABImemcpy_unaligned.o [5]
__iar_unaligned___aeabi_memcpy4
                        0x08005ce5           Code  Gb  ABImemcpy_unaligned.o [5]
__iar_unaligned___aeabi_memcpy8
                        0x08005ce5           Code  Gb  ABImemcpy_unaligned.o [5]
__iar_unaligned_memcmp  0x08010181           Code  Gb  memcmp_unaligned.o [5]
__iar_zero_init3        0x080135f9     0x40  Code  Gb  zero_init3.o [5]
__low_level_init        0x0801532f      0x4  Code  Gb  low_level_init.o [3]
__vector_table          0x08000000           Data  Gb  startup_stm32f427xx.o [1]
_call_main              0x08015321           Code  Gb  cmain.o [5]
_exit                   0x08015339           Code  Gb  cexit.o [5]
_main                   0x0801532b           Code  Gb  cmain.o [5]
abort                   0x08012b45      0x6  Code  Gb  abort.o [3]
accept_function         0x08010615     0xfa  Code  Lc  api_msg.o [1]
ackno                   0x20017260      0x4  Data  Lc  tcp_in.o [1]
alloc_socket            0x08011771     0xbe  Code  Lc  sockets.o [1]
arp_table               0x200167e0     0xf0  Data  Lc  etharp.o [1]
assert_failed           0x0800ca37      0x2  Code  Gb  main.o [1]
cyclic_timer            0x08004f4b     0x14  Code  Lc  timeouts.o [1]
defaultTaskHandle       0x20017194      0x4  Data  Gb  main.o [1]
div                     0x08008811      0xe  Code  Gb  div.o [3]
do_memp_free_pool       0x08004e67     0x40  Code  Lc  memp.o [1]
do_memp_malloc_pool     0x08004dcf     0x70  Code  Lc  memp.o [1]
dpram_init              0x0800ed0b     0x20  Code  Gb  dpram.o [1]
dpram_linkstatus        0x20017160      0x4  Data  Lc  dpram.o [1]
err_tcp                 0x0801047f    0x15e  Code  Lc  api_msg.o [1]
err_to_errno            0x08012941     0x24  Code  Gb  err.o [1]
err_to_errno_table      0x0801346c     0x44  Data  Lc  err.o [1]
errno                   0x200171fc      0x4  Data  Gb  sys_arch.o [1]
etharp_cached_entry     0x2001729f      0x1  Data  Lc  etharp.o [1]
etharp_cleanup_netif    0x0800df95     0x40  Code  Gb  etharp.o [1]
etharp_find_entry       0x0800dc15    0x284  Code  Lc  etharp.o [1]
etharp_free_entry       0x0800dad5     0x42  Code  Lc  etharp.o [1]
etharp_input            0x0800dfd5    0x116  Code  Gb  etharp.o [1]
etharp_output           0x0800e1db    0x172  Code  Gb  etharp.o [1]
etharp_output_to_arp_index
                        0x0800e0eb     0xf0  Code  Lc  etharp.o [1]
etharp_query            0x0800e34d    0x1e4  Code  Gb  etharp.o [1]
etharp_raw              0x0800e531     0xf8  Code  Lc  etharp.o [1]
etharp_request          0x0800e64b      0xa  Code  Gb  etharp.o [1]
etharp_request_dst      0x0800e629     0x22  Code  Lc  etharp.o [1]
etharp_tmr              0x0800db17     0xfe  Code  Gb  etharp.o [1]
etharp_update_arp_entry
                        0x0800de99     0xfc  Code  Lc  etharp.o [1]
ethbroadcast            0x08015ad4      0x8  Data  Gb  ethernet.o [1]
ethernet_input          0x0800f4ed     0xf8  Code  Gb  ethernet.o [1]
ethernet_output         0x0800f5e5     0x72  Code  Gb  ethernet.o [1]
[...]
pbuf_alloc              0x08001f09    0x29a  Code  Gb  pbuf.o [1]
pbuf_alloced_custom     0x080021a3     0x86  Code  Gb  pbuf.o [1]
pbuf_cat                0x08002557     0x78  Code  Gb  pbuf.o [1]
pbuf_chain              0x080025cf     0x12  Code  Gb  pbuf.o [1]
pbuf_clen               0x08002513     0x12  Code  Gb  pbuf.o [1]
pbuf_copy               0x080025e1    0x13e  Code  Gb  pbuf.o [1]
pbuf_copy_partial       0x0800271f     0xb8  Code  Gb  pbuf.o [1]
pbuf_free               0x0800241f     0xf4  Code  Gb  pbuf.o [1]
pbuf_free_ooseq         0x08001e8d     0x34  Code  Lc  pbuf.o [1]
pbuf_free_ooseq_callback
                        0x08001ec1      0x8  Code  Lc  pbuf.o [1]
pbuf_free_ooseq_pending
                        0x200172a1      0x1  Data  Gb  pbuf.o [1]
pbuf_header             0x08002407      0xc  Code  Gb  pbuf.o [1]
pbuf_header_force       0x08002413      0xc  Code  Gb  pbuf.o [1]
pbuf_header_impl        0x0800231f     0xe8  Code  Lc  pbuf.o [1]
pbuf_pool_is_empty      0x08001ec9     0x40  Code  Lc  pbuf.o [1]
pbuf_realloc            0x08002229     0xf6  Code  Gb  pbuf.o [1]
pbuf_ref                0x08002525     0x32  Code  Gb  pbuf.o [1]
pcInterruptPriorityRegisters
                        0x08015b1c      0x4  Data  Lc  port.o [1]
pcb_new                 0x0801070f     0x9a  Code  Lc  api_msg.o [1]
plug_holes              0x08005685     0xfa  Code  Lc  mem.o [1]
poll_tcp                0x08010375     0x90  Code  Lc  api_msg.o [1]
printf                  0x080028d9     0x24  Code  Gb  printf.o [3]
prvAddCurrentTaskToDelayedList
                        0x0800b6b1     0x80  Code  Lc  tasks.o [1]
prvAddNewTaskToReadyList
                        0x0800ad5b     0xb8  Code  Lc  tasks.o [1]
prvCheckTasksWaitingTermination
                        0x0800b43d     0x5a  Code  Lc  tasks.o [1]
prvCopyDataFromQueue    0x0800bf17     0x2a  Code  Lc  queue.o [1]
prvCopyDataToQueue      0x0800be95     0x82  Code  Lc  queue.o [1]
prvDeleteTCB            0x0800b49d     0x12  Code  Lc  tasks.o [1]
prvHeapInit             0x0800d709     0x64  Code  Lc  heap_4.o [1]
prvIdleTask             0x0800b3b1     0x22  Code  Lc  tasks.o [1]
prvInitialiseMutex      0x0800b865     0x1e  Code  Lc  queue.o [1]
prvInitialiseNewQueue   0x0800b849     0x1c  Code  Lc  queue.o [1]
prvInitialiseNewTask    0x0800acbb     0xa0  Code  Lc  tasks.o [1]
prvInitialiseTaskLists  0x0800b3e1     0x52  Code  Lc  tasks.o [1]
prvInsertBlockIntoFreeList
                        0x0800d76d     0x5c  Code  Lc  heap_4.o [1]
prvIsQueueEmpty         0x0800bfaf     0x1c  Code  Lc  queue.o [1]
prvIsQueueFull          0x0800bfcb     0x1e  Code  Lc  queue.o [1]
prvResetNextTaskUnblockTime
                        0x0800b4af     0x2c  Code  Lc  tasks.o [1]
prvTaskExitError        0x0800d8a9     0x2a  Code  Lc  port.o [1]
prvUnlockQueue          0x0800bf41     0x6e  Code  Lc  queue.o [1]
putchar                 0x080155e5      0xc  Code  Gb  putchar.o [3]
pvPortMalloc            0x0800d58d    0x108  Code  Gb  heap_4.o [1]
pvTaskIncrementMutexHeldCount
                        0x0800b66d     0x1e  Code  Gb  tasks.o [1]
pxCurrentTCB            0x20017204      0x4  Data  Gb  tasks.o [1]
pxDelayedTaskList       0x20017208      0x4  Data  Lc  tasks.o [1]
pxEnd                   0x20017168      0x4  Data  Lc  heap_4.o [1]
pxOverflowDelayedTaskList
                        0x2001720c      0x4  Data  Lc  tasks.o [1]
pxPortInitialiseStack   0x0800d881     0x28  Code  Gb  port.o [1]
pxReadyTasksLists       0x20016a14     0x8c  Data  Lc  tasks.o [1]
ram                     0x2001719c      0x4  Data  Lc  mem.o [1]
ram_end                 0x200171a0      0x4  Data  Lc  mem.o [1]
ram_heap                0x200156f4    0x654  Data  Gb  mem.o [1]
reassdatagrams          0x20017178      0x4  Data  Lc  ip4_frag.o [1]
recv_acked              0x2001729a      0x2  Data  Lc  tcp_in.o [1]
recv_data               0x20017264      0x4  Data  Lc  tcp_in.o [1]
recv_flags              0x200172a7      0x1  Data  Lc  tcp_in.o [1]
recv_tcp                0x080102a7     0xce  Code  Lc  api_msg.o [1]
recv_udp                0x080101e5     0xc2  Code  Lc  api_msg.o [1]
s_xSemaphore            0x20017164      0x4  Data  Gb  ethernetif.o [1]
select_cb_ctr           0x200171f0      0x4  Data  Lc  sockets.o [1]
select_cb_list          0x200171ec      0x4  Data  Lc  sockets.o [1]
sent_tcp                0x08010405     0x7a  Code  Lc  api_msg.o [1]
seqno                   0x2001725c      0x4  Data  Lc  tcp_in.o [1]
setup_tcp               0x080105dd     0x38  Code  Lc  api_msg.o [1]
sockets                 0x20016974     0xa0  Data  Lc  sockets.o [1]
stats_init              0x0800c04f      0x2  Code  Gb  stats.o [1]
strchr                  0x08007cf9           Code  Gb  strchr.o [5]
strlen                  0x08007d11           Code  Gb  strlen.o [5]
sys_arch_mbox_fetch     0x0800521b     0x4c  Code  Gb  sys_arch.o [1]
sys_arch_mbox_tryfetch  0x08005267     0x26  Code  Gb  sys_arch.o [1]
sys_arch_protect        0x08005431     0x12  Code  Gb  sys_arch.o [1]
sys_arch_sem_wait       0x0800530d     0x40  Code  Gb  sys_arch.o [1]
sys_arch_unprotect      0x08005443      0xc  Code  Gb  sys_arch.o [1]
sys_check_timeouts      0x08005055     0x64  Code  Lc  timeouts.o [1]
sys_init                0x08005383      0xe  Code  Gb  sys_arch.o [1]
sys_mbox_free           0x080051a9     0x32  Code  Gb  sys_arch.o [1]
sys_mbox_new            0x08005155     0x54  Code  Gb  sys_arch.o [1]
sys_mbox_post           0x080051db     0x18  Code  Gb  sys_arch.o [1]
sys_mbox_set_invalid    0x0800529b      0x6  Code  Gb  sys_arch.o [1]
sys_mbox_trypost        0x080051f3     0x28  Code  Gb  sys_arch.o [1]
sys_mbox_valid          0x0800528d      0xe  Code  Gb  sys_arch.o [1]
sys_mutex_lock          0x080053ed      0xe  Code  Gb  sys_arch.o [1]
sys_mutex_new           0x08005391     0x5c  Code  Gb  sys_arch.o [1]
sys_mutex_unlock        0x080053fb      0xa  Code  Gb  sys_arch.o [1]
sys_now                 0x080078b1      0x8  Code  Gb  ethernetif.o [1]
sys_sem_free            0x08005357     0x18  Code  Gb  sys_arch.o [1]
sys_sem_new             0x080052a1     0x6c  Code  Gb  sys_arch.o [1]
sys_sem_set_invalid     0x0800537d      0x6  Code  Gb  sys_arch.o [1]
sys_sem_signal          0x0800534d      0xa  Code  Gb  sys_arch.o [1]
sys_sem_valid           0x0800536f      0xe  Code  Gb  sys_arch.o [1]
sys_thread_new          0x08005405     0x2c  Code  Gb  sys_arch.o [1]
sys_timeout             0x08004f87     0xce  Code  Gb  timeouts.o [1]
sys_timeouts_init       0x08004f5f     0x28  Code  Gb  timeouts.o [1]
sys_timeouts_mbox_fetch
                        0x080050eb     0x3a  Code  Gb  timeouts.o [1]
sys_timeouts_sleeptime  0x080050b9     0x32  Code  Lc  timeouts.o [1]
tcp_abandon             0x08002bf5    0x10a  Code  Gb  tcp.o [1]
tcp_abort               0x08002cff      0xa  Code  Gb  tcp.o [1]
tcp_accept              0x08003879      0xe  Code  Gb  tcp.o [1]
tcp_accept_null         0x08002dd3      0xe  Code  Lc  tcp.o [1]
tcp_active_pcbs         0x2001724c      0x4  Data  Gb  tcp.o [1]
tcp_active_pcbs_changed
                        0x200172a3      0x1  Data  Gb  tcp.o [1]
tcp_alloc               0x080036d5    0x120  Code  Gb  tcp.o [1]
tcp_arg                 0x080037ff      0x8  Code  Gb  tcp.o [1]
tcp_backoff             0x08015954     0x10  Data  Lc  tcp.o [1]
tcp_bind                0x08002d09     0xca  Code  Gb  tcp.o [1]
tcp_bound_pcbs          0x20017244      0x4  Data  Gb  tcp.o [1]
tcp_close               0x08002b79     0x18  Code  Gb  tcp.o [1]
tcp_close_shutdown      0x08002985    0x164  Code  Lc  tcp.o [1]
tcp_close_shutdown_fin  0x08002ae9     0x90  Code  Lc  tcp.o [1]
tcp_create_segment      0x08003bd1     0xf0  Code  Lc  tcp_out.o [1]
tcp_eff_send_mss_impl   0x080039c1     0x30  Code  Gb  tcp.o [1]
tcp_enqueue_flags       0x08004439    0x1c4  Code  Gb  tcp_out.o [1]
tcp_err                 0x08003855     0x24  Code  Gb  tcp.o [1]
tcp_fasttmr             0x08003431     0x86  Code  Gb  tcp.o [1]
tcp_getoptbyte          0x08001d3d     0x48  Code  Lc  tcp_in.o [1]
tcp_init                0x080028fd      0x2  Code  Gb  tcp.o [1]
tcp_input               0x080001ad    0x6ae  Code  Gb  tcp_in.o [1]
tcp_input_delayed_close
                        0x0800085b     0x42  Code  Lc  tcp_in.o [1]
tcp_input_pcb           0x20017268      0x4  Data  Gb  tcp_in.o [1]
tcp_keepalive           0x08004bbf     0x66  Code  Gb  tcp_out.o [1]
tcp_kill_prio           0x080035db     0x4e  Code  Lc  tcp.o [1]
tcp_kill_state          0x0800362d     0x62  Code  Lc  tcp.o [1]
tcp_kill_timewait       0x08003695     0x38  Code  Lc  tcp.o [1]
tcp_listen_closed       0x08002937     0x4e  Code  Lc  tcp.o [1]
tcp_listen_input        0x0800089d    0x13a  Code  Lc  tcp_in.o [1]
tcp_listen_pcbs         0x20017248      0x4  Data  Gb  tcp.o [1]
tcp_listen_with_backlog_and_err
                        0x08002de1     0xce  Code  Gb  tcp.o [1]
tcp_netif_ip_addr_changed
                        0x08003a13     0x4a  Code  Gb  tcp.o [1]
tcp_netif_ip_addr_changed_pcblist
                        0x080039f1     0x22  Code  Lc  tcp.o [1]
tcp_new_ip_type         0x080037f5      0xa  Code  Gb  tcp.o [1]
tcp_new_port            0x08002f8f     0x6c  Code  Lc  tcp.o [1]
tcp_next_iss            0x080039ad     0x14  Code  Gb  tcp.o [1]
tcp_oos_insert_segment  0x08001065     0x92  Code  Lc  tcp_in.o [1]
tcp_optidx              0x20017298      0x2  Data  Lc  tcp_in.o [1]
tcp_output              0x0800468d    0x29c  Code  Gb  tcp_out.o [1]
tcp_output_alloc_header
                        0x08003ae1     0xa6  Code  Lc  tcp_out.o [1]
tcp_output_segment      0x0800492d     0xca  Code  Lc  tcp_out.o [1]
tcp_parseopt            0x08001d85     0x8c  Code  Lc  tcp_in.o [1]
tcp_pbuf_prealloc       0x08003cc1     0x92  Code  Lc  tcp_out.o [1]
tcp_pcb_lists           0x08015964     0x10  Data  Gb  tcp.o [1]
tcp_pcb_purge           0x080038b9     0x52  Code  Gb  tcp.o [1]
tcp_pcb_remove          0x0800390b     0x9c  Code  Gb  tcp.o [1]
tcp_persist_backoff     0x08015b04      0x8  Data  Lc  tcp.o [1]
tcp_poll                0x08003887     0x24  Code  Gb  tcp.o [1]
tcp_port                0x20000148      0x2  Data  Lc  tcp.o [1]
tcp_process             0x08000a91    0x5ba  Code  Lc  tcp_in.o [1]
tcp_process_refused_data
                        0x080034d1     0x8c  Code  Gb  tcp.o [1]
tcp_receive             0x0800114d    0xbf0  Code  Lc  tcp_in.o [1]
tcp_recv                0x08003807     0x24  Code  Gb  tcp.o [1]
tcp_recv_null           0x080035b5     0x26  Code  Gb  tcp.o [1]
tcp_recved              0x08002f13     0x7c  Code  Gb  tcp.o [1]
tcp_remove_listener     0x08002923     0x14  Code  Lc  tcp.o [1]
tcp_rexmit              0x08004af1     0x62  Code  Gb  tcp_out.o [1]
tcp_rexmit_fast         0x08004b53     0x6c  Code  Gb  tcp_out.o [1]
tcp_rexmit_rto          0x08004ab5     0x3c  Code  Gb  tcp_out.o [1]
tcp_rst                 0x08004a01     0xa2  Code  Gb  tcp_out.o [1]
tcp_seg_copy            0x0800358d     0x28  Code  Gb  tcp.o [1]
tcp_seg_free            0x0800356f     0x1e  Code  Gb  tcp.o [1]
tcp_segs_free           0x0800355d     0x12  Code  Gb  tcp.o [1]
tcp_send_empty_ack      0x0800460d     0x80  Code  Gb  tcp_out.o [1]
tcp_send_fin            0x08003b87     0x4a  Code  Gb  tcp_out.o [1]
tcp_sent                0x0800382b     0x22  Code  Gb  tcp.o [1]
tcp_shutdown            0x08002b91     0x64  Code  Gb  tcp.o [1]
tcp_slowtmr             0x0800300d    0x418  Code  Gb  tcp.o [1]
tcp_ticks               0x20017240      0x4  Data  Gb  tcp.o [1]
tcp_timer               0x200172a4      0x1  Data  Lc  tcp.o [1]
tcp_timer_ctr           0x200172a5      0x1  Data  Lc  tcp.o [1]
tcp_timer_needed        0x08004f1f     0x2c  Code  Gb  timeouts.o [1]
tcp_timewait_input      0x080009d7     0x96  Code  Lc  tcp_in.o [1]
tcp_tmr                 0x080028ff     0x24  Code  Gb  tcp.o [1]
tcp_trigger_input_pcb_close
                        0x08001e19      0xe  Code  Gb  tcp_in.o [1]
tcp_tw_pcbs             0x20017250      0x4  Data  Gb  tcp.o [1]
tcp_update_rcv_ann_wnd  0x08002eaf     0x64  Code  Gb  tcp.o [1]
tcp_write               0x08003e17    0x622  Code  Gb  tcp_out.o [1]
tcp_write_checks        0x08003d53     0xc4  Code  Lc  tcp_out.o [1]
tcp_zero_window_probe   0x08004c29     0xf0  Code  Gb  tcp_out.o [1]
tcphdr                  0x20017254      0x4  Data  Lc  tcp_in.o [1]
tcphdr_opt1len          0x20017296      0x2  Data  Lc  tcp_in.o [1]
tcphdr_opt2             0x20017258      0x4  Data  Lc  tcp_in.o [1]
tcphdr_optlen           0x20017294      0x2  Data  Lc  tcp_in.o [1]
tcpip_callback_with_block
                        0x08005577     0x64  Code  Gb  tcpip.o [1]
tcpip_init              0x080055f5     0x58  Code  Gb  tcpip.o [1]
tcpip_init_done         0x2001726c      0x4  Data  Lc  tcpip.o [1]
tcpip_init_done_arg     0x20017270      0x4  Data  Lc  tcpip.o [1]
tcpip_inpkt             0x08005503     0x58  Code  Gb  tcpip.o [1]
tcpip_input             0x0800555b     0x1c  Code  Gb  tcpip.o [1]
tcpip_send_msg_wait_sem
                        0x080055db     0x1a  Code  Gb  tcpip.o [1]
tcpip_tcp_timer         0x08004ef5     0x2a  Code  Lc  timeouts.o [1]
tcpip_tcp_timer_active  0x20017284      0x4  Data  Lc  timeouts.o [1]
tcpip_thread            0x08005469     0x9a  Code  Lc  tcpip.o [1]
tcplen                  0x2001729c      0x2  Data  Lc  tcp_in.o [1]
timeouts_last_time      0x20017280      0x4  Data  Lc  timeouts.o [1]
ucHeap                  0x20000150  0x10000  Data  Lc  heap_4.o [1]
ucMaxSysCallPriority    0x200172a2      0x1  Data  Lc  port.o [1]
udp_bind                0x080095c5     0x8e  Code  Gb  udp.o [1]
udp_init                0x0800916d      0x2  Code  Gb  udp.o [1]
udp_input               0x08009217    0x214  Code  Gb  udp.o [1]
udp_input_local_match   0x080091c5     0x52  Code  Lc  udp.o [1]
udp_netif_ip_addr_changed
                        0x080096bd     0x32  Code  Gb  udp.o [1]
udp_new                 0x08009695     0x20  Code  Gb  udp.o [1]
udp_new_ip_type         0x080096b5      0x8  Code  Gb  udp.o [1]
udp_new_port            0x0800916f     0x56  Code  Lc  udp.o [1]
udp_pcbs                0x20017288      0x4  Data  Gb  udp.o [1]
udp_port                0x2000014a      0x2  Data  Lc  udp.o [1]
udp_recv                0x08009653      0x6  Code  Gb  udp.o [1]
udp_remove              0x08009659     0x3c  Code  Gb  udp.o [1]
udp_send                0x0800942b     0x16  Code  Gb  udp.o [1]
udp_sendto              0x08009441     0x48  Code  Gb  udp.o [1]
udp_sendto_if           0x08009489     0x46  Code  Gb  udp.o [1]
udp_sendto_if_src       0x080094cf     0xf6  Code  Gb  udp.o [1]
ulMaxPRIGROUPValue      0x200171e8      0x4  Data  Lc  port.o [1]
uwTick                  0x200171f4      0x4  Data  Gb  stm32f4xx_hal.o [1]
uwTickFreq              0x2000014c      0x1  Data  Gb  stm32f4xx_hal.o [1]
uxCriticalNesting       0x2000013c      0x4  Data  Lc  port.o [1]
uxCurrentNumberOfTasks  0x20017214      0x4  Data  Lc  tasks.o [1]
uxDeletedTasksWaitingCleanUp
                        0x20017210      0x4  Data  Lc  tasks.o [1]
uxListRemove            0x0800d85b     0x26  Code  Gb  list.o [1]
uxPendedTicks           0x20017224      0x4  Data  Lc  tasks.o [1]
uxQueueMessagesWaiting  0x0800be31     0x26  Code  Gb  queue.o [1]
uxQueueMessagesWaitingFromISR
                        0x0800be57     0x18  Code  Gb  queue.o [1]
uxSchedulerSuspended    0x2001723c      0x4  Data  Lc  tasks.o [1]
uxTaskNumber            0x20017230      0x4  Data  Lc  tasks.o [1]
uxTopReadyPriority      0x2001721c      0x4  Data  Lc  tasks.o [1]
vListInitialise         0x0800d7e9     0x1e  Code  Gb  list.o [1]
vListInitialiseItem     0x0800d807      0x6  Code  Gb  list.o [1]
vListInsert             0x0800d825     0x36  Code  Gb  list.o [1]
vListInsertEnd          0x0800d80d     0x18  Code  Gb  list.o [1]
vPortEnableVFP          0x0800f4d1           Code  Gb  portasm.o [1]
vPortEnterCritical      0x0800d99f     0x3a  Code  Gb  port.o [1]
vPortExitCritical       0x0800d9d9     0x32  Code  Gb  port.o [1]
vPortFree               0x0800d695     0x74  Code  Gb  heap_4.o [1]
vPortSetupTimerInterrupt
                        0x0800da33     0x1a  Code  Wk  port.o [1]
vPortStartFirstTask     0x0800f4b9           Code  Gb  portasm.o [1]
vPortValidateInterruptPriority
                        0x0800da4d     0x4a  Code  Gb  port.o [1]
vQueueDelete            0x0800be6f     0x26  Code  Gb  queue.o [1]
vQueueUnregisterQueue   0x0800bfe9     0x2a  Code  Gb  queue.o [1]
vTaskDelay              0x0800aef5     0x4c  Code  Gb  tasks.o [1]
vTaskDelete             0x0800ae13     0xe2  Code  Gb  tasks.o [1]
vTaskMissedYield        0x0800b3a7      0xa  Code  Gb  tasks.o [1]
vTaskPlaceOnEventList   0x0800b257     0x2e  Code  Gb  tasks.o [1]
vTaskPriorityInherit    0x0800b509     0xaa  Code  Gb  tasks.o [1]
vTaskSetTimeOutState    0x0800b2ff     0x26  Code  Gb  tasks.o [1]
vTaskStartScheduler     0x0800af41     0x66  Code  Gb  tasks.o [1]
vTaskSuspendAll         0x0800afa7     0x10  Code  Gb  tasks.o [1]
vTaskSwitchContext      0x0800b1e9     0x6e  Code  Gb  tasks.o [1]
xBlockAllocatedBit      0x20017174      0x4  Data  Lc  heap_4.o [1]
xDelayedTaskList1       0x2001703c     0x14  Data  Lc  tasks.o [1]
xDelayedTaskList2       0x20017050     0x14  Data  Lc  tasks.o [1]
xFreeBytesRemaining     0x2001716c      0x4  Data  Lc  heap_4.o [1]
xHeapStructSize         0x08015b14      0x4  Data  Lc  heap_4.o [1]
xIdleTaskHandle         0x20017238      0x4  Data  Lc  tasks.o [1]
xMinimumEverFreeBytesRemaining
                        0x20017170      0x4  Data  Lc  heap_4.o [1]
xNextTaskUnblockTime    0x20017234      0x4  Data  Lc  tasks.o [1]
xNumOfOverflows         0x2001722c      0x4  Data  Lc  tasks.o [1]
xPendingReadyList       0x20017064     0x14  Data  Lc  tasks.o [1]
xPortStartScheduler     0x0800d8d3     0xcc  Code  Gb  port.o [1]
xQueueCreateMutex       0x0800b883     0x1c  Code  Gb  queue.o [1]
xQueueGenericCreate     0x0800b7ff     0x4a  Code  Gb  queue.o [1]
xQueueGenericReceive    0x0800bbc1    0x1be  Code  Gb  queue.o [1]
xQueueGenericReset      0x0800b76d     0x92  Code  Gb  queue.o [1]
xQueueGenericSend       0x0800b89f    0x196  Code  Gb  queue.o [1]
xQueueGenericSendFromISR
                        0x0800ba35     0xd8  Code  Gb  queue.o [1]
xQueueGiveFromISR       0x0800bb0d     0xb4  Code  Gb  queue.o [1]
xQueueReceiveFromISR    0x0800bd7f     0xb2  Code  Gb  queue.o [1]
xQueueRegistry          0x20016eec     0x40  Data  Gb  queue.o [1]
xSchedulerRunning       0x20017220      0x4  Data  Lc  tasks.o [1]
xStart                  0x2001714c      0x8  Data  Lc  heap_4.o [1]
xSuspendedTaskList      0x2001708c     0x14  Data  Lc  tasks.o [1]
xTaskCheckForTimeOut    0x0800b325     0x82  Code  Gb  tasks.o [1]
xTaskCreate             0x0800ac45     0x76  Code  Gb  tasks.o [1]
xTaskGetSchedulerState  0x0800b4db     0x20  Code  Gb  tasks.o [1]
xTaskGetTickCount       0x0800b0b1      0x8  Code  Gb  tasks.o [1]
xTaskGetTickCountFromISR
                        0x0800b0b9     0x10  Code  Gb  tasks.o [1]
xTaskIncrementTick      0x0800b0c9    0x120  Code  Gb  tasks.o [1]
xTaskPriorityDisinherit
                        0x0800b5b3     0xb4  Code  Gb  tasks.o [1]
xTaskRemoveFromEventList
                        0x0800b285     0x7a  Code  Gb  tasks.o [1]
xTaskResumeAll          0x0800afb7     0xfa  Code  Gb  tasks.o [1]
xTasksWaitingTermination
                        0x20017078     0x14  Data  Lc  tasks.o [1]
xTickCount              0x20017218      0x4  Data  Lc  tasks.o [1]
xYieldPending           0x20017228      0x4  Data  Lc  tasks.o [1]


[1] = D:\Projects\Promet-S\Eth427\EWARM\Eth427\Obj
[2] = command line
[3] = dl7M_tlf.a
[4] = m7M_tls.a
[5] = rt7M_tl.a
[6] = shb_l.a

   77 384 bytes of readonly  code memory
   11 891 bytes of readonly  data memory
  168 616 bytes of readwrite data memory

Errors: none
Warnings: none
