###############################################################################
#
# IAR ELF Linker V7.40.3.8902/W32 for ARM                 15/Aug/2019  19:48:32
# Copyright 2007-2015 IAR Systems AB.
#
#    Output file  =  D:\Projects\Promet-S\Eth427\EWARM\Eth427\Exe\Eth427.out
#    Map file     =  D:\Projects\Promet-S\Eth427\EWARM\Eth427/List\Eth427.map
#    Command line =  
#        D:\Projects\Promet-S\Eth427\EWARM\Eth427\Obj\api_lib.o
#        D:\Projects\Promet-S\Eth427\EWARM\Eth427\Obj\api_msg.o
#        D:\Projects\Promet-S\Eth427\EWARM\Eth427\Obj\auth.o
#        D:\Projects\Promet-S\Eth427\EWARM\Eth427\Obj\autoip.o
#        D:\Projects\Promet-S\Eth427\EWARM\Eth427\Obj\ccp.o
#        D:\Projects\Promet-S\Eth427\EWARM\Eth427\Obj\chap-md5.o
#        D:\Projects\Promet-S\Eth427\EWARM\Eth427\Obj\chap-new.o
#        D:\Projects\Promet-S\Eth427\EWARM\Eth427\Obj\chap_ms.o
#        D:\Projects\Promet-S\Eth427\EWARM\Eth427\Obj\cmsis_os.o
#        D:\Projects\Promet-S\Eth427\EWARM\Eth427\Obj\croutine.o
#        D:\Projects\Promet-S\Eth427\EWARM\Eth427\Obj\def.o
#        D:\Projects\Promet-S\Eth427\EWARM\Eth427\Obj\demand.o
#        D:\Projects\Promet-S\Eth427\EWARM\Eth427\Obj\dhcp.o
#        D:\Projects\Promet-S\Eth427\EWARM\Eth427\Obj\dhcp6.o
#        D:\Projects\Promet-S\Eth427\EWARM\Eth427\Obj\dns.o
#        D:\Projects\Promet-S\Eth427\EWARM\Eth427\Obj\dpram.o
#        D:\Projects\Promet-S\Eth427\EWARM\Eth427\Obj\eap.o
#        D:\Projects\Promet-S\Eth427\EWARM\Eth427\Obj\ecp.o
#        D:\Projects\Promet-S\Eth427\EWARM\Eth427\Obj\err.o
#        D:\Projects\Promet-S\Eth427\EWARM\Eth427\Obj\etharp.o
#        D:\Projects\Promet-S\Eth427\EWARM\Eth427\Obj\ethernet.o
#        D:\Projects\Promet-S\Eth427\EWARM\Eth427\Obj\ethernetif.o
#        D:\Projects\Promet-S\Eth427\EWARM\Eth427\Obj\ethip6.o
#        D:\Projects\Promet-S\Eth427\EWARM\Eth427\Obj\eui64.o
#        D:\Projects\Promet-S\Eth427\EWARM\Eth427\Obj\event_groups.o
#        D:\Projects\Promet-S\Eth427\EWARM\Eth427\Obj\freertos.o
#        D:\Projects\Promet-S\Eth427\EWARM\Eth427\Obj\fsm.o
#        D:\Projects\Promet-S\Eth427\EWARM\Eth427\Obj\heap_4.o
#        D:\Projects\Promet-S\Eth427\EWARM\Eth427\Obj\icmp.o
#        D:\Projects\Promet-S\Eth427\EWARM\Eth427\Obj\icmp6.o
#        D:\Projects\Promet-S\Eth427\EWARM\Eth427\Obj\igmp.o
#        D:\Projects\Promet-S\Eth427\EWARM\Eth427\Obj\inet6.o
#        D:\Projects\Promet-S\Eth427\EWARM\Eth427\Obj\inet_chksum.o
#        D:\Projects\Promet-S\Eth427\EWARM\Eth427\Obj\init.o
#        D:\Projects\Promet-S\Eth427\EWARM\Eth427\Obj\ip.o
#        D:\Projects\Promet-S\Eth427\EWARM\Eth427\Obj\ip4.o
#        D:\Projects\Promet-S\Eth427\EWARM\Eth427\Obj\ip4_addr.o
#        D:\Projects\Promet-S\Eth427\EWARM\Eth427\Obj\ip4_frag.o
#        D:\Projects\Promet-S\Eth427\EWARM\Eth427\Obj\ip6.o
#        D:\Projects\Promet-S\Eth427\EWARM\Eth427\Obj\ip6_addr.o
#        D:\Projects\Promet-S\Eth427\EWARM\Eth427\Obj\ip6_frag.o
#        D:\Projects\Promet-S\Eth427\EWARM\Eth427\Obj\ipcp.o
#        D:\Projects\Promet-S\Eth427\EWARM\Eth427\Obj\ipv6cp.o
#        D:\Projects\Promet-S\Eth427\EWARM\Eth427\Obj\ksz8873.o
#        D:\Projects\Promet-S\Eth427\EWARM\Eth427\Obj\lcp.o
#        D:\Projects\Promet-S\Eth427\EWARM\Eth427\Obj\list.o
#        D:\Projects\Promet-S\Eth427\EWARM\Eth427\Obj\lowpan6.o
#        D:\Projects\Promet-S\Eth427\EWARM\Eth427\Obj\lwip.o
#        D:\Projects\Promet-S\Eth427\EWARM\Eth427\Obj\magic.o
#        D:\Projects\Promet-S\Eth427\EWARM\Eth427\Obj\main.o
#        D:\Projects\Promet-S\Eth427\EWARM\Eth427\Obj\mem.o
#        D:\Projects\Promet-S\Eth427\EWARM\Eth427\Obj\memp.o
#        D:\Projects\Promet-S\Eth427\EWARM\Eth427\Obj\mld6.o
#        D:\Projects\Promet-S\Eth427\EWARM\Eth427\Obj\mppe.o
#        D:\Projects\Promet-S\Eth427\EWARM\Eth427\Obj\mqtt.o
#        D:\Projects\Promet-S\Eth427\EWARM\Eth427\Obj\multilink.o
#        D:\Projects\Promet-S\Eth427\EWARM\Eth427\Obj\nd6.o
#        D:\Projects\Promet-S\Eth427\EWARM\Eth427\Obj\netbuf.o
#        D:\Projects\Promet-S\Eth427\EWARM\Eth427\Obj\netdb.o
#        D:\Projects\Promet-S\Eth427\EWARM\Eth427\Obj\netif.o
#        D:\Projects\Promet-S\Eth427\EWARM\Eth427\Obj\netifapi.o
#        D:\Projects\Promet-S\Eth427\EWARM\Eth427\Obj\pbuf.o
#        D:\Projects\Promet-S\Eth427\EWARM\Eth427\Obj\port.o
#        D:\Projects\Promet-S\Eth427\EWARM\Eth427\Obj\portasm.o
#        D:\Projects\Promet-S\Eth427\EWARM\Eth427\Obj\ppp.o
#        D:\Projects\Promet-S\Eth427\EWARM\Eth427\Obj\pppapi.o
#        D:\Projects\Promet-S\Eth427\EWARM\Eth427\Obj\pppcrypt.o
#        D:\Projects\Promet-S\Eth427\EWARM\Eth427\Obj\pppoe.o
#        D:\Projects\Promet-S\Eth427\EWARM\Eth427\Obj\pppol2tp.o
#        D:\Projects\Promet-S\Eth427\EWARM\Eth427\Obj\pppos.o
#        D:\Projects\Promet-S\Eth427\EWARM\Eth427\Obj\queue.o
#        D:\Projects\Promet-S\Eth427\EWARM\Eth427\Obj\raw.o
#        D:\Projects\Promet-S\Eth427\EWARM\Eth427\Obj\slipif.o
#        D:\Projects\Promet-S\Eth427\EWARM\Eth427\Obj\sntp.o
#        D:\Projects\Promet-S\Eth427\EWARM\Eth427\Obj\sockets.o
#        D:\Projects\Promet-S\Eth427\EWARM\Eth427\Obj\startup_stm32f427xx.o
#        D:\Projects\Promet-S\Eth427\EWARM\Eth427\Obj\stats.o
#        D:\Projects\Promet-S\Eth427\EWARM\Eth427\Obj\stm32f4xx_hal.o
#        D:\Projects\Promet-S\Eth427\EWARM\Eth427\Obj\stm32f4xx_hal_cortex.o
#        D:\Projects\Promet-S\Eth427\EWARM\Eth427\Obj\stm32f4xx_hal_dma.o
#        D:\Projects\Promet-S\Eth427\EWARM\Eth427\Obj\stm32f4xx_hal_dma_ex.o
#        D:\Projects\Promet-S\Eth427\EWARM\Eth427\Obj\stm32f4xx_hal_eth.o
#        D:\Projects\Promet-S\Eth427\EWARM\Eth427\Obj\stm32f4xx_hal_flash.o
#        D:\Projects\Promet-S\Eth427\EWARM\Eth427\Obj\stm32f4xx_hal_flash_ex.o
#        D:\Projects\Promet-S\Eth427\EWARM\Eth427\Obj\stm32f4xx_hal_flash_ramfunc.o
#        D:\Projects\Promet-S\Eth427\EWARM\Eth427\Obj\stm32f4xx_hal_gpio.o
#        D:\Projects\Promet-S\Eth427\EWARM\Eth427\Obj\stm32f4xx_hal_msp.o
#        D:\Projects\Promet-S\Eth427\EWARM\Eth427\Obj\stm32f4xx_hal_nand.o
#        D:\Projects\Promet-S\Eth427\EWARM\Eth427\Obj\stm32f4xx_hal_pwr.o
#        D:\Projects\Promet-S\Eth427\EWARM\Eth427\Obj\stm32f4xx_hal_pwr_ex.o
#        D:\Projects\Promet-S\Eth427\EWARM\Eth427\Obj\stm32f4xx_hal_rcc.o
#        D:\Projects\Promet-S\Eth427\EWARM\Eth427\Obj\stm32f4xx_hal_rcc_ex.o
#        D:\Projects\Promet-S\Eth427\EWARM\Eth427\Obj\stm32f4xx_hal_sdram.o
#        D:\Projects\Promet-S\Eth427\EWARM\Eth427\Obj\stm32f4xx_hal_sram.o
#        D:\Projects\Promet-S\Eth427\EWARM\Eth427\Obj\stm32f4xx_hal_tim.o
#        D:\Projects\Promet-S\Eth427\EWARM\Eth427\Obj\stm32f4xx_hal_tim_ex.o
#        D:\Projects\Promet-S\Eth427\EWARM\Eth427\Obj\stm32f4xx_hal_timebase_tim.o
#        D:\Projects\Promet-S\Eth427\EWARM\Eth427\Obj\stm32f4xx_hal_uart.o
#        D:\Projects\Promet-S\Eth427\EWARM\Eth427\Obj\stm32f4xx_it.o
#        D:\Projects\Promet-S\Eth427\EWARM\Eth427\Obj\stm32f4xx_ll_fmc.o
#        D:\Projects\Promet-S\Eth427\EWARM\Eth427\Obj\sys.o
#        D:\Projects\Promet-S\Eth427\EWARM\Eth427\Obj\sys_arch.o
#        D:\Projects\Promet-S\Eth427\EWARM\Eth427\Obj\system_stm32f4xx.o
#        D:\Projects\Promet-S\Eth427\EWARM\Eth427\Obj\tasks.o
#        D:\Projects\Promet-S\Eth427\EWARM\Eth427\Obj\tcp.o
#        D:\Projects\Promet-S\Eth427\EWARM\Eth427\Obj\tcp_in.o
#        D:\Projects\Promet-S\Eth427\EWARM\Eth427\Obj\tcp_out.o
#        D:\Projects\Promet-S\Eth427\EWARM\Eth427\Obj\tcpip.o
#        D:\Projects\Promet-S\Eth427\EWARM\Eth427\Obj\timeouts.o
#        D:\Projects\Promet-S\Eth427\EWARM\Eth427\Obj\timers.o
#        D:\Projects\Promet-S\Eth427\EWARM\Eth427\Obj\udp.o
#        D:\Projects\Promet-S\Eth427\EWARM\Eth427\Obj\upap.o
#        D:\Projects\Promet-S\Eth427\EWARM\Eth427\Obj\utils.o
#        D:\Projects\Promet-S\Eth427\EWARM\Eth427\Obj\vj.o --redirect
#        _Printf=_PrintfFull --redirect _Scanf=_ScanfFull -o
#        D:\Projects\Promet-S\Eth427\EWARM\Eth427\Exe\Eth427.out --map
#        D:\Projects\Promet-S\Eth427\EWARM\Eth427/List\Eth427.map --config
#        D:\Projects\Promet-S\Eth427\EWARM/stm32f427xx_flash.icf --semihosting
#        --entry __iar_program_start --vfe
#
###############################################################################

*******************************************************************************
*** RUNTIME MODEL ATTRIBUTES
***

CppFlavor                     = *
__Heap_Handler                = Basic
__SystemLibrary               = DLib
__dlib_dynamic_initialization = normal


*******************************************************************************
*** PLACEMENT SUMMARY
***

"A1":  place at 0x08000000 { ro section .intvec };
"P1":  place in [from 0x08000000 to 0x081fffff] { ro };
"P2":  place in [from 0x20000000 to 0x2002ffff] { rw, block CSTACK, block HEAP };

  Section             Kind        Address    Size  Object
  -------             ----        -------    ----  ------
"A1":                                       0x1ac
  .intvec             ro code  0x08000000   0x1ac  startup_stm32f427xx.o [1]
                             - 0x080001ac   0x1ac

"P1":                                      0xfcab
  .text               ro code  0x080001ac  0x1c08  tcp_in.o [1]
  .text               ro code  0x08001db4   0x9c8  pbuf.o [1]
  .text               ro code  0x0800277c    0x4c  ip4_addr.o [1]
  .text               ro code  0x080027c8    0x24  def.o [1]
  .text               ro code  0x080027ec    0x24  printf.o [3]
  .text               ro code  0x08002810   0xe2c  tcp.o [1]
  .text               ro code  0x0800363c   0xa44  tcp_out.o [1]
  .text               ro code  0x08004080   0x134  memp.o [1]
  .text               ro code  0x080041b4   0x260  timeouts.o [1]
  .text               ro code  0x08004414   0x15c  sys_arch.o [1]
  .text               ro code  0x08004570   0x204  tcpip.o [1]
  .text               ro code  0x08004774   0x534  mem.o [1]
  .text               ro code  0x08004ca8    0x76  ABImemcpy_unaligned.o [5]
  .text               ro code  0x08004d20  0x1156  xprintffull.o [3]
  .text               ro code  0x08005e78    0x66  ABImemset.o [5]
  .text               ro code  0x08005ee0   0x3a0  ip4.o [1]
  .text               ro code  0x08006280   0x692  ethernetif.o [1]
  .text               ro code  0x08006914   0x370  cmsis_os.o [1]
  .text               ro code  0x08006c84     0x6  ABImemclr4.o [5]
  .text               ro code  0x08006c8c    0x48  init.o [1]
  .text               ro code  0x08006cd4    0x20  xmbtowc.o [3]
  .text               ro code  0x08006cf4    0x16  strchr.o [5]
  .text               ro code  0x08006d0c    0x36  strlen.o [5]
  .text               ro code  0x08006d44    0x58  memchr.o [5]
  .text               ro code  0x08006d9c     0xa  xmbcurmax.o [3]
  .text               ro code  0x08006da8    0xb0  xxmemxmalloc.o [3]
  .text               ro code  0x08006e58    0x1a  xwctomb.o [3]
  .text               ro code  0x08006e74    0x80  xxmemxfree.o [3]
  .text               ro code  0x08006ef4    0xee  I64DivMod.o [5]
  .text               ro code  0x08006fe2    0x42  xdnorm.o [4]
  .text               ro code  0x08007024    0x2e  DblCmpLe.o [4]
  .text               ro code  0x08007054    0x2e  DblCmpGe.o [4]
  .text               ro code  0x08007084   0x118  xdscale.o [4]
  .text               ro code  0x0800719c    0x58  DblToI32.o [4]
  .text               ro code  0x080071f4    0x30  I32ToDbl.o [4]
  .text               ro code  0x08007224   0x180  DblSub.o [4]
  .text               ro code  0x080073a4   0x1a2  DblMul.o [4]
  .text               ro code  0x08007548   0x256  DblDiv.o [4]
  .text               ro code  0x080077a0    0x6c  localeconv.o [3]
  .text               ro code  0x0800780c     0xe  div.o [3]
  .text               ro code  0x0800781c   0x8e4  ip4_frag.o [1]
  .text               ro code  0x08008100   0x234  udp.o [1]
  .text               ro code  0x08008334   0x260  icmp.o [1]
  .text               ro code  0x08008594   0x248  stm32f4xx_hal_gpio.o [1]
  .text               ro code  0x080087dc    0xe4  stm32f4xx_hal_cortex.o [1]
  .text               ro code  0x080088c0   0xcd4  stm32f4xx_hal_eth.o [1]
  .text               ro code  0x08009594    0x80  stm32f4xx_hal.o [1]
  .text               ro code  0x08009614   0x216  netif.o [1]
  .text               ro code  0x0800982c   0xa48  tasks.o [1]
  .text               ro code  0x0800a274   0x81c  queue.o [1]
  .text               ro code  0x0800aa90    0x32  ABImemset48.o [5]
  .text               ro code  0x0800aac4    0x14  setlocale.o [3]
  .text               ro code  0x0800aad8    0x60  xencoding_sb.o [3]
  .text               ro code  0x0800ab38    0x2c  xgetmemchunk.o [3]
  .text               ro code  0x0800ab64     0x2  I64DivZer.o [5]
  .text               ro code  0x0800ab68    0xd4  DblAdd.o [4]
  .text               ro code  0x0800ac3c     0x2  xtls.o [3]
  .text               ro code  0x0800ac40   0x684  stm32f4xx_hal_rcc.o [1]
  .text               ro code  0x0800b2c4    0x90  stm32f4xx_hal_timebase_tim.o [1]
  .text               ro code  0x0800b354   0x1c8  stm32f4xx_hal_msp.o [1]
  .text               ro code  0x0800b51c   0xb58  etharp.o [1]
  .text               ro code  0x0800c074   0x25c  heap_4.o [1]
  .text               ro code  0x0800c2d0    0x98  list.o [1]
  .text               ro code  0x0800c368   0x254  port.o [1]
  .text               ro code  0x0800c5bc   0x2e4  stm32f4xx_hal_tim.o [1]
  .text               ro code  0x0800c8a0   0x134  ethernet.o [1]
  CODE                ro code  0x0800c9d4    0xa8  portasm.o [1]
  .text               ro code  0x0800ca7c   0x696  main.o [1]
  .text               ro code  0x0800d114     0x4  stm32f4xx_hal_tim_ex.o [1]
  .text               ro code  0x0800d118    0x62  memcmp_unaligned.o [5]
  .text               ro code  0x0800d17c   0x4dc  stm32f4xx_hal_uart.o [1]
  .text               ro code  0x0800d658    0x5c  stm32f4xx_hal_sram.o [1]
  .text               ro code  0x0800d6b4    0x6a  stm32f4xx_hal_nand.o [1]
  .text               ro code  0x0800d720    0xa2  stm32f4xx_hal_sdram.o [1]
  .text               ro code  0x0800d7c4   0x160  lwip.o [1]
  .text               ro code  0x0800d924   0x338  stm32f4xx_ll_fmc.o [1]
  .text               ro code  0x0800dc5c    0xd0  packbits_init.o [5]
  .text               ro code  0x0800dd2c     0x6  abort.o [3]
  .text               ro code  0x0800dd34    0x14  exit.o [6]
  .text               ro code  0x0800dd48    0x6c  system_stm32f4xx.o [1]
  .rodata             const    0x0800ddb4    0x58  tcp_out.o [1]
  .rodata             const    0x0800de0c    0x54  ip4_frag.o [1]
  .rodata             const    0x0800de60    0x50  etharp.o [1]
  .rodata             const    0x0800deb0    0x50  ethernet.o [1]
  .rodata             const    0x0800df00    0x50  icmp.o [1]
  .rodata             const    0x0800df50    0x50  ip4.o [1]
  .rodata             const    0x0800dfa0    0x50  timeouts.o [1]
  .rodata             const    0x0800dff0    0x4c  init.o [1]
  .rodata             const    0x0800e03c    0x4c  memp.o [1]
  .rodata             const    0x0800e088    0x4c  netif.o [1]
  .rodata             const    0x0800e0d4    0x4c  pbuf.o [1]
  .rodata             const    0x0800e120    0x4c  tcp_in.o [1]
  .rodata             const    0x0800e16c    0x4c  tcp_out.o [1]
  .rodata             const    0x0800e1b8    0x4c  tcpip.o [1]
  .rodata             const    0x0800e204    0x48  mem.o [1]
  .rodata             const    0x0800e24c    0x48  tcp.o [1]
  .rodata             const    0x0800e294    0x48  udp.o [1]
  .rodata             const    0x0800e2dc    0x44  etharp.o [1]
  .rodata             const    0x0800e320    0x44  init.o [1]
  .rodata             const    0x0800e364    0x40  etharp.o [1]
  .rodata             const    0x0800e3a4    0x40  timeouts.o [1]
  .text               ro code  0x0800e3e4    0x40  zero_init3.o [5]
  .rodata             const    0x0800e424    0x3c  tcp_in.o [1]
  .rodata             const    0x0800e460    0x3c  tcp_out.o [1]
  .rodata             const    0x0800e49c    0x38  icmp.o [1]
  .rodata             const    0x0800e4d4    0x38  ip4_frag.o [1]
  .rodata             const    0x0800e50c    0x38  pbuf.o [1]
  .rodata             const    0x0800e544    0x38  tcp_in.o [1]
  .rodata             const    0x0800e57c    0x34  etharp.o [1]
  .rodata             const    0x0800e5b0    0x34  ethernet.o [1]
  .rodata             const    0x0800e5e4    0x34  icmp.o [1]
  .rodata             const    0x0800e618    0x34  main.o [1]
  .rodata             const    0x0800e64c    0x34  memp.o [1]
  .rodata             const    0x0800e680    0x34  pbuf.o [1]
  .rodata             const    0x0800e6b4    0x34  pbuf.o [1]
  .rodata             const    0x0800e6e8    0x34  tcp.o [1]
  .rodata             const    0x0800e71c    0x30  etharp.o [1]
  .rodata             const    0x0800e74c    0x30  ethernetif.o [1]
  .rodata             const    0x0800e77c    0x30  ip4.o [1]
  .rodata             const    0x0800e7ac    0x30  main.o [1]
  .rodata             const    0x0800e7dc    0x30  main.o [1]
  .rodata             const    0x0800e80c    0x30  mem.o [1]
  .rodata             const    0x0800e83c    0x30  mem.o [1]
  .rodata             const    0x0800e86c    0x30  pbuf.o [1]
  .rodata             const    0x0800e89c    0x30  pbuf.o [1]
  .rodata             const    0x0800e8cc    0x30  pbuf.o [1]
  .rodata             const    0x0800e8fc    0x30  pbuf.o [1]
  .rodata             const    0x0800e92c    0x30  tcp.o [1]
  .rodata             const    0x0800e95c    0x30  tcp.o [1]
  .rodata             const    0x0800e98c    0x30  tcp_in.o [1]
  .rodata             const    0x0800e9bc    0x30  tcp_out.o [1]
  .rodata             const    0x0800e9ec    0x2c  etharp.o [1]
  .rodata             const    0x0800ea18    0x2c  icmp.o [1]
  .rodata             const    0x0800ea44    0x2c  mem.o [1]
  .rodata             const    0x0800ea70    0x2c  pbuf.o [1]
  .rodata             const    0x0800ea9c    0x2c  pbuf.o [1]
  .rodata             const    0x0800eac8    0x2c  tcp.o [1]
  .rodata             const    0x0800eaf4    0x2c  tcp.o [1]
  .rodata             const    0x0800eb20    0x2c  tcp.o [1]
  .rodata             const    0x0800eb4c    0x2c  tcp.o [1]
  .rodata             const    0x0800eb78    0x2c  tcp_in.o [1]
  .rodata             const    0x0800eba4    0x2c  tcp_in.o [1]
  .rodata             const    0x0800ebd0    0x2c  tcp_in.o [1]
  .rodata             const    0x0800ebfc    0x2c  tcp_out.o [1]
  .rodata             const    0x0800ec28    0x28  etharp.o [1]
  .rodata             const    0x0800ec50    0x28  etharp.o [1]
  .rodata             const    0x0800ec78    0x28  ethernet.o [1]
  .rodata             const    0x0800eca0    0x28  ethernetif.o [1]
  .rodata             const    0x0800ecc8    0x28  icmp.o [1]
  .rodata             const    0x0800ecf0    0x28  init.o [1]
  .rodata             const    0x0800ed18    0x28  ip4.o [1]
  .rodata             const    0x0800ed40    0x28  ip4_frag.o [1]
  .rodata             const    0x0800ed68    0x28  ip4_frag.o [1]
  .rodata             const    0x0800ed90    0x28  main.o [1]
  .rodata             const    0x0800edb8    0x28  mem.o [1]
  .rodata             const    0x0800ede0    0x28  memp.o [1]
  .rodata             const    0x0800ee08    0x28  netif.o [1]
  .rodata             const    0x0800ee30    0x28  pbuf.o [1]
  .rodata             const    0x0800ee58    0x28  tcp.o [1]
  .rodata             const    0x0800ee80    0x28  tcp.o [1]
  .rodata             const    0x0800eea8    0x28  tcp.o [1]
  .rodata             const    0x0800eed0    0x28  tcp.o [1]
  .rodata             const    0x0800eef8    0x28  tcp_in.o [1]
  .rodata             const    0x0800ef20    0x28  tcp_in.o [1]
  .rodata             const    0x0800ef48    0x28  tcp_in.o [1]
  .rodata             const    0x0800ef70    0x28  tcp_in.o [1]
  .rodata             const    0x0800ef98    0x28  tcp_in.o [1]
  .rodata             const    0x0800efc0    0x28  tcp_out.o [1]
  .rodata             const    0x0800efe8    0x28  tcp_out.o [1]
  .rodata             const    0x0800f010    0x28  tcp_out.o [1]
  .rodata             const    0x0800f038    0x28  tcpip.o [1]
  .rodata             const    0x0800f060    0x28  timeouts.o [1]
  .rodata             const    0x0800f088    0x28  udp.o [1]
  .text               ro code  0x0800f0b0    0x28  stm32f4xx_it.o [1]
  .text               ro code  0x0800f0d8    0x28  data_init.o [5]
  .rodata             const    0x0800f100    0x24  etharp.o [1]
  .rodata             const    0x0800f124    0x24  ip4_frag.o [1]
  .rodata             const    0x0800f148    0x24  mem.o [1]
  .rodata             const    0x0800f16c    0x24  mem.o [1]
  .rodata             const    0x0800f190    0x24  memp.o [1]
  .rodata             const    0x0800f1b4    0x24  pbuf.o [1]
  .rodata             const    0x0800f1d8    0x24  pbuf.o [1]
  .rodata             const    0x0800f1fc    0x24  pbuf.o [1]
  .rodata             const    0x0800f220    0x24  tcp.o [1]
  .rodata             const    0x0800f244    0x24  tcpip.o [1]
  .rodata             const    0x0800f268    0x24  tcpip.o [1]
  .text               ro code  0x0800f28c    0x22  fpinit_M.o [4]
  .iar.init_table     const    0x0800f2b0    0x2c  - Linker created -
  .rodata             const    0x0800f2dc    0x20  ip4_frag.o [1]
  .rodata             const    0x0800f2fc    0x20  ip4_frag.o [1]
  .rodata             const    0x0800f31c    0x20  ip4_frag.o [1]
  .rodata             const    0x0800f33c    0x20  mem.o [1]
  .rodata             const    0x0800f35c    0x20  memp.o [1]
  .rodata             const    0x0800f37c    0x20  memp.o [1]
  .rodata             const    0x0800f39c    0x20  pbuf.o [1]
  .rodata             const    0x0800f3bc    0x20  pbuf.o [1]
  .rodata             const    0x0800f3dc    0x20  tcp_in.o [1]
  .rodata             const    0x0800f3fc    0x20  tcp_in.o [1]
  .rodata             const    0x0800f41c    0x20  tcp_in.o [1]
  .rodata             const    0x0800f43c    0x20  tcp_in.o [1]
  .rodata             const    0x0800f45c    0x20  tcp_in.o [1]
  .rodata             const    0x0800f47c    0x20  tcpip.o [1]
  .rodata             const    0x0800f49c    0x1c  etharp.o [1]
  .rodata             const    0x0800f4b8    0x1c  ip4_frag.o [1]
  .rodata             const    0x0800f4d4    0x1c  ip4_frag.o [1]
  .rodata             const    0x0800f4f0    0x1c  ip4_frag.o [1]
  .rodata             const    0x0800f50c    0x1c  mem.o [1]
  .rodata             const    0x0800f528    0x1c  mem.o [1]
  .rodata             const    0x0800f544    0x1c  mem.o [1]
  .rodata             const    0x0800f560    0x1c  mem.o [1]
  .rodata             const    0x0800f57c    0x1c  memp.o [1]
  .rodata             const    0x0800f598    0x1c  pbuf.o [1]
  .rodata             const    0x0800f5b4    0x1c  pbuf.o [1]
  .rodata             const    0x0800f5d0    0x1c  pbuf.o [1]
  .rodata             const    0x0800f5ec    0x1c  pbuf.o [1]
  .rodata             const    0x0800f608    0x1c  pbuf.o [1]
  .rodata             const    0x0800f624    0x1c  tcp.o [1]
  .rodata             const    0x0800f640    0x1c  tcp.o [1]
  .rodata             const    0x0800f65c    0x1c  tcp.o [1]
  .rodata             const    0x0800f678    0x1c  tcp_in.o [1]
  .rodata             const    0x0800f694    0x1c  tcp_in.o [1]
  .text               ro code  0x0800f6b0    0x1a  cmain.o [5]
  .text               ro code  0x0800f6ca     0x4  low_level_init.o [3]
  .text               ro code  0x0800f6ce     0x4  exit.o [3]
  .text               ro code  0x0800f6d4     0xa  cexit.o [5]
  .rodata             const    0x0800f6e0    0x18  etharp.o [1]
  .rodata             const    0x0800f6f8    0x18  main.o [1]
  .rodata             const    0x0800f710    0x18  mem.o [1]
  .rodata             const    0x0800f728    0x18  mem.o [1]
  .rodata             const    0x0800f740    0x18  mem.o [1]
  .rodata             const    0x0800f758    0x18  netif.o [1]
  .rodata             const    0x0800f770    0x18  pbuf.o [1]
  .rodata             const    0x0800f788    0x18  pbuf.o [1]
  .rodata             const    0x0800f7a0    0x18  pbuf.o [1]
  .rodata             const    0x0800f7b8    0x18  pbuf.o [1]
  .rodata             const    0x0800f7d0    0x18  pbuf.o [1]
  .rodata             const    0x0800f7e8    0x18  tcp.o [1]
  .rodata             const    0x0800f800    0x18  tcp.o [1]
  .rodata             const    0x0800f818    0x18  tcp.o [1]
  .rodata             const    0x0800f830    0x18  tcp_in.o [1]
  .rodata             const    0x0800f848    0x18  tcp_out.o [1]
  .rodata             const    0x0800f860    0x18  tcp_out.o [1]
  .rodata             const    0x0800f878    0x18  tcp_out.o [1]
  .rodata             const    0x0800f890    0x18  timeouts.o [1]
  .text               ro code  0x0800f8a8    0x16  xprout.o [3]
  .text               ro code  0x0800f8c0     0xc  putchar.o [3]
  .rodata             const    0x0800f8cc    0x14  etharp.o [1]
  .rodata             const    0x0800f8e0    0x14  ethernetif.o [1]
  .rodata             const    0x0800f8f4    0x14  ip4_frag.o [1]
  .rodata             const    0x0800f908    0x14  lwip.o [1]
  .rodata             const    0x0800f91c    0x14  main.o [1]
  .rodata             const    0x0800f930    0x14  main.o [1]
  .rodata             const    0x0800f944    0x14  main.o [1]
  .rodata             const    0x0800f958    0x14  main.o [1]
  .rodata             const    0x0800f96c    0x14  mem.o [1]
  .rodata             const    0x0800f980    0x14  pbuf.o [1]
  .rodata             const    0x0800f994    0x14  pbuf.o [1]
  .rodata             const    0x0800f9a8    0x14  pbuf.o [1]
  .rodata             const    0x0800f9bc    0x14  tcp_in.o [1]
  .rodata             const    0x0800f9d0    0x14  tcp_in.o [1]
  .rodata             const    0x0800f9e4    0x14  udp.o [1]
  .rodata             const    0x0800f9f8    0x10  etharp.o [1]
  .rodata             const    0x0800fa08    0x10  etharp.o [1]
  .rodata             const    0x0800fa18    0x10  ethernetif.o [1]
  .rodata             const    0x0800fa28    0x10  ip4_frag.o [1]
  .rodata             const    0x0800fa38    0x10  pbuf.o [1]
  .rodata             const    0x0800fa48    0x10  pbuf.o [1]
  .rodata             const    0x0800fa58    0x10  pbuf.o [1]
  .rodata             const    0x0800fa68    0x10  system_stm32f4xx.o [1]
  .rodata             const    0x0800fa78    0x10  tcp.o [1]
  .rodata             const    0x0800fa88    0x10  tcp.o [1]
  .rodata             const    0x0800fa98    0x10  tcp.o [1]
  .rodata             const    0x0800faa8    0x10  tcp_in.o [1]
  .rodata             const    0x0800fab8    0x10  tcp_in.o [1]
  .rodata             const    0x0800fac8    0x10  tcp_in.o [1]
  .rodata             const    0x0800fad8    0x10  tcp_in.o [1]
  .rodata             const    0x0800fae8    0x10  tcpip.o [1]
  .rodata             const    0x0800faf8    0x10  tcpip.o [1]
  .text               ro code  0x0800fb08    0x10  dpram.o [1]
  .text               ro code  0x0800fb18    0x10  startup_stm32f427xx.o [1]
  .rodata             const    0x0800fb28     0xc  etharp.o [1]
  .rodata             const    0x0800fb34     0xc  ip4.o [1]
  .rodata             const    0x0800fb40     0xc  ip4_frag.o [1]
  .rodata             const    0x0800fb4c     0xc  ip4_frag.o [1]
  .rodata             const    0x0800fb58     0xc  ip4_frag.o [1]
  .rodata             const    0x0800fb64     0xc  ip4_frag.o [1]
  .rodata             const    0x0800fb70     0xc  main.o [1]
  .rodata             const    0x0800fb7c     0xc  main.o [1]
  .rodata             const    0x0800fb88     0xc  main.o [1]
  .rodata             const    0x0800fb94     0xc  memp.o [1]
  .rodata             const    0x0800fba0     0xc  memp.o [1]
  .rodata             const    0x0800fbac     0xc  memp.o [1]
  .rodata             const    0x0800fbb8     0xc  memp.o [1]
  .rodata             const    0x0800fbc4     0xc  memp.o [1]
  .rodata             const    0x0800fbd0     0xc  memp.o [1]
  .rodata             const    0x0800fbdc     0xc  memp.o [1]
  .rodata             const    0x0800fbe8     0xc  memp.o [1]
  .rodata             const    0x0800fbf4     0xc  memp.o [1]
  .rodata             const    0x0800fc00     0xc  memp.o [1]
  .rodata             const    0x0800fc0c     0xc  memp.o [1]
  .rodata             const    0x0800fc18     0xc  memp.o [1]
  .rodata             const    0x0800fc24     0xc  memp.o [1]
  .rodata             const    0x0800fc30     0xc  pbuf.o [1]
  .rodata             const    0x0800fc3c     0xc  tcp.o [1]
  .rodata             const    0x0800fc48     0xc  tcp_in.o [1]
  .text               ro code  0x0800fc54     0xc  ksz8873.o [1]
  .text               ro code  0x0800fc60     0xc  cstartup_M.o [5]
  .rodata             const    0x0800fc6c     0x8  ethernet.o [1]
  .rodata             const    0x0800fc74     0x8  ethernet.o [1]
  .rodata             const    0x0800fc7c     0x8  ethernetif.o [1]
  .rodata             const    0x0800fc84     0x8  lwip.o [1]
  .rodata             const    0x0800fc8c     0x8  sys_arch.o [1]
  .rodata             const    0x0800fc94     0x8  system_stm32f4xx.o [1]
  .rodata             const    0x0800fc9c     0x8  tasks.o [1]
  .rodata             const    0x0800fca4     0x8  tcp.o [1]
  .rodata             const    0x0800fcac     0x4  ethernetif.o [1]
  .rodata             const    0x0800fcb0     0x4  heap_4.o [1]
  .rodata             const    0x0800fcb4     0x4  ip4_addr.o [1]
  .rodata             const    0x0800fcb8     0x4  lwip.o [1]
  .rodata             const    0x0800fcbc     0x4  main.o [1]
  .rodata             const    0x0800fcc0     0x4  port.o [1]
  .rodata             const    0x0800fcc4     0x4  sys_arch.o [1]
  .rodata             const    0x0800fcc8     0x4  sys_arch.o [1]
  .text               ro code  0x0800fccc     0x4  startup_stm32f427xx.o [1]
  .text               ro code  0x0800fcd0     0x4  startup_stm32f427xx.o [1]
  .text               ro code  0x0800fcd4     0x4  startup_stm32f427xx.o [1]
  .text               ro code  0x0800fcd8     0x4  startup_stm32f427xx.o [1]
  .text               ro code  0x0800fcdc     0x4  startup_stm32f427xx.o [1]
  .text               ro code  0x0800fce0     0x4  startup_stm32f427xx.o [1]
  .text               ro code  0x0800fce4     0x4  startup_stm32f427xx.o [1]
  .text               ro code  0x0800fce8     0x4  startup_stm32f427xx.o [1]
  .text               ro code  0x0800fcec     0x4  startup_stm32f427xx.o [1]
  .text               ro code  0x0800fcf0     0x4  startup_stm32f427xx.o [1]
  .text               ro code  0x0800fcf4     0x4  startup_stm32f427xx.o [1]
  .text               ro code  0x0800fcf8     0x4  startup_stm32f427xx.o [1]
  .text               ro code  0x0800fcfc     0x4  startup_stm32f427xx.o [1]
  .text               ro code  0x0800fd00     0x4  startup_stm32f427xx.o [1]
  .text               ro code  0x0800fd04     0x4  startup_stm32f427xx.o [1]
  .text               ro code  0x0800fd08     0x4  startup_stm32f427xx.o [1]
  .text               ro code  0x0800fd0c     0x4  startup_stm32f427xx.o [1]
  .text               ro code  0x0800fd10     0x4  startup_stm32f427xx.o [1]
  .text               ro code  0x0800fd14     0x4  startup_stm32f427xx.o [1]
  .text               ro code  0x0800fd18     0x4  startup_stm32f427xx.o [1]
  .text               ro code  0x0800fd1c     0x4  startup_stm32f427xx.o [1]
  .text               ro code  0x0800fd20     0x4  startup_stm32f427xx.o [1]
  .text               ro code  0x0800fd24     0x4  startup_stm32f427xx.o [1]
  .text               ro code  0x0800fd28     0x4  startup_stm32f427xx.o [1]
  .text               ro code  0x0800fd2c     0x4  startup_stm32f427xx.o [1]
  .text               ro code  0x0800fd30     0x4  startup_stm32f427xx.o [1]
  .text               ro code  0x0800fd34     0x4  startup_stm32f427xx.o [1]
  .text               ro code  0x0800fd38     0x4  startup_stm32f427xx.o [1]
  .text               ro code  0x0800fd3c     0x4  startup_stm32f427xx.o [1]
  .text               ro code  0x0800fd40     0x4  startup_stm32f427xx.o [1]
  .text               ro code  0x0800fd44     0x4  startup_stm32f427xx.o [1]
  .text               ro code  0x0800fd48     0x4  startup_stm32f427xx.o [1]
  .text               ro code  0x0800fd4c     0x4  startup_stm32f427xx.o [1]
  .text               ro code  0x0800fd50     0x4  startup_stm32f427xx.o [1]
  .text               ro code  0x0800fd54     0x4  startup_stm32f427xx.o [1]
  .text               ro code  0x0800fd58     0x4  startup_stm32f427xx.o [1]
  .text               ro code  0x0800fd5c     0x4  startup_stm32f427xx.o [1]
  .text               ro code  0x0800fd60     0x4  startup_stm32f427xx.o [1]
  .text               ro code  0x0800fd64     0x4  startup_stm32f427xx.o [1]
  .text               ro code  0x0800fd68     0x4  startup_stm32f427xx.o [1]
  .text               ro code  0x0800fd6c     0x4  startup_stm32f427xx.o [1]
  .text               ro code  0x0800fd70     0x4  startup_stm32f427xx.o [1]
  .text               ro code  0x0800fd74     0x4  startup_stm32f427xx.o [1]
  .text               ro code  0x0800fd78     0x4  startup_stm32f427xx.o [1]
  .text               ro code  0x0800fd7c     0x4  startup_stm32f427xx.o [1]
  .text               ro code  0x0800fd80     0x4  startup_stm32f427xx.o [1]
  .text               ro code  0x0800fd84     0x4  startup_stm32f427xx.o [1]
  .text               ro code  0x0800fd88     0x4  startup_stm32f427xx.o [1]
  .text               ro code  0x0800fd8c     0x4  startup_stm32f427xx.o [1]
  .text               ro code  0x0800fd90     0x4  startup_stm32f427xx.o [1]
  .text               ro code  0x0800fd94     0x4  startup_stm32f427xx.o [1]
  .text               ro code  0x0800fd98     0x4  startup_stm32f427xx.o [1]
  .text               ro code  0x0800fd9c     0x4  startup_stm32f427xx.o [1]
  .text               ro code  0x0800fda0     0x4  startup_stm32f427xx.o [1]
  .text               ro code  0x0800fda4     0x4  startup_stm32f427xx.o [1]
  .text               ro code  0x0800fda8     0x4  startup_stm32f427xx.o [1]
  .text               ro code  0x0800fdac     0x4  startup_stm32f427xx.o [1]
  .text               ro code  0x0800fdb0     0x4  startup_stm32f427xx.o [1]
  .text               ro code  0x0800fdb4     0x4  startup_stm32f427xx.o [1]
  .text               ro code  0x0800fdb8     0x4  startup_stm32f427xx.o [1]
  .text               ro code  0x0800fdbc     0x4  startup_stm32f427xx.o [1]
  .text               ro code  0x0800fdc0     0x4  startup_stm32f427xx.o [1]
  .text               ro code  0x0800fdc4     0x4  startup_stm32f427xx.o [1]
  .text               ro code  0x0800fdc8     0x4  startup_stm32f427xx.o [1]
  .text               ro code  0x0800fdcc     0x4  startup_stm32f427xx.o [1]
  .text               ro code  0x0800fdd0     0x4  startup_stm32f427xx.o [1]
  .text               ro code  0x0800fdd4     0x4  startup_stm32f427xx.o [1]
  .text               ro code  0x0800fdd8     0x4  startup_stm32f427xx.o [1]
  .text               ro code  0x0800fddc     0x4  startup_stm32f427xx.o [1]
  .text               ro code  0x0800fde0     0x4  startup_stm32f427xx.o [1]
  .text               ro code  0x0800fde4     0x4  startup_stm32f427xx.o [1]
  .text               ro code  0x0800fde8     0x4  startup_stm32f427xx.o [1]
  .text               ro code  0x0800fdec     0x4  startup_stm32f427xx.o [1]
  .text               ro code  0x0800fdf0     0x4  startup_stm32f427xx.o [1]
  .text               ro code  0x0800fdf4     0x4  startup_stm32f427xx.o [1]
  .text               ro code  0x0800fdf8     0x4  startup_stm32f427xx.o [1]
  .text               ro code  0x0800fdfc     0x4  startup_stm32f427xx.o [1]
  .text               ro code  0x0800fe00     0x4  startup_stm32f427xx.o [1]
  .text               ro code  0x0800fe04     0x4  startup_stm32f427xx.o [1]
  .text               ro code  0x0800fe08     0x4  startup_stm32f427xx.o [1]
  .text               ro code  0x0800fe0c     0x4  startup_stm32f427xx.o [1]
  .text               ro code  0x0800fe10     0x4  startup_stm32f427xx.o [1]
  .text               ro code  0x0800fe14     0x4  startup_stm32f427xx.o [1]
  .text               ro code  0x0800fe18     0x4  startup_stm32f427xx.o [1]
  .rodata             const    0x0800fe1c     0x0  zero_init3.o [5]
  .rodata             const    0x0800fe1c     0x0  packbits_init.o [5]
  Initializer bytes   const    0x0800fe1c    0x3b  <for P2 s0>
                             - 0x0800fe57  0xfcab

"P2":                                      0xda40
  P2 s0                        0x20000000   0x149  <Init block>
    __DLIB_PERTHREAD  inited   0x20000000    0x88  localeconv.o [3]
    __DLIB_PERTHREAD  inited   0x20000088    0x74  setlocale.o [3]
    .data             inited   0x200000fc    0x40  xfiles.o [3]
    .data             inited   0x2000013c     0x4  port.o [1]
    .data             inited   0x20000140     0x4  system_stm32f4xx.o [1]
    .data             inited   0x20000144     0x4  tcp.o [1]
    .data             inited   0x20000148     0x1  stm32f4xx_hal.o [1]
  .bss                zero     0x2000014c  0x3c00  heap_4.o [1]
  .bss                zero     0x20003d4c  0x2604  memp.o [1]
  .bss                zero     0x20006350  0x17d0  ethernetif.o [1]
  .bss                zero     0x20007b20  0x17d0  ethernetif.o [1]
  .bss                zero     0x200092f0   0x654  mem.o [1]
  .bss                zero     0x20009944   0x2fc  memp.o [1]
  .bss                zero     0x20009c40   0x16c  memp.o [1]
  .bss                zero     0x20009dac   0x104  memp.o [1]
  .bss                zero     0x20009eb0   0x104  memp.o [1]
  .bss                zero     0x20009fb4    0xf0  etharp.o [1]
  .bss                zero     0x2000a0a4    0xe4  memp.o [1]
  .bss                zero     0x2000a188    0xb4  memp.o [1]
  .bss                zero     0x2000a23c    0xa4  memp.o [1]
  .bss                zero     0x2000a2e0    0x8c  tasks.o [1]
  .bss                zero     0x2000a36c    0x84  memp.o [1]
  .bss                zero     0x2000a3f0    0x84  memp.o [1]
  .bss                zero     0x2000a474    0x84  memp.o [1]
  .bss                zero     0x2000a4f8    0x80  ethernetif.o [1]
  .bss                zero     0x2000a578    0x80  ethernetif.o [1]
  .bss                zero     0x2000a5f8    0x50  main.o [1]
  .bss                zero     0x2000a648    0x50  xfiles.o [3]
  .bss                zero     0x2000a698    0x48  ethernetif.o [1]
  .bss                zero     0x2000a6e0    0x40  main.o [1]
  .bss                zero     0x2000a720    0x40  main.o [1]
  .bss                zero     0x2000a760    0x3c  stm32f4xx_hal_timebase_tim.o [1]
  .bss                zero     0x2000a79c    0x34  lwip.o [1]
  .bss                zero     0x2000a7d0    0x34  main.o [1]
  .bss                zero     0x2000a804    0x34  memp.o [1]
  .bss                zero     0x2000a838    0x24  memp.o [1]
  .bss                zero     0x2000a85c    0x18  ip.o [1]
  .bss                zero     0x2000a874    0x14  tasks.o [1]
  .bss                zero     0x2000a888    0x14  tasks.o [1]
  .bss                zero     0x2000a89c    0x14  tasks.o [1]
  .bss                zero     0x2000a8b0    0x14  tasks.o [1]
  .bss                zero     0x2000a8c4    0x14  tasks.o [1]
  .bss                zero     0x2000a8d8    0x10  tcp_in.o [1]
  .bss                zero     0x2000a8e8     0x8  heap_4.o [1]
  .bss                zero     0x2000a8f0     0x8  lwip.o [1]
  .bss                zero     0x2000a8f8     0x8  xxmemxmalloc.o [3]
  .bss                zero     0x2000a900     0x4  ethernetif.o [1]
  .bss                zero     0x2000a904     0x4  heap_4.o [1]
  .bss                zero     0x2000a908     0x4  heap_4.o [1]
  .bss                zero     0x2000a90c     0x4  heap_4.o [1]
  .bss                zero     0x2000a910     0x4  heap_4.o [1]
  .bss                zero     0x2000a914     0x4  ip4_frag.o [1]
  .bss                zero     0x2000a918     0x4  lwip.o [1]
  .bss                zero     0x2000a91c     0x4  lwip.o [1]
  .bss                zero     0x2000a920     0x4  lwip.o [1]
  .bss                zero     0x2000a924     0x4  lwip.o [1]
  .bss                zero     0x2000a928     0x4  lwip.o [1]
  .bss                zero     0x2000a92c     0x4  lwip.o [1]
  .bss                zero     0x2000a930     0x4  lwip.o [1]
  .bss                zero     0x2000a934     0x4  main.o [1]
  .bss                zero     0x2000a938     0x4  main.o [1]
  .bss                zero     0x2000a93c     0x4  mem.o [1]
  .bss                zero     0x2000a940     0x4  mem.o [1]
  .bss                zero     0x2000a944     0x4  mem.o [1]
  .bss                zero     0x2000a948     0x4  mem.o [1]
  .bss                zero     0x2000a94c     0x4  memp.o [1]
  .bss                zero     0x2000a950     0x4  memp.o [1]
  .bss                zero     0x2000a954     0x4  memp.o [1]
  .bss                zero     0x2000a958     0x4  memp.o [1]
  .bss                zero     0x2000a95c     0x4  memp.o [1]
  .bss                zero     0x2000a960     0x4  memp.o [1]
  .bss                zero     0x2000a964     0x4  memp.o [1]
  .bss                zero     0x2000a968     0x4  memp.o [1]
  .bss                zero     0x2000a96c     0x4  memp.o [1]
  .bss                zero     0x2000a970     0x4  memp.o [1]
  .bss                zero     0x2000a974     0x4  memp.o [1]
  .bss                zero     0x2000a978     0x4  memp.o [1]
  .bss                zero     0x2000a97c     0x4  memp.o [1]
  .bss                zero     0x2000a980     0x4  netif.o [1]
  .bss                zero     0x2000a984     0x4  netif.o [1]
  .bss                zero     0x2000a988     0x4  port.o [1]
  .bss                zero     0x2000a98c     0x4  stm32f4xx_hal.o [1]
  .bss                zero     0x2000a990     0x4  stm32f4xx_hal_msp.o [1]
  .bss                zero     0x2000a994     0x4  sys_arch.o [1]
  .bss                zero     0x2000a998     0x4  tasks.o [1]
  .bss                zero     0x2000a99c     0x4  tasks.o [1]
  .bss                zero     0x2000a9a0     0x4  tasks.o [1]
  .bss                zero     0x2000a9a4     0x4  tasks.o [1]
  .bss                zero     0x2000a9a8     0x4  tasks.o [1]
  .bss                zero     0x2000a9ac     0x4  tasks.o [1]
  .bss                zero     0x2000a9b0     0x4  tasks.o [1]
  .bss                zero     0x2000a9b4     0x4  tasks.o [1]
  .bss                zero     0x2000a9b8     0x4  tasks.o [1]
  .bss                zero     0x2000a9bc     0x4  tasks.o [1]
  .bss                zero     0x2000a9c0     0x4  tasks.o [1]
  .bss                zero     0x2000a9c4     0x4  tasks.o [1]
  .bss                zero     0x2000a9c8     0x4  tasks.o [1]
  .bss                zero     0x2000a9cc     0x4  tasks.o [1]
  .bss                zero     0x2000a9d0     0x4  tasks.o [1]
  .bss                zero     0x2000a9d4     0x4  tcp.o [1]
  .bss                zero     0x2000a9d8     0x4  tcp.o [1]
  .bss                zero     0x2000a9dc     0x4  tcp.o [1]
  .bss                zero     0x2000a9e0     0x4  tcp.o [1]
  .bss                zero     0x2000a9e4     0x4  tcp.o [1]
  .bss                zero     0x2000a9e8     0x4  tcp_in.o [1]
  .bss                zero     0x2000a9ec     0x4  tcp_in.o [1]
  .bss                zero     0x2000a9f0     0x4  tcp_in.o [1]
  .bss                zero     0x2000a9f4     0x4  tcp_in.o [1]
  .bss                zero     0x2000a9f8     0x4  tcp_in.o [1]
  .bss                zero     0x2000a9fc     0x4  tcp_in.o [1]
  .bss                zero     0x2000aa00     0x4  tcpip.o [1]
  .bss                zero     0x2000aa04     0x4  tcpip.o [1]
  .bss                zero     0x2000aa08     0x4  tcpip.o [1]
  .bss                zero     0x2000aa0c     0x4  tcpip.o [1]
  .bss                zero     0x2000aa10     0x4  timeouts.o [1]
  .bss                zero     0x2000aa14     0x4  timeouts.o [1]
  .bss                zero     0x2000aa18     0x4  timeouts.o [1]
  .bss                zero     0x2000aa1c     0x4  udp.o [1]
  .bss                zero     0x2000aa20     0x4  xgetmemchunk.o [3]
  .bss                zero     0x2000aa24     0x2  ip4.o [1]
  .bss                zero     0x2000aa26     0x2  ip4_frag.o [1]
  .bss                zero     0x2000aa28     0x2  tcp_in.o [1]
  .bss                zero     0x2000aa2a     0x2  tcp_in.o [1]
  .bss                zero     0x2000aa2c     0x2  tcp_in.o [1]
  .bss                zero     0x2000aa2e     0x2  tcp_in.o [1]
  .bss                zero     0x2000aa30     0x2  tcp_in.o [1]
  .bss                zero     0x2000aa32     0x1  etharp.o [1]
  .bss                zero     0x2000aa33     0x1  netif.o [1]
  .bss                zero     0x2000aa34     0x1  pbuf.o [1]
  .bss                zero     0x2000aa35     0x1  port.o [1]
  .bss                zero     0x2000aa36     0x1  tcp.o [1]
  .bss                zero     0x2000aa37     0x1  tcp.o [1]
  .bss                zero     0x2000aa38     0x1  tcp.o [1]
  .bss                zero     0x2000aa39     0x1  tcp_in.o [1]
  .bss                zero     0x2000aa3a     0x1  tcp_in.o [1]
  CSTACK                       0x2000aa40  0x1000  <Block>
    CSTACK            uninit   0x2000aa40  0x1000  <Block tail>
  HEAP                         0x2000ba40  0x2000  <Block>
    HEAP              uninit   0x2000ba40  0x2000  <Block tail>
                             - 0x2000da40  0xda40


*******************************************************************************
*** INIT TABLE
***

          Address     Size
          -------     ----
Zero (__iar_zero_init3)
    1 destination range, total size 0xa8ef:
          0x2000014c  0xa8ef

Copy/packbits (__iar_packbits_init3)
    1 source range, total size 0x3b (17% of destination):
          0x0800fe1c    0x3b
    1 destination range, total size 0x149:
          0x20000000   0x149



*******************************************************************************
*** MODULE SUMMARY
***

    Module                        ro code  ro data  rw data
    ------                        -------  -------  -------
D:\Projects\Promet-S\Eth427\EWARM\Eth427\Obj: [1]
    cmsis_os.o                        880
    def.o                              36
    dpram.o                            16
    etharp.o                        2 904      588      241
    ethernet.o                        308      188
    ethernetif.o                    1 682      136   12 524
    heap_4.o                          604        4   15 384
    icmp.o                            608      272
    init.o                             72      184
    ip.o                                                 24
    ip4.o                             928      180        2
    ip4_addr.o                         76        4
    ip4_frag.o                      2 276      520        6
    ksz8873.o                          12
    list.o                            152
    lwip.o                            352       32       88
    main.o                          1 686      332      268
    mem.o                           1 332      560    1 636
    memp.o                            308      452   12 488
    netif.o                           534      140        9
    pbuf.o                          2 504    1 108        1
    port.o                            596        5        9
    portasm.o                         168
    queue.o                         2 076
    startup_stm32f427xx.o             780
    stm32f4xx_hal.o                   128        1        5
    stm32f4xx_hal_cortex.o            228
    stm32f4xx_hal_eth.o             3 284
    stm32f4xx_hal_gpio.o              584
    stm32f4xx_hal_msp.o               456                 4
    stm32f4xx_hal_nand.o              106
    stm32f4xx_hal_rcc.o             1 668
    stm32f4xx_hal_sdram.o             162
    stm32f4xx_hal_sram.o               92
    stm32f4xx_hal_tim.o               740
    stm32f4xx_hal_tim_ex.o              4
    stm32f4xx_hal_timebase_tim.o      144                60
    stm32f4xx_hal_uart.o            1 244
    stm32f4xx_it.o                     40
    stm32f4xx_ll_fmc.o                824
    sys_arch.o                        348       16        4
    system_stm32f4xx.o                108       25        4
    tasks.o                         2 632        8      300
    tcp.o                           3 628      816       27
    tcp_in.o                        7 176      928       52
    tcp_out.o                       2 628      508
    tcpip.o                           516      252       16
    timeouts.o                        608      208       12
    udp.o                             564      132        4
    -------------------------------------------------------
    Total:                         48 802    7 599   43 168

command line: [2]
    -------------------------------------------------------
    Total:

dl7M_tlf.a: [3]
    abort.o                             6
    div.o                              14
    exit.o                              4
    localeconv.o                      108       24      136
    low_level_init.o                    4
    printf.o                           36
    putchar.o                          12
    setlocale.o                        20       21      116
    xencoding_sb.o                     96
    xfiles.o                                    11      144
    xgetmemchunk.o                     44                 4
    xmbcurmax.o                        10
    xmbtowc.o                          32
    xprintffull.o                   4 438
    xprout.o                           22
    xtls.o                              2
    xwctomb.o                          26
    xxmemxfree.o                      128
    xxmemxmalloc.o                    176                 8
    -------------------------------------------------------
    Total:                          5 178       56      408

m7M_tls.a: [4]
    DblAdd.o                          212
    DblCmpGe.o                         46
    DblCmpLe.o                         46
    DblDiv.o                          598
    DblMul.o                          418
    DblSub.o                          384
    DblToI32.o                         88
    I32ToDbl.o                         48
    fpinit_M.o                         34
    xdnorm.o                           66
    xdscale.o                         280
    -------------------------------------------------------
    Total:                          2 220

rt7M_tl.a: [5]
    ABImemclr4.o                        6
    ABImemcpy_unaligned.o             118
    ABImemset.o                       102
    ABImemset48.o                      50
    I64DivMod.o                       238
    I64DivZer.o                         2
    cexit.o                            10
    cmain.o                            26
    cstartup_M.o                       12
    data_init.o                        40
    memchr.o                           88
    memcmp_unaligned.o                 98
    packbits_init.o                   208
    strchr.o                           22
    strlen.o                           54
    zero_init3.o                       64
    -------------------------------------------------------
    Total:                          1 138

shb_l.a: [6]
    exit.o                             20
    -------------------------------------------------------
    Total:                             20

    Gaps                               50        4        3
    Linker created                              44   12 288
-----------------------------------------------------------
    Grand Total:                   57 408    7 703   55 867


*******************************************************************************
*** ENTRY LIST
***

Entry                      Address    Size  Type      Object
-----                      -------    ----  ----      ------
.iar.init_table$$Base   0x0800f2b0           --   Gb  - Linker created -
.iar.init_table$$Limit  0x0800f2dc           --   Gb  - Linker created -
?main                   0x0800f6b1          Code  Gb  cmain.o [5]
AHBPrescTable           0x0800fa68    0x10  Data  Gb  system_stm32f4xx.o [1]
APBPrescTable           0x0800fc94     0x8  Data  Gb  system_stm32f4xx.o [1]
BSP_SDRAM_Initialization_Sequence
                        0x0800cfe1    0x92  Code  Lc  main.o [1]
BusFault_Handler        0x0800f0b7     0x2  Code  Gb  stm32f4xx_it.o [1]
CSTACK$$Base            0x2000aa40           --   Gb  - Linker created -
CSTACK$$Limit           0x2000ba40           --   Gb  - Linker created -
DMARxDscrTab            0x2000a4f8    0x80  Data  Gb  ethernetif.o [1]
DMATxDscrTab            0x2000a578    0x80  Data  Gb  ethernetif.o [1]
DebugMon_Handler        0x0800f0bb     0x2  Code  Gb  stm32f4xx_it.o [1]
ETH_DMAReceptionDisable
                        0x080094e7    0x16  Code  Lc  stm32f4xx_hal_eth.o [1]
ETH_DMAReceptionEnable  0x080094d1    0x16  Code  Lc  stm32f4xx_hal_eth.o [1]
ETH_DMATransmissionDisable
                        0x080094bb    0x16  Code  Lc  stm32f4xx_hal_eth.o [1]
ETH_DMATransmissionEnable
                        0x080094a5    0x16  Code  Lc  stm32f4xx_hal_eth.o [1]
ETH_Delay               0x08009537    0x24  Code  Lc  stm32f4xx_hal_eth.o [1]
ETH_FlushTransmitFIFO   0x080094fd    0x3a  Code  Lc  stm32f4xx_hal_eth.o [1]
ETH_IRQHandler          0x0800f0c7     0xa  Code  Gb  stm32f4xx_it.o [1]
ETH_MACAddressConfig    0x080093d3    0x26  Code  Lc  stm32f4xx_hal_eth.o [1]
ETH_MACDMAConfig        0x0800915b   0x278  Code  Lc  stm32f4xx_hal_eth.o [1]
ETH_MACReceptionDisable
                        0x0800947b    0x2a  Code  Lc  stm32f4xx_hal_eth.o [1]
ETH_MACReceptionEnable  0x08009451    0x2a  Code  Lc  stm32f4xx_hal_eth.o [1]
ETH_MACTransmissionDisable
                        0x08009427    0x2a  Code  Lc  stm32f4xx_hal_eth.o [1]
ETH_MACTransmissionEnable
                        0x080093fd    0x2a  Code  Lc  stm32f4xx_hal_eth.o [1]
EXTI0_IRQHandler        0x0800fc55     0xc  Code  Gb  ksz8873.o [1]
EXTI15_10_IRQHandler    0x0800fb09     0xa  Code  Gb  dpram.o [1]
Error_Handler           0x0800d111     0x2  Code  Gb  main.o [1]
FMC_Initialized         0x2000a990     0x4  Data  Lc  stm32f4xx_hal_msp.o [1]
FMC_NAND_AttributeSpace_Timing_Init
                        0x0800dab1    0x36  Code  Gb  stm32f4xx_ll_fmc.o [1]
FMC_NAND_CommonSpace_Timing_Init
                        0x0800da7b    0x36  Code  Gb  stm32f4xx_ll_fmc.o [1]
FMC_NAND_Init           0x0800da35    0x46  Code  Gb  stm32f4xx_ll_fmc.o [1]
FMC_NORSRAM_Extended_Timing_Init
                        0x0800d9f3    0x42  Code  Gb  stm32f4xx_ll_fmc.o [1]
FMC_NORSRAM_Init        0x0800d925    0x74  Code  Gb  stm32f4xx_ll_fmc.o [1]
FMC_NORSRAM_Timing_Init
                        0x0800d999    0x5a  Code  Gb  stm32f4xx_ll_fmc.o [1]
FMC_SDRAM_Init          0x0800dae7    0x74  Code  Gb  stm32f4xx_ll_fmc.o [1]
FMC_SDRAM_ProgramRefreshRate
                        0x0800dc51     0xc  Code  Gb  stm32f4xx_ll_fmc.o [1]
FMC_SDRAM_SendCommand   0x0800dc01    0x50  Code  Gb  stm32f4xx_ll_fmc.o [1]
FMC_SDRAM_Timing_Init   0x0800db5b    0x96  Code  Gb  stm32f4xx_ll_fmc.o [1]
GATEWAY_ADDRESS         0x2000a930     0x4  Data  Gb  lwip.o [1]
HAL_Delay               0x080095e5    0x22  Code  Wk  stm32f4xx_hal.o [1]
HAL_ETH_ConfigMAC       0x08009029   0x132  Code  Gb  stm32f4xx_hal_eth.o [1]
HAL_ETH_DMARxDescListInit
                        0x08008ba9    0x7c  Code  Gb  stm32f4xx_hal_eth.o [1]
HAL_ETH_DMATxDescListInit
                        0x08008b33    0x76  Code  Gb  stm32f4xx_hal_eth.o [1]
HAL_ETH_ErrorCallback   0x08008e93     0x2  Code  Wk  stm32f4xx_hal_eth.o [1]
HAL_ETH_GetReceivedFrame_IT
                        0x08008d59    0xaa  Code  Gb  stm32f4xx_hal_eth.o [1]
HAL_ETH_IRQHandler      0x08008e03    0x8e  Code  Gb  stm32f4xx_hal_eth.o [1]
HAL_ETH_Init            0x080088c1   0x272  Code  Gb  stm32f4xx_hal_eth.o [1]
HAL_ETH_MspInit         0x08006281   0x172  Code  Gb  ethernetif.o [1]
HAL_ETH_ReadPHYRegister
                        0x08008e95    0x82  Code  Gb  stm32f4xx_hal_eth.o [1]
HAL_ETH_RxCpltCallback  0x080063f3     0xe  Code  Gb  ethernetif.o [1]
HAL_ETH_Start           0x08008f95    0x4a  Code  Gb  stm32f4xx_hal_eth.o [1]
HAL_ETH_Stop            0x08008fdf    0x4a  Code  Gb  stm32f4xx_hal_eth.o [1]
HAL_ETH_TransmitFrame   0x08008c25   0x134  Code  Gb  stm32f4xx_hal_eth.o [1]
HAL_ETH_TxCpltCallback  0x08008e91     0x2  Code  Wk  stm32f4xx_hal_eth.o [1]
HAL_ETH_WritePHYRegister
                        0x08008f17    0x7e  Code  Gb  stm32f4xx_hal_eth.o [1]
HAL_FMC_MspInit         0x0800b40d    0xc6  Code  Lc  stm32f4xx_hal_msp.o [1]
HAL_GPIO_Init           0x08008595   0x1f2  Code  Gb  stm32f4xx_hal_gpio.o [1]
HAL_GPIO_WritePin       0x08008787    0x14  Code  Gb  stm32f4xx_hal_gpio.o [1]
HAL_GetTick             0x080095df     0x6  Code  Wk  stm32f4xx_hal.o [1]
HAL_IncTick             0x080095cf    0x10  Code  Wk  stm32f4xx_hal.o [1]
HAL_Init                0x08009595    0x3a  Code  Gb  stm32f4xx_hal.o [1]
HAL_InitTick            0x0800b2c5    0x80  Code  Gb  stm32f4xx_hal_timebase_tim.o [1]
HAL_MspInit             0x0800b355    0x48  Code  Gb  stm32f4xx_hal_msp.o [1]
HAL_NAND_Init           0x0800d6b5    0x6a  Code  Gb  stm32f4xx_hal_nand.o [1]
HAL_NAND_MspInit        0x0800b4db     0x8  Code  Gb  stm32f4xx_hal_msp.o [1]
HAL_NVIC_EnableIRQ      0x080088a1     0xa  Code  Gb  stm32f4xx_hal_cortex.o [1]
HAL_NVIC_SetPriority    0x0800887f    0x22  Code  Gb  stm32f4xx_hal_cortex.o [1]
HAL_NVIC_SetPriorityGrouping
                        0x08008877     0x8  Code  Gb  stm32f4xx_hal_cortex.o [1]
HAL_RCC_ClockConfig     0x0800b033   0x166  Code  Gb  stm32f4xx_hal_rcc.o [1]
HAL_RCC_GetClockConfig  0x0800b24b    0x3a  Code  Gb  stm32f4xx_hal_rcc.o [1]
HAL_RCC_GetHCLKFreq     0x0800b211     0x6  Code  Gb  stm32f4xx_hal_rcc.o [1]
HAL_RCC_GetPCLK1Freq    0x0800b217    0x1a  Code  Gb  stm32f4xx_hal_rcc.o [1]
HAL_RCC_GetPCLK2Freq    0x0800b231    0x1a  Code  Gb  stm32f4xx_hal_rcc.o [1]
HAL_RCC_GetSysClockFreq
                        0x0800b199    0x78  Code  Wk  stm32f4xx_hal_rcc.o [1]
HAL_RCC_OscConfig       0x0800ac41   0x3f2  Code  Wk  stm32f4xx_hal_rcc.o [1]
HAL_SDRAM_Init          0x0800d721    0x44  Code  Gb  stm32f4xx_hal_sdram.o [1]
HAL_SDRAM_MspInit       0x0800b4e3     0x8  Code  Gb  stm32f4xx_hal_msp.o [1]
HAL_SDRAM_ProgramRefreshRate
                        0x0800d79d    0x26  Code  Gb  stm32f4xx_hal_sdram.o [1]
HAL_SDRAM_SendCommand   0x0800d765    0x38  Code  Gb  stm32f4xx_hal_sdram.o [1]
HAL_SRAM_Init           0x0800d659    0x5c  Code  Gb  stm32f4xx_hal_sram.o [1]
HAL_SRAM_MspInit        0x0800b4d3     0x8  Code  Gb  stm32f4xx_hal_msp.o [1]
HAL_TIMEx_BreakCallback
                        0x0800d117     0x2  Code  Wk  stm32f4xx_hal_tim_ex.o [1]
HAL_TIMEx_CommutationCallback
                        0x0800d115     0x2  Code  Wk  stm32f4xx_hal_tim_ex.o [1]
HAL_TIM_Base_Init       0x0800c5bd    0x38  Code  Gb  stm32f4xx_hal_tim.o [1]
HAL_TIM_Base_MspInit    0x0800c5f5     0x2  Code  Wk  stm32f4xx_hal_tim.o [1]
HAL_TIM_Base_Start_IT   0x0800c5f7    0x1c  Code  Gb  stm32f4xx_hal_tim.o [1]
HAL_TIM_IC_CaptureCallback
                        0x0800c78b     0x2  Code  Wk  stm32f4xx_hal_tim.o [1]
HAL_TIM_IRQHandler      0x0800c613   0x176  Code  Gb  stm32f4xx_hal_tim.o [1]
HAL_TIM_OC_DelayElapsedCallback
                        0x0800c789     0x2  Code  Wk  stm32f4xx_hal_tim.o [1]
HAL_TIM_PWM_PulseFinishedCallback
                        0x0800c78d     0x2  Code  Wk  stm32f4xx_hal_tim.o [1]
HAL_TIM_PeriodElapsedCallback
                        0x0800d081    0x10  Code  Gb  main.o [1]
HAL_TIM_TriggerCallback
                        0x0800c78f     0x2  Code  Wk  stm32f4xx_hal_tim.o [1]
HAL_UART_Init           0x0800d17d    0x76  Code  Gb  stm32f4xx_hal_uart.o [1]
HAL_UART_MspInit        0x0800b39d    0x70  Code  Gb  stm32f4xx_hal_msp.o [1]
HAL_UART_Transmit       0x0800d1f3    0xdc  Code  Gb  stm32f4xx_hal_uart.o [1]
HEAP$$Base              0x2000ba40           --   Gb  - Linker created -
HEAP$$Limit             0x2000da40           --   Gb  - Linker created -
HardFault_Handler       0x0800f0b3     0x2  Code  Gb  stm32f4xx_it.o [1]
IP_ADDRESS              0x2000a928     0x4  Data  Gb  lwip.o [1]
InStream_Read           0x0800dc5d    0x22  Code  Lc  packbits_init.o [5]
LoadInt                 0x08005355    0x6e  Code  Lc  xprintffull.o [3]
MX_FMC_Init             0x0800cc6f   0x1f4  Code  Lc  main.o [1]
MX_GPIO_Init            0x0800ce63   0x17e  Code  Lc  main.o [1]
MX_LWIP_Init            0x0800d7c5   0x160  Code  Gb  lwip.o [1]
MX_USART1_UART_Init     0x0800cc17    0x58  Code  Lc  main.o [1]
MemManage_Handler       0x0800f0b5     0x2  Code  Gb  stm32f4xx_it.o [1]
NETMASK_ADDRESS         0x2000a92c     0x4  Data  Gb  lwip.o [1]
NMI_Handler             0x0800f0b1     0x2  Code  Gb  stm32f4xx_it.o [1]
NVIC_EnableIRQ          0x08008803    0x14  Code  Lc  stm32f4xx_hal_cortex.o [1]
NVIC_EncodePriority     0x08008839    0x3e  Code  Lc  stm32f4xx_hal_cortex.o [1]
NVIC_GetPriorityGrouping
                        0x080087f9     0xa  Code  Lc  stm32f4xx_hal_cortex.o [1]
NVIC_SetPriority        0x08008817    0x22  Code  Lc  stm32f4xx_hal_cortex.o [1]
NVIC_SetPriorityGrouping
                        0x080087dd    0x1c  Code  Lc  stm32f4xx_hal_cortex.o [1]
Netif_LinkSemaphore     0x2000a918     0x4  Data  Gb  lwip.o [1]
PendSV_Handler          0x0800c9d5          Code  Gb  portasm.o [1]
Region$$Table$$Base     0x0800f2b0           --   Gb  - Linker created -
Region$$Table$$Limit    0x0800f2dc           --   Gb  - Linker created -
Rx_Buff                 0x20006350  0x17d0  Data  Gb  ethernetif.o [1]
SVC_Handler             0x0800ca2d          Code  Gb  portasm.o [1]
StartDefaultTask        0x0800d073     0xe  Code  Gb  main.o [1]
SysTick_Handler         0x0800c4f3    0x28  Code  Gb  port.o [1]
SystemClock_Config      0x0800cb59    0xbe  Code  Gb  main.o [1]
SystemCoreClock         0x20000140     0x4  Data  Gb  system_stm32f4xx.o [1]
SystemInit              0x0800dd49    0x4c  Code  Gb  system_stm32f4xx.o [1]
TIM8_UP_TIM13_IRQHandler
                        0x0800f0bd     0xa  Code  Gb  stm32f4xx_it.o [1]
TIM_Base_SetConfig      0x0800c791    0xe4  Code  Gb  stm32f4xx_hal_tim.o [1]
Tx_Buff                 0x20007b20  0x17d0  Data  Gb  ethernetif.o [1]
UART_SetConfig          0x0800d33f   0x30c  Code  Lc  stm32f4xx_hal_uart.o [1]
UART_WaitOnFlagUntilTimeout
                        0x0800d2cf    0x70  Code  Lc  stm32f4xx_hal_uart.o [1]
UsageFault_Handler      0x0800f0b9     0x2  Code  Gb  stm32f4xx_it.o [1]
_EncodingSb_Mbtowc      0x0800aaf3    0x30  Code  Gb  xencoding_sb.o [3]
_EncodingSb_Wctomb      0x0800aad9    0x1a  Code  Gb  xencoding_sb.o [3]
_GenldFull              0x08005bdf   0x24e  Code  Lc  xprintffull.o [3]
_IsdstStr               0x2000008c     0x4  Data  Gb  setlocale.o [3]
_LdtobFull              0x080057dd   0x3fc  Code  Lc  xprintffull.o [3]
_LitobFull              0x080056d5   0x106  Code  Lc  xprintffull.o [3]
_LocaleEncoding         0x0800aac5     0xe  Code  Gb  setlocale.o [3]
_LocaleReturnString     0x200000ac    0x50  Data  Lc  setlocale.o [3]
_Locale_Profile         0x20000090    0x1c  Data  Gb  setlocale.o [3]
_Locale_aeabi_lconv     0x20000050    0x38  Data  Gb  localeconv.o [3]
_Locale_lconv           0x20000000    0x50  Data  Gb  localeconv.o [3]
_Mbtowc                 0x08006cd5    0x20  Code  Gb  xmbtowc.o [3]
_PrintfFull             0x08004d21   0x61e  Code  Gb  xprintffull.o [3]
_Prout                  0x0800f8a9    0x16  Code  Gb  xprout.o [3]
_PutcharsFull           0x08005e2d    0x2e  Code  Lc  xprintffull.o [3]
_PutstrFull             0x080053c3   0x30c  Code  Lc  xprintffull.o [3]
_TzoneStr               0x20000088     0x4  Data  Gb  setlocale.o [3]
_Wctomb                 0x08006e59    0x1a  Code  Gb  xwctomb.o [3]
__aeabi_cdcmple         0x08007025          Code  Gb  DblCmpLe.o [4]
__aeabi_cdrcmple        0x08007055          Code  Gb  DblCmpGe.o [4]
__aeabi_d2iz            0x0800719d          Code  Gb  DblToI32.o [4]
__aeabi_d2uiz           0x080071c9          Code  Gb  DblToI32.o [4]
__aeabi_ddiv            0x08007549          Code  Gb  DblDiv.o [4]
__aeabi_dmul            0x080073a5          Code  Gb  DblMul.o [4]
__aeabi_dsub            0x08007225          Code  Gb  DblSub.o [4]
__aeabi_i2d             0x080071f5          Code  Gb  I32ToDbl.o [4]
__aeabi_ldiv0           0x0800ab65          Code  Gb  I64DivZer.o [5]
__aeabi_memclr4         0x08006c85          Code  Gb  ABImemclr4.o [5]
__aeabi_memset          0x08005e79          Code  Gb  ABImemset.o [5]
__aeabi_ui2d            0x08007209          Code  Gb  I32ToDbl.o [4]
__aeabi_uldivmod        0x08006ef5          Code  Gb  I64DivMod.o [5]
__cmain                 0x0800f6b1          Code  Gb  cmain.o [5]
__data_Aldata           0x2000a8f8     0x8  Data  Gb  xxmemxmalloc.o [3]
__data_GetMemChunk      0x0800ab39    0x2c  Code  Gb  xgetmemchunk.o [3]
__exit                  0x0800dd35    0x14  Code  Gb  exit.o [6]
__iar_Dnorm             0x08006fe3    0x42  Code  Gb  xdnorm.o [4]
__iar_Dscale            0x08007085   0x118  Code  Gb  xdscale.o [4]
__iar_Locale_lconv_init
                        0x080077a1    0x3a  Code  Gb  localeconv.o [3]
__iar_Mbcurmax          0x08006d9d     0xa  Code  Gb  xmbcurmax.o [3]
__iar_Memchr            0x08006d45          Code  Gb  memchr.o [5]
__iar_Memset            0x08005e79          Code  Gb  ABImemset.o [5]
__iar_Memset4_word      0x0800aa91          Code  Gb  ABImemset48.o [5]
__iar_Memset8_word      0x0800aa91          Code  Gb  ABImemset48.o [5]
__iar_Memset_word       0x08005e81          Code  Gb  ABImemset.o [5]
__iar_Stdout            0x200000fc    0x40  Data  Gb  xfiles.o [3]
__iar_Strchr            0x08006cf5          Code  Gb  strchr.o [5]
__iar_d2uiz             0x080071d5          Code  Gb  DblToI32.o [4]
__iar_dadd              0x0800ab69          Code  Gb  DblAdd.o [4]
__iar_data_init3        0x0800f0d9    0x28  Code  Gb  data_init.o [5]
__iar_dlib_perthread_access
                        0x0800ac3d     0x2  Code  Gb  xtls.o [3]
__iar_dsub              0x08007239          Code  Gb  DblSub.o [4]
__iar_dsubStart         0x0800724b          Code  Gb  DblSub.o [4]
__iar_init_vfp          0x0800f28d          Code  Gb  fpinit_M.o [4]
__iar_packbits_init3    0x0800dc7f    0xae  Code  Gb  packbits_init.o [5]
__iar_program_start     0x0800fc61          Code  Gb  cstartup_M.o [5]
__iar_ui2d              0x0800720d          Code  Gb  I32ToDbl.o [4]
__iar_unaligned___aeabi_memcpy
                        0x08004ca9          Code  Gb  ABImemcpy_unaligned.o [5]
__iar_unaligned___aeabi_memcpy4
                        0x08004cc9          Code  Gb  ABImemcpy_unaligned.o [5]
__iar_unaligned___aeabi_memcpy8
                        0x08004cc9          Code  Gb  ABImemcpy_unaligned.o [5]
__iar_unaligned_memcmp  0x0800d119          Code  Gb  memcmp_unaligned.o [5]
__iar_zero_init3        0x0800e3e5    0x40  Code  Gb  zero_init3.o [5]
__low_level_init        0x0800f6cb     0x4  Code  Gb  low_level_init.o [3]
__vector_table          0x08000000          Data  Gb  startup_stm32f427xx.o [1]
_call_main              0x0800f6bd          Code  Gb  cmain.o [5]
_exit                   0x0800f6d5          Code  Gb  cexit.o [5]
_main                   0x0800f6c7          Code  Gb  cmain.o [5]
abort                   0x0800dd2d     0x6  Code  Gb  abort.o [3]
ackno                   0x2000a9f4     0x4  Data  Lc  tcp_in.o [1]
arp_table               0x20009fb4    0xf0  Data  Lc  etharp.o [1]
cyclic_timer            0x0800420b    0x14  Code  Lc  timeouts.o [1]
defaultTaskHandle       0x2000a934     0x4  Data  Gb  main.o [1]
div                     0x0800780d     0xe  Code  Gb  div.o [3]
do_memp_free_pool       0x08004137    0x36  Code  Lc  memp.o [1]
do_memp_malloc_pool     0x080040c7    0x48  Code  Lc  memp.o [1]
etharp_cached_entry     0x2000aa32     0x1  Data  Lc  etharp.o [1]
etharp_cleanup_netif    0x0800b9dd    0x40  Code  Gb  etharp.o [1]
etharp_find_entry       0x0800b65d   0x284  Code  Lc  etharp.o [1]
etharp_free_entry       0x0800b51d    0x42  Code  Lc  etharp.o [1]
etharp_input            0x0800ba1d    0xde  Code  Gb  etharp.o [1]
etharp_output           0x0800bbeb   0x160  Code  Gb  etharp.o [1]
etharp_output_to_arp_index
                        0x0800bafb    0xf0  Code  Lc  etharp.o [1]
etharp_query            0x0800bd4b   0x1cc  Code  Gb  etharp.o [1]
etharp_raw              0x0800bf17    0xe4  Code  Lc  etharp.o [1]
etharp_request          0x0800c01d     0xa  Code  Gb  etharp.o [1]
etharp_request_dst      0x0800bffb    0x22  Code  Lc  etharp.o [1]
etharp_tmr              0x0800b55f    0xfe  Code  Gb  etharp.o [1]
etharp_update_arp_entry
                        0x0800b8e1    0xfc  Code  Lc  etharp.o [1]
ethbroadcast            0x0800fc6c     0x8  Data  Gb  ethernet.o [1]
ethernet_input          0x0800c8a1    0xbc  Code  Gb  ethernet.o [1]
ethernet_output         0x0800c95d    0x68  Code  Gb  ethernet.o [1]
ethernetif_init         0x08006769    0x34  Code  Gb  ethernetif.o [1]
ethernetif_input        0x08006731    0x38  Code  Gb  ethernetif.o [1]
ethernetif_notify_conn_changed
                        0x08006911     0x2  Code  Wk  ethernetif.o [1]
ethernetif_set_link     0x080067a5    0x52  Code  Gb  ethernetif.o [1]
ethernetif_update_config
                        0x080067f7    0xbe  Code  Gb  ethernetif.o [1]
ethzero                 0x0800fc74     0x8  Data  Gb  ethernet.o [1]
exit                    0x0800f6cf     0x4  Code  Gb  exit.o [3]
flags                   0x2000aa39     0x1  Data  Lc  tcp_in.o [1]
fputc                   0x0800ca7d    0x16  Code  Gb  main.o [1]
free                    0x08006e75    0x7a  Code  Gb  xxmemxfree.o [3]
gnetif                  0x2000a79c    0x34  Data  Gb  lwip.o [1]
gw                      0x2000a924     0x4  Data  Gb  lwip.o [1]
heth                    0x2000a698    0x48  Data  Gb  ethernetif.o [1]
hnand1                  0x2000a720    0x40  Data  Gb  main.o [1]
hsdram2                 0x2000a7d0    0x34  Data  Gb  main.o [1]
hsram3                  0x2000a5f8    0x50  Data  Gb  main.o [1]
htim13                  0x2000a760    0x3c  Data  Gb  stm32f4xx_hal_timebase_tim.o [1]
huart1                  0x2000a6e0    0x40  Data  Gb  main.o [1]
icmp_dest_unreach       0x080084d5     0xe  Code  Gb  icmp.o [1]
icmp_input              0x08008335   0x1a0  Code  Gb  icmp.o [1]
icmp_send_response      0x080084f1    0x88  Code  Lc  icmp.o [1]
icmp_time_exceeded      0x080084e3     0xe  Code  Gb  icmp.o [1]
inHandlerMode           0x08006927    0x12  Code  Lc  cmsis_os.o [1]
inseg                   0x2000a8d8    0x10  Data  Lc  tcp_in.o [1]
ip4_addr_isbroadcast_u32
                        0x0800277d    0x4c  Code  Gb  ip4_addr.o [1]
ip4_frag                0x08007eb1   0x1fe  Code  Gb  ip4_frag.o [1]
ip4_input               0x08005f5d   0x200  Code  Gb  ip4.o [1]
ip4_output_if           0x0800615d    0x2a  Code  Gb  ip4.o [1]
ip4_output_if_src       0x08006187    0xd6  Code  Gb  ip4.o [1]
ip4_reass               0x08007c7b   0x1ce  Code  Gb  ip4_frag.o [1]
ip4_route               0x08005ee1    0x7c  Code  Gb  ip4.o [1]
ip_addr_any             0x0800fcb4     0x4  Data  Gb  ip4_addr.o [1]
ip_data                 0x2000a85c    0x18  Data  Gb  ip.o [1]
ip_frag_alloc_pbuf_custom_ref
                        0x08007e49     0xa  Code  Lc  ip4_frag.o [1]
ip_frag_free_pbuf_custom_ref
                        0x08007e53    0x20  Code  Lc  ip4_frag.o [1]
ip_id                   0x2000aa24     0x2  Data  Lc  ip4.o [1]
ip_reass_chain_frag_into_datagram_and_validate
                        0x08007a89   0x1f2  Code  Lc  ip4_frag.o [1]
ip_reass_dequeue_datagram
                        0x08007a49    0x40  Code  Lc  ip4_frag.o [1]
ip_reass_enqueue_new_datagram
                        0x080079ed    0x5c  Code  Lc  ip4_frag.o [1]
ip_reass_free_complete_datagram
                        0x0800784b   0x112  Code  Lc  ip4_frag.o [1]
ip_reass_pbufcount      0x2000aa26     0x2  Data  Lc  ip4_frag.o [1]
ip_reass_remove_oldest_datagram
                        0x0800795d    0x90  Code  Lc  ip4_frag.o [1]
ip_reass_tmr            0x0800781d    0x2e  Code  Gb  ip4_frag.o [1]
ipaddr                  0x2000a91c     0x4  Data  Gb  lwip.o [1]
ipfrag_free_pbuf_custom
                        0x08007e73    0x3e  Code  Lc  ip4_frag.o [1]
lfree                   0x2000a944     0x4  Data  Lc  mem.o [1]
link_arg                0x2000a8f0     0x8  Data  Gb  lwip.o [1]
localeconv              0x080077db    0x16  Code  Gb  localeconv.o [3]
lock_tcpip_core         0x2000aa0c     0x4  Data  Gb  tcpip.o [1]
low_level_init          0x08006401   0x14c  Code  Lc  ethernetif.o [1]
low_level_input         0x08006633    0xfe  Code  Lc  ethernetif.o [1]
low_level_output        0x0800654d    0xe6  Code  Lc  ethernetif.o [1]
lwip_cyclic_timers      0x0800f890    0x18  Data  Gb  timeouts.o [1]
lwip_htonl              0x080027d5    0x18  Code  Gb  def.o [1]
lwip_htons              0x080027c9     0xc  Code  Gb  def.o [1]
lwip_init               0x08006c8d    0x48  Code  Gb  init.o [1]
lwip_sys_mutex          0x2000a994     0x4  Data  Gb  sys_arch.o [1]
main                    0x0800ca93    0xc6  Code  Gb  main.o [1]
makeFreeRtosPriority    0x08006915    0x12  Code  Lc  cmsis_os.o [1]
malloc                  0x08006da9    0xac  Code  Gb  xxmemxmalloc.o [3]
mbox                    0x2000aa08     0x4  Data  Lc  tcpip.o [1]
mem_free                0x080048f3    0xa4  Code  Gb  mem.o [1]
mem_init                0x0800486f    0x84  Code  Gb  mem.o [1]
mem_malloc              0x08004ae7   0x16c  Code  Gb  mem.o [1]
mem_mutex               0x2000a948     0x4  Data  Lc  mem.o [1]
mem_trim                0x08004997   0x150  Code  Gb  mem.o [1]
memchr                  0x08006d45          Code  Gb  memchr.o [5]
memp_FRAG_PBUF          0x0800fbd0     0xc  Data  Gb  memp.o [1]
memp_NETBUF             0x0800fbdc     0xc  Data  Gb  memp.o [1]
memp_NETCONN            0x0800fbe8     0xc  Data  Gb  memp.o [1]
memp_PBUF               0x0800fc18     0xc  Data  Gb  memp.o [1]
memp_PBUF_POOL          0x0800fc24     0xc  Data  Gb  memp.o [1]
memp_REASSDATA          0x0800fbc4     0xc  Data  Gb  memp.o [1]
memp_SYS_TIMEOUT        0x0800fc0c     0xc  Data  Gb  memp.o [1]
memp_TCPIP_MSG_API      0x0800fbf4     0xc  Data  Gb  memp.o [1]
memp_TCPIP_MSG_INPKT    0x0800fc00     0xc  Data  Gb  memp.o [1]
memp_TCP_PCB            0x0800fba0     0xc  Data  Gb  memp.o [1]
memp_TCP_PCB_LISTEN     0x0800fbac     0xc  Data  Gb  memp.o [1]
memp_TCP_SEG            0x0800fbb8     0xc  Data  Gb  memp.o [1]
memp_UDP_PCB            0x0800fb94     0xc  Data  Gb  memp.o [1]
memp_free               0x0800416d    0x2a  Code  Gb  memp.o [1]
memp_init               0x080040ab    0x1c  Code  Gb  memp.o [1]
memp_init_pool          0x08004081    0x2a  Code  Gb  memp.o [1]
memp_malloc             0x0800410f    0x28  Code  Gb  memp.o [1]
memp_memory_FRAG_PBUF_base
                        0x20009c40   0x16c  Data  Gb  memp.o [1]
memp_memory_NETBUF_base
                        0x2000a838    0x24  Data  Gb  memp.o [1]
memp_memory_NETCONN_base
                        0x2000a188    0xb4  Data  Gb  memp.o [1]
memp_memory_PBUF_POOL_base
                        0x20003d4c  0x2604  Data  Gb  memp.o [1]
memp_memory_PBUF_base   0x20009eb0   0x104  Data  Gb  memp.o [1]
memp_memory_REASSDATA_base
                        0x2000a23c    0xa4  Data  Gb  memp.o [1]
memp_memory_SYS_TIMEOUT_base
                        0x2000a804    0x34  Data  Gb  memp.o [1]
memp_memory_TCPIP_MSG_API_base
                        0x2000a3f0    0x84  Data  Gb  memp.o [1]
memp_memory_TCPIP_MSG_INPKT_base
                        0x2000a474    0x84  Data  Gb  memp.o [1]
memp_memory_TCP_PCB_LISTEN_base
                        0x2000a0a4    0xe4  Data  Gb  memp.o [1]
memp_memory_TCP_PCB_base
                        0x20009944   0x2fc  Data  Gb  memp.o [1]
memp_memory_TCP_SEG_base
                        0x20009dac   0x104  Data  Gb  memp.o [1]
memp_memory_UDP_PCB_base
                        0x2000a36c    0x84  Data  Gb  memp.o [1]
memp_pools              0x0800e64c    0x34  Data  Gb  memp.o [1]
memp_tab_FRAG_PBUF      0x2000a960     0x4  Data  Lc  memp.o [1]
memp_tab_NETBUF         0x2000a964     0x4  Data  Lc  memp.o [1]
memp_tab_NETCONN        0x2000a968     0x4  Data  Lc  memp.o [1]
memp_tab_PBUF           0x2000a978     0x4  Data  Lc  memp.o [1]
memp_tab_PBUF_POOL      0x2000a97c     0x4  Data  Lc  memp.o [1]
memp_tab_REASSDATA      0x2000a95c     0x4  Data  Lc  memp.o [1]
memp_tab_SYS_TIMEOUT    0x2000a974     0x4  Data  Lc  memp.o [1]
memp_tab_TCPIP_MSG_API  0x2000a96c     0x4  Data  Lc  memp.o [1]
memp_tab_TCPIP_MSG_INPKT
                        0x2000a970     0x4  Data  Lc  memp.o [1]
memp_tab_TCP_PCB        0x2000a950     0x4  Data  Lc  memp.o [1]
memp_tab_TCP_PCB_LISTEN
                        0x2000a954     0x4  Data  Lc  memp.o [1]
memp_tab_TCP_SEG        0x2000a958     0x4  Data  Lc  memp.o [1]
memp_tab_UDP_PCB        0x2000a94c     0x4  Data  Lc  memp.o [1]
myMutex01Handle         0x2000a938     0x4  Data  Gb  main.o [1]
netif_add               0x08009617    0x80  Code  Gb  netif.o [1]
netif_default           0x2000a984     0x4  Data  Gb  netif.o [1]
netif_init              0x08009615     0x2  Code  Gb  netif.o [1]
netif_issue_reports     0x0800978b    0x1c  Code  Lc  netif.o [1]
netif_list              0x2000a980     0x4  Data  Gb  netif.o [1]
netif_num               0x2000aa33     0x1  Data  Lc  netif.o [1]
netif_set_addr          0x08009697    0x48  Code  Gb  netif.o [1]
netif_set_default       0x0800973f     0x6  Code  Gb  netif.o [1]
netif_set_down          0x080097a7    0x24  Code  Gb  netif.o [1]
netif_set_gw            0x08009723     0xe  Code  Gb  netif.o [1]
netif_set_ipaddr        0x080096df    0x44  Code  Gb  netif.o [1]
netif_set_link_callback
                        0x08009823     0x8  Code  Gb  netif.o [1]
netif_set_link_down     0x08009801    0x22  Code  Gb  netif.o [1]
netif_set_link_up       0x080097cb    0x36  Code  Gb  netif.o [1]
netif_set_netmask       0x08009731     0xe  Code  Gb  netif.o [1]
netif_set_up            0x08009765    0x26  Code  Gb  netif.o [1]
netmask                 0x2000a920     0x4  Data  Gb  lwip.o [1]
next_timeout            0x2000aa10     0x4  Data  Lc  timeouts.o [1]
obuf                    0x2000a648    0x50  Data  Lc  xfiles.o [3]
osDelay                 0x08006987    0x16  Code  Gb  cmsis_os.o [1]
osKernelStart           0x08006939     0xa  Code  Gb  cmsis_os.o [1]
osKernelSysTick         0x08006943    0x16  Code  Gb  cmsis_os.o [1]
osMessageCreate         0x08006b65     0xe  Code  Gb  cmsis_os.o [1]
osMessageGet            0x08006bd3    0xac  Code  Gb  cmsis_os.o [1]
osMessagePut            0x08006b73    0x60  Code  Gb  cmsis_os.o [1]
osMutexCreate           0x0800699d     0xa  Code  Gb  cmsis_os.o [1]
osMutexRelease          0x08006a1f    0x52  Code  Gb  cmsis_os.o [1]
osMutexWait             0x080069a7    0x78  Code  Gb  cmsis_os.o [1]
osSemaphoreCreate       0x08006a71    0x2a  Code  Gb  cmsis_os.o [1]
osSemaphoreRelease      0x08006b13    0x52  Code  Gb  cmsis_os.o [1]
osSemaphoreWait         0x08006a9b    0x78  Code  Gb  cmsis_os.o [1]
osThreadCreate          0x08006959    0x2e  Code  Gb  cmsis_os.o [1]
os_mutex_def_lwip_sys_mutex
                        0x0800fcc8     0x4  Data  Gb  sys_arch.o [1]
pbuf_alloc              0x08001e31   0x29a  Code  Gb  pbuf.o [1]
pbuf_alloced_custom     0x080020cb    0x86  Code  Gb  pbuf.o [1]
pbuf_cat                0x0800247f    0x78  Code  Gb  pbuf.o [1]
pbuf_clen               0x0800243b    0x12  Code  Gb  pbuf.o [1]
pbuf_copy               0x080024f7   0x13e  Code  Gb  pbuf.o [1]
pbuf_copy_partial       0x08002635    0xb8  Code  Gb  pbuf.o [1]
pbuf_free               0x08002347    0xf4  Code  Gb  pbuf.o [1]
pbuf_free_ooseq         0x08001db5    0x34  Code  Lc  pbuf.o [1]
pbuf_free_ooseq_callback
                        0x08001de9     0x8  Code  Lc  pbuf.o [1]
pbuf_free_ooseq_pending
                        0x2000aa34     0x1  Data  Gb  pbuf.o [1]
pbuf_header             0x0800232f     0xc  Code  Gb  pbuf.o [1]
pbuf_header_force       0x0800233b     0xc  Code  Gb  pbuf.o [1]
pbuf_header_impl        0x08002247    0xe8  Code  Lc  pbuf.o [1]
pbuf_pool_is_empty      0x08001df1    0x40  Code  Lc  pbuf.o [1]
pbuf_realloc            0x08002151    0xf6  Code  Gb  pbuf.o [1]
pbuf_ref                0x0800244d    0x32  Code  Gb  pbuf.o [1]
pcInterruptPriorityRegisters
                        0x0800fcc0     0x4  Data  Lc  port.o [1]
plug_holes              0x08004775    0xfa  Code  Lc  mem.o [1]
printf                  0x080027ed    0x24  Code  Gb  printf.o [3]
prvAddCurrentTaskToDelayedList
                        0x0800a1b9    0x80  Code  Lc  tasks.o [1]
prvAddNewTaskToReadyList
                        0x08009943    0xb8  Code  Lc  tasks.o [1]
prvCheckTasksWaitingTermination
                        0x08009f45    0x5a  Code  Lc  tasks.o [1]
prvCopyDataFromQueue    0x0800a9bb    0x2a  Code  Lc  queue.o [1]
prvCopyDataToQueue      0x0800a939    0x82  Code  Lc  queue.o [1]
prvDeleteTCB            0x08009fa5    0x12  Code  Lc  tasks.o [1]
prvHeapInit             0x0800c1f1    0x64  Code  Lc  heap_4.o [1]
prvIdleTask             0x08009eb9    0x22  Code  Lc  tasks.o [1]
prvInitialiseMutex      0x0800a36d    0x1e  Code  Lc  queue.o [1]
prvInitialiseNewQueue   0x0800a351    0x1c  Code  Lc  queue.o [1]
prvInitialiseNewTask    0x080098a3    0xa0  Code  Lc  tasks.o [1]
prvInitialiseTaskLists  0x08009ee9    0x52  Code  Lc  tasks.o [1]
prvInsertBlockIntoFreeList
                        0x0800c255    0x5c  Code  Lc  heap_4.o [1]
prvIsQueueEmpty         0x0800aa53    0x1c  Code  Lc  queue.o [1]
prvIsQueueFull          0x0800aa6f    0x1e  Code  Lc  queue.o [1]
prvResetNextTaskUnblockTime
                        0x08009fb7    0x2c  Code  Lc  tasks.o [1]
prvTaskExitError        0x0800c391    0x2a  Code  Lc  port.o [1]
prvUnlockQueue          0x0800a9e5    0x6e  Code  Lc  queue.o [1]
putchar                 0x0800f8c1     0xc  Code  Gb  putchar.o [3]
pvPortMalloc            0x0800c075   0x108  Code  Gb  heap_4.o [1]
pvTaskIncrementMutexHeldCount
                        0x0800a175    0x1e  Code  Gb  tasks.o [1]
pxCurrentTCB            0x2000a998     0x4  Data  Gb  tasks.o [1]
pxDelayedTaskList       0x2000a99c     0x4  Data  Lc  tasks.o [1]
pxEnd                   0x2000a904     0x4  Data  Lc  heap_4.o [1]
pxOverflowDelayedTaskList
                        0x2000a9a0     0x4  Data  Lc  tasks.o [1]
pxPortInitialiseStack   0x0800c369    0x28  Code  Gb  port.o [1]
pxReadyTasksLists       0x2000a2e0    0x8c  Data  Lc  tasks.o [1]
ram                     0x2000a93c     0x4  Data  Lc  mem.o [1]
ram_end                 0x2000a940     0x4  Data  Lc  mem.o [1]
ram_heap                0x200092f0   0x654  Data  Gb  mem.o [1]
reassdatagrams          0x2000a914     0x4  Data  Lc  ip4_frag.o [1]
recv_acked              0x2000aa2e     0x2  Data  Lc  tcp_in.o [1]
recv_data               0x2000a9f8     0x4  Data  Lc  tcp_in.o [1]
recv_flags              0x2000aa3a     0x1  Data  Lc  tcp_in.o [1]
s_xSemaphore            0x2000a900     0x4  Data  Gb  ethernetif.o [1]
seqno                   0x2000a9f0     0x4  Data  Lc  tcp_in.o [1]
strchr                  0x08006cf5          Code  Gb  strchr.o [5]
strlen                  0x08006d0d          Code  Gb  strlen.o [5]
sys_arch_mbox_fetch     0x08004471    0x4c  Code  Gb  sys_arch.o [1]
sys_arch_protect        0x08004541    0x12  Code  Gb  sys_arch.o [1]
sys_arch_unprotect      0x08004553     0xc  Code  Gb  sys_arch.o [1]
sys_check_timeouts      0x08004315    0x64  Code  Lc  timeouts.o [1]
sys_init                0x080044cb     0xe  Code  Gb  sys_arch.o [1]
sys_mbox_new            0x08004415    0x2a  Code  Gb  sys_arch.o [1]
sys_mbox_post           0x0800443f    0x18  Code  Gb  sys_arch.o [1]
sys_mbox_trypost        0x08004457    0x1a  Code  Gb  sys_arch.o [1]
sys_mbox_valid          0x080044bd     0xe  Code  Gb  sys_arch.o [1]
sys_mutex_lock          0x080044fd     0xe  Code  Gb  sys_arch.o [1]
sys_mutex_new           0x080044d9    0x24  Code  Gb  sys_arch.o [1]
sys_mutex_unlock        0x0800450b     0xa  Code  Gb  sys_arch.o [1]
sys_now                 0x0800679d     0x8  Code  Gb  ethernetif.o [1]
sys_thread_new          0x08004515    0x2c  Code  Gb  sys_arch.o [1]
sys_timeout             0x08004247    0xce  Code  Gb  timeouts.o [1]
sys_timeouts_init       0x0800421f    0x28  Code  Gb  timeouts.o [1]
sys_timeouts_mbox_fetch
                        0x080043ab    0x3a  Code  Gb  timeouts.o [1]
sys_timeouts_sleeptime  0x08004379    0x32  Code  Lc  timeouts.o [1]
tcp_abandon             0x08002aa5   0x10a  Code  Gb  tcp.o [1]
tcp_abort               0x08002baf     0xa  Code  Gb  tcp.o [1]
tcp_active_pcbs         0x2000a9e0     0x4  Data  Gb  tcp.o [1]
tcp_active_pcbs_changed
                        0x2000aa36     0x1  Data  Gb  tcp.o [1]
tcp_alloc               0x08003369    0xba  Code  Gb  tcp.o [1]
tcp_backoff             0x0800fa88    0x10  Data  Lc  tcp.o [1]
tcp_bound_pcbs          0x2000a9d8     0x4  Data  Gb  tcp.o [1]
tcp_close               0x08002a8d    0x18  Code  Gb  tcp.o [1]
tcp_close_shutdown      0x08002899   0x164  Code  Lc  tcp.o [1]
tcp_close_shutdown_fin  0x080029fd    0x90  Code  Lc  tcp.o [1]
tcp_create_segment      0x0800372d    0xde  Code  Lc  tcp_out.o [1]
tcp_eff_send_mss_impl   0x08003535    0x30  Code  Gb  tcp.o [1]
tcp_enqueue_flags       0x0800380b   0x18c  Code  Gb  tcp_out.o [1]
tcp_fasttmr             0x080030cd    0x86  Code  Gb  tcp.o [1]
tcp_getoptbyte          0x08001c65    0x48  Code  Lc  tcp_in.o [1]
tcp_init                0x08002811     0x2  Code  Gb  tcp.o [1]
tcp_input               0x080001ad   0x5ea  Code  Gb  tcp_in.o [1]
tcp_input_delayed_close
                        0x08000797    0x42  Code  Lc  tcp_in.o [1]
tcp_input_pcb           0x2000a9fc     0x4  Data  Gb  tcp_in.o [1]
tcp_keepalive           0x08003f47    0x58  Code  Gb  tcp_out.o [1]
tcp_kill_prio           0x08003277    0x4e  Code  Lc  tcp.o [1]
tcp_kill_state          0x080032c9    0x62  Code  Lc  tcp.o [1]
tcp_kill_timewait       0x08003331    0x38  Code  Lc  tcp.o [1]
tcp_listen_closed       0x0800284b    0x4e  Code  Lc  tcp.o [1]
tcp_listen_input        0x080007d9   0x12c  Code  Lc  tcp_in.o [1]
tcp_listen_pcbs         0x2000a9dc     0x4  Data  Gb  tcp.o [1]
tcp_netif_ip_addr_changed
                        0x08003587    0x4a  Code  Gb  tcp.o [1]
tcp_netif_ip_addr_changed_pcblist
                        0x08003565    0x22  Code  Lc  tcp.o [1]
tcp_next_iss            0x08003519    0x14  Code  Gb  tcp.o [1]
tcp_oos_insert_segment  0x08000f7d    0x8c  Code  Lc  tcp_in.o [1]
tcp_optidx              0x2000aa2c     0x2  Data  Lc  tcp_in.o [1]
tcp_output              0x08003a21   0x294  Code  Gb  tcp_out.o [1]
tcp_output_alloc_header
                        0x0800363d    0xa6  Code  Lc  tcp_out.o [1]
tcp_output_segment      0x08003cbd    0xba  Code  Lc  tcp_out.o [1]
tcp_parseopt            0x08001cad    0x8c  Code  Lc  tcp_in.o [1]
tcp_pcb_lists           0x0800fa98    0x10  Data  Gb  tcp.o [1]
tcp_pcb_purge           0x08003425    0x52  Code  Gb  tcp.o [1]
tcp_pcb_remove          0x08003477    0x9c  Code  Gb  tcp.o [1]
tcp_persist_backoff     0x0800fca4     0x8  Data  Lc  tcp.o [1]
tcp_process             0x080009bd   0x5b6  Code  Lc  tcp_in.o [1]
tcp_process_refused_data
                        0x0800316d    0x8c  Code  Gb  tcp.o [1]
tcp_receive             0x08001075   0xbf0  Code  Lc  tcp_in.o [1]
tcp_recv_null           0x08003251    0x26  Code  Gb  tcp.o [1]
tcp_recved              0x08002c1d    0x7c  Code  Gb  tcp.o [1]
tcp_remove_listener     0x08002837    0x14  Code  Lc  tcp.o [1]
tcp_rexmit              0x08003e79    0x62  Code  Gb  tcp_out.o [1]
tcp_rexmit_fast         0x08003edb    0x6c  Code  Gb  tcp_out.o [1]
tcp_rexmit_rto          0x08003e3d    0x3c  Code  Gb  tcp_out.o [1]
tcp_rst                 0x08003d79    0x94  Code  Gb  tcp_out.o [1]
tcp_seg_copy            0x08003229    0x28  Code  Gb  tcp.o [1]
tcp_seg_free            0x0800320b    0x1e  Code  Gb  tcp.o [1]
tcp_segs_free           0x080031f9    0x12  Code  Gb  tcp.o [1]
tcp_send_empty_ack      0x080039a1    0x80  Code  Gb  tcp_out.o [1]
tcp_send_fin            0x080036e3    0x4a  Code  Gb  tcp_out.o [1]
tcp_slowtmr             0x08002ca9   0x418  Code  Gb  tcp.o [1]
tcp_ticks               0x2000a9d4     0x4  Data  Gb  tcp.o [1]
tcp_timer               0x2000aa37     0x1  Data  Lc  tcp.o [1]
tcp_timer_ctr           0x2000aa38     0x1  Data  Lc  tcp.o [1]
tcp_timer_needed        0x080041df    0x2c  Code  Gb  timeouts.o [1]
tcp_timewait_input      0x08000905    0x96  Code  Lc  tcp_in.o [1]
tcp_tmr                 0x08002813    0x24  Code  Gb  tcp.o [1]
tcp_trigger_input_pcb_close
                        0x08001d3d     0xe  Code  Gb  tcp_in.o [1]
tcp_tw_pcbs             0x2000a9e4     0x4  Data  Gb  tcp.o [1]
tcp_update_rcv_ann_wnd  0x08002bb9    0x64  Code  Gb  tcp.o [1]
tcp_zero_window_probe   0x08003f9f    0xe2  Code  Gb  tcp_out.o [1]
tcphdr                  0x2000a9e8     0x4  Data  Lc  tcp_in.o [1]
tcphdr_opt1len          0x2000aa2a     0x2  Data  Lc  tcp_in.o [1]
tcphdr_opt2             0x2000a9ec     0x4  Data  Lc  tcp_in.o [1]
tcphdr_optlen           0x2000aa28     0x2  Data  Lc  tcp_in.o [1]
tcpip_callback_with_block
                        0x0800467f    0x64  Code  Gb  tcpip.o [1]
tcpip_init              0x080046e3    0x58  Code  Gb  tcpip.o [1]
tcpip_init_done         0x2000aa00     0x4  Data  Lc  tcpip.o [1]
tcpip_init_done_arg     0x2000aa04     0x4  Data  Lc  tcpip.o [1]
tcpip_inpkt             0x0800460b    0x58  Code  Gb  tcpip.o [1]
tcpip_input             0x08004663    0x1c  Code  Gb  tcpip.o [1]
tcpip_tcp_timer         0x080041b5    0x2a  Code  Lc  timeouts.o [1]
tcpip_tcp_timer_active  0x2000aa18     0x4  Data  Lc  timeouts.o [1]
tcpip_thread            0x08004571    0x9a  Code  Lc  tcpip.o [1]
tcplen                  0x2000aa30     0x2  Data  Lc  tcp_in.o [1]
timeouts_last_time      0x2000aa14     0x4  Data  Lc  timeouts.o [1]
ucHeap                  0x2000014c  0x3c00  Data  Lc  heap_4.o [1]
ucMaxSysCallPriority    0x2000aa35     0x1  Data  Lc  port.o [1]
udp_init                0x08008101     0x2  Code  Gb  udp.o [1]
udp_input               0x08008155   0x194  Code  Gb  udp.o [1]
udp_input_local_match   0x08008103    0x52  Code  Lc  udp.o [1]
udp_netif_ip_addr_changed
                        0x080082e9    0x32  Code  Gb  udp.o [1]
udp_pcbs                0x2000aa1c     0x4  Data  Gb  udp.o [1]
ulMaxPRIGROUPValue      0x2000a988     0x4  Data  Lc  port.o [1]
uwTick                  0x2000a98c     0x4  Data  Gb  stm32f4xx_hal.o [1]
uwTickFreq              0x20000148     0x1  Data  Gb  stm32f4xx_hal.o [1]
uxCriticalNesting       0x2000013c     0x4  Data  Lc  port.o [1]
uxCurrentNumberOfTasks  0x2000a9a8     0x4  Data  Lc  tasks.o [1]
uxDeletedTasksWaitingCleanUp
                        0x2000a9a4     0x4  Data  Lc  tasks.o [1]
uxListRemove            0x0800c343    0x26  Code  Gb  list.o [1]
uxPendedTicks           0x2000a9b8     0x4  Data  Lc  tasks.o [1]
uxSchedulerSuspended    0x2000a9d0     0x4  Data  Lc  tasks.o [1]
uxTaskNumber            0x2000a9c4     0x4  Data  Lc  tasks.o [1]
uxTopReadyPriority      0x2000a9b0     0x4  Data  Lc  tasks.o [1]
vListInitialise         0x0800c2d1    0x1e  Code  Gb  list.o [1]
vListInitialiseItem     0x0800c2ef     0x6  Code  Gb  list.o [1]
vListInsert             0x0800c30d    0x36  Code  Gb  list.o [1]
vListInsertEnd          0x0800c2f5    0x18  Code  Gb  list.o [1]
vPortEnableVFP          0x0800ca61          Code  Gb  portasm.o [1]
vPortEnterCritical      0x0800c487    0x3a  Code  Gb  port.o [1]
vPortExitCritical       0x0800c4c1    0x32  Code  Gb  port.o [1]
vPortFree               0x0800c17d    0x74  Code  Gb  heap_4.o [1]
vPortSetupTimerInterrupt
                        0x0800c51b    0x1a  Code  Wk  port.o [1]
vPortStartFirstTask     0x0800ca49          Code  Gb  portasm.o [1]
vPortValidateInterruptPriority
                        0x0800c535    0x4a  Code  Gb  port.o [1]
vTaskDelay              0x080099fb    0x4c  Code  Gb  tasks.o [1]
vTaskMissedYield        0x08009ead     0xa  Code  Gb  tasks.o [1]
vTaskPlaceOnEventList   0x08009d5d    0x2e  Code  Gb  tasks.o [1]
vTaskPriorityInherit    0x0800a011    0xaa  Code  Gb  tasks.o [1]
vTaskSetTimeOutState    0x08009e05    0x26  Code  Gb  tasks.o [1]
vTaskStartScheduler     0x08009a47    0x66  Code  Gb  tasks.o [1]
vTaskSuspendAll         0x08009aad    0x10  Code  Gb  tasks.o [1]
vTaskSwitchContext      0x08009cef    0x6e  Code  Gb  tasks.o [1]
xBlockAllocatedBit      0x2000a910     0x4  Data  Lc  heap_4.o [1]
xDelayedTaskList1       0x2000a874    0x14  Data  Lc  tasks.o [1]
xDelayedTaskList2       0x2000a888    0x14  Data  Lc  tasks.o [1]
xFreeBytesRemaining     0x2000a908     0x4  Data  Lc  heap_4.o [1]
xHeapStructSize         0x0800fcb0     0x4  Data  Lc  heap_4.o [1]
xIdleTaskHandle         0x2000a9cc     0x4  Data  Lc  tasks.o [1]
xMinimumEverFreeBytesRemaining
                        0x2000a90c     0x4  Data  Lc  heap_4.o [1]
xNextTaskUnblockTime    0x2000a9c8     0x4  Data  Lc  tasks.o [1]
xNumOfOverflows         0x2000a9c0     0x4  Data  Lc  tasks.o [1]
xPendingReadyList       0x2000a89c    0x14  Data  Lc  tasks.o [1]
xPortStartScheduler     0x0800c3bb    0xcc  Code  Gb  port.o [1]
xQueueCreateMutex       0x0800a38b    0x1c  Code  Gb  queue.o [1]
xQueueGenericCreate     0x0800a307    0x4a  Code  Gb  queue.o [1]
xQueueGenericReceive    0x0800a6c9   0x1be  Code  Gb  queue.o [1]
xQueueGenericReset      0x0800a275    0x92  Code  Gb  queue.o [1]
xQueueGenericSend       0x0800a3a7   0x196  Code  Gb  queue.o [1]
xQueueGenericSendFromISR
                        0x0800a53d    0xd8  Code  Gb  queue.o [1]
xQueueGiveFromISR       0x0800a615    0xb4  Code  Gb  queue.o [1]
xQueueReceiveFromISR    0x0800a887    0xb2  Code  Gb  queue.o [1]
xSchedulerRunning       0x2000a9b4     0x4  Data  Lc  tasks.o [1]
xStart                  0x2000a8e8     0x8  Data  Lc  heap_4.o [1]
xSuspendedTaskList      0x2000a8c4    0x14  Data  Lc  tasks.o [1]
xTaskCheckForTimeOut    0x08009e2b    0x82  Code  Gb  tasks.o [1]
xTaskCreate             0x0800982d    0x76  Code  Gb  tasks.o [1]
xTaskGetSchedulerState  0x08009fe3    0x20  Code  Gb  tasks.o [1]
xTaskGetTickCount       0x08009bb7     0x8  Code  Gb  tasks.o [1]
xTaskGetTickCountFromISR
                        0x08009bbf    0x10  Code  Gb  tasks.o [1]
xTaskIncrementTick      0x08009bcf   0x120  Code  Gb  tasks.o [1]
xTaskPriorityDisinherit
                        0x0800a0bb    0xb4  Code  Gb  tasks.o [1]
xTaskRemoveFromEventList
                        0x08009d8b    0x7a  Code  Gb  tasks.o [1]
xTaskResumeAll          0x08009abd    0xfa  Code  Gb  tasks.o [1]
xTasksWaitingTermination
                        0x2000a8b0    0x14  Data  Lc  tasks.o [1]
xTickCount              0x2000a9ac     0x4  Data  Lc  tasks.o [1]
xYieldPending           0x2000a9bc     0x4  Data  Lc  tasks.o [1]


[1] = D:\Projects\Promet-S\Eth427\EWARM\Eth427\Obj
[2] = command line
[3] = dl7M_tlf.a
[4] = m7M_tls.a
[5] = rt7M_tl.a
[6] = shb_l.a

  57 408 bytes of readonly  code memory
   7 703 bytes of readonly  data memory
  55 867 bytes of readwrite data memory

Errors: none
Warnings: none
